******************************************************************************
                  TI ARM Linker PC v15.12.7                    
******************************************************************************
>> Linked Mon Feb 19 16:03:24 2018

OUTPUT FILE NAME:   <BMS_Master_Code.out>
ENTRY POINT SYMBOL: "_c_int00"  address: 00007af0


MEMORY CONFIGURATION

         name            origin    length      used     unused   attr    fill
----------------------  --------  ---------  --------  --------  ----  --------
  VECTORS               00000000   00000020  00000020  00000000     X
  FLASH0                00000020   0013ffe0  00008c8c  00137354  R  X
  STACKS                08000000   00001500  00000000  00001500  RW  
  RAM                   08001500   0002eb00  00000048  0002eab8  RW  


SEGMENT ALLOCATION MAP

run origin  load origin   length   init length attrs members
----------  ----------- ---------- ----------- ----- -------
00000000    00000000    00008cac   00008cac    r-x
  00000000    00000000    00000020   00000020    r-x .intvecs
  00000020    00000020    00008850   00008850    r-x .text
  00008870    00008870    00000400   00000400    r-- .const
  00008c70    00008c70    0000003c   0000003c    r-- .cinit
08001500    08001500    00000048   00000000    rw-
  08001500    08001500    0000002c   00000000    rw- .bss
  0800152c    0800152c    0000001c   00000000    rw- .data


SECTION ALLOCATION MAP

 output                                  attributes/
section   page    origin      length       input sections
--------  ----  ----------  ----------   ----------------
.intvecs   0    00000000    00000020     
                  00000000    00000020     sys_intvecs.obj (.intvecs)

.text      0    00000020    00008850     
                  00000020    00002cdc     sys_selftest.obj (.text)
                  00002cfc    00000ecc     pl455.obj (.text)
                  00003bc8    00000b2c     system.obj (.text)
                  000046f4    00000a54     sys_vim.obj (.text)
                  00005148    00000a2c     sci.obj (.text)
                  00005b74    000008c0     pinmux.obj (.text)
                  00006434    00000638     rti.obj (.text)
                  00006a6c    000005e8     esm.obj (.text)
                  00007054    00000484     gio.obj (.text)
                  000074d8    0000034c     sys_core.obj (.text)
                  00007824    000002cc     sys_vim.obj (.text:retain)
                  00007af0    000002ac     sys_startup.obj (.text:retain)
                  00007d9c    000001a8     notification.obj (.text)
                  00007f44    00000180     rtsv7R4_A_be_v3D16_eabi.lib : memcpy32.obj (.text)
                  000080c4    0000013c                                 : s_floor.obj (.text)
                  00008200    00000114     esm.obj (.text:retain)
                  00008314    000000e8     dabort.obj (.text)
                  000083fc    000000e0     sys_pmu.obj (.text)
                  000084dc    000000b0     rtsv7R4_A_be_v3D16_eabi.lib : memset32.obj (.text)
                  0000858c    000000a8                                 : autoinit.obj (.text)
                  00008634    0000009c                                 : copy_decompress_rle.obj (.text)
                  000086d0    00000090                                 : exit.obj (.text)
                  00008760    00000084                                 : cpy_tbl.obj (.text)
                  000087e4    00000044     sys_main.obj (.text)
                  00008828    00000024     rtsv7R4_A_be_v3D16_eabi.lib : _lock.obj (.text)
                  0000884c    00000014                                 : copy_decompress_none.obj (.text:decompress:none)
                  00008860    00000008                                 : copy_decompress_rle.obj (.text:decompress:rle24)
                  00008868    00000004     sys_phantom.obj (.text:retain)
                  0000886c    00000004     rtsv7R4_A_be_v3D16_eabi.lib : startup.obj (.text)

.const     0    00008870    00000400     
                  00008870    00000200     pl455.obj (.const:crc16_table)
                  00008a70    00000200     sys_vim.obj (.const:s_vim_init)

.cinit     0    00008c70    0000003c     
                  00008c70    00000015     (.cinit..data.load) [load image, compression = rle]
                  00008c85    00000003     --HOLE-- [fill = 0]
                  00008c88    00000009     (.cinit..bss.load) [load image, compression = rle]
                  00008c91    00000003     --HOLE-- [fill = 0]
                  00008c94    00000008     (__TI_handler_table)
                  00008c9c    00000010     (__TI_cinit_table)

.bss       0    08001500    0000002c     UNINITIALIZED
                  08001500    00000028     sci.obj (.bss:g_sciTransfer_t)
                  08001528    00000004     pl455.obj (.bss)

.data      0    0800152c    0000001c     UNINITIALIZED
                  0800152c    0000000c     rtsv7R4_A_be_v3D16_eabi.lib : exit.obj (.data:$O1$$)
                  08001538    00000008                                 : _lock.obj (.data:$O1$$)
                  08001540    00000008     sys_main.obj (.data)

MODULE SUMMARY

       Module                     code    ro data   rw data
       ------                     ----    -------   -------
    .\source\
       sys_selftest.obj           11484   0         0      
       pl455.obj                  3788    512       4      
       sys_vim.obj                3360    512       0      
       system.obj                 2860    0         0      
       sci.obj                    2604    0         40     
       pinmux.obj                 2240    0         0      
       esm.obj                    1788    0         0      
       rti.obj                    1592    0         0      
       gio.obj                    1156    0         0      
       sys_core.obj               844     0         0      
       sys_startup.obj            684     0         0      
       notification.obj           424     0         0      
       dabort.obj                 232     0         0      
       sys_pmu.obj                224     0         0      
       sys_main.obj               68      0         8      
       sys_intvecs.obj            32      0         0      
       sys_phantom.obj            4       0         0      
    +--+--------------------------+-------+---------+---------+
       Total:                     33384   1024      52     
                                                           
    C:\ti\ccsv6\tools\compiler\ti-cgt-arm_15.12.7.LTS\lib\rtsv7R4_A_be_v3D16_eabi.lib
       memcpy32.obj               384     0         0      
       s_floor.obj                316     0         0      
       memset32.obj               176     0         0      
       autoinit.obj               168     0         0      
       copy_decompress_rle.obj    164     0         0      
       exit.obj                   144     0         12     
       cpy_tbl.obj                132     0         0      
       _lock.obj                  36      0         8      
       copy_decompress_none.obj   20      0         0      
       startup.obj                4       0         0      
    +--+--------------------------+-------+---------+---------+
       Total:                     1544    0         20     
                                                           
       Linker Generated:          0       54        0      
    +--+--------------------------+-------+---------+---------+
       Grand Total:               34928   1078      72     


LINKER GENERATED COPY TABLES

__TI_cinit_table @ 00008c9c records: 2, size/record: 8, table size: 16
	.data: load addr=00008c70, load size=00000015 bytes, run addr=0800152c, run size=0000001c bytes, compression=rle
	.bss: load addr=00008c88, load size=00000009 bytes, run addr=08001500, run size=0000002c bytes, compression=rle


LINKER GENERATED HANDLER TABLE

__TI_handler_table @ 00008c94 records: 2, size/record: 4, table size: 8
	index: 0, handler: __TI_decompress_rle24
	index: 1, handler: __TI_decompress_none


GLOBAL SYMBOLS: SORTED ALPHABETICALLY BY Name 

address   name                                
-------   ----                                
000039dc  B2SDWORD                            
00003a30  B2SINT24                            
000039a4  B2SWORD                             
000086d0  C$$EXIT                             
00003a70  CRC16                               
00002cfc  CommClear                           
00002d60  CommReset                           
00002de8  GetFaultStat                        
000067a0  IsdwdKeySequenceCorrect             
08001544  RTI_TIMEOUT                         
0000380c  ReadFrameReq                        
00003628  ReadReg                             
00002db0  ResetPL455                          
UNDEFED   SHT$$INIT_ARRAY$$Base               
UNDEFED   SHT$$INIT_ARRAY$$Limit              
08001540  UART_RX_RDY                         
0000385c  WaitRespFrame                       
00002db4  WakePL455                           
00003400  WriteFrame                          
00002e10  WriteReg                            
00008c9c  __TI_CINIT_Base                     
00008cac  __TI_CINIT_Limit                    
00008c94  __TI_Handler_Table_Base             
00008c9c  __TI_Handler_Table_Limit            
0000781c  __TI_PINIT_Base                     
00007820  __TI_PINIT_Limit                    
0000858c  __TI_auto_init                      
0800152c  __TI_cleanup_ptr                    
0000884c  __TI_decompress_none                
00008860  __TI_decompress_rle24               
08001530  __TI_dtors_ptr                      
08001534  __TI_enable_exit_profile_output     
ffffffff  __TI_pprof_out_hndl                 
ffffffff  __TI_prof_data_size                 
ffffffff  __TI_prof_data_start                
00000000  __TI_static_base__                  
000084dc  __aeabi_memclr                      
000084dc  __aeabi_memclr4                     
000084dc  __aeabi_memclr8                     
00007f44  __aeabi_memcpy                      
00007f44  __aeabi_memcpy4                     
00007f44  __aeabi_memcpy8                     
000084e0  __aeabi_memset                      
000084e0  __aeabi_memset4                     
000084e0  __aeabi_memset8                     
ffffffff  __binit__                           
ffffffff  __c_args__                          
00007af0  _c_int00                            
00007734  _coreClearAuxiliaryDataFault_       
00007748  _coreClearAuxiliaryInstructionFault_
0000770c  _coreClearDataFaultAddress_         
000076e4  _coreClearDataFault_                
00007720  _coreClearInstructionFaultAddress_  
000076f8  _coreClearInstructionFault_         
00007678  _coreDisableEventBusExport_         
000076bc  _coreDisableFlashEcc_               
00007698  _coreDisableRamEcc_                 
00007668  _coreEnableEventBusExport_          
000076a8  _coreEnableFlashEcc_                
000076cc  _coreEnableIrqVicOffset_            
00007688  _coreEnableRamEcc_                  
00007650  _coreEnableVfp_                     
0000772c  _coreGetAuxiliaryDataFault_         
00007740  _coreGetAuxiliaryInstructionFault_  
00007704  _coreGetDataFaultAddress_           
000076dc  _coreGetDataFault_                  
00007718  _coreGetInstructionFaultAddress_    
000076f0  _coreGetInstructionFault_           
000074d8  _coreInitRegisters_                 
000075e4  _coreInitStackPointer_              
00008314  _dabort                             
0000775c  _disable_FIQ_interrupt_             
00007764  _disable_IRQ_interrupt_             
00007754  _disable_interrupt_                 
0000776c  _enable_interrupt_                  
000077fc  _errata_CORTEXR4_57_                
0000780c  _errata_CORTEXR4_66_                
00007774  _esmCcmErrorsClear_                 
00007630  _getCPSRValue_                      
00007638  _gotoCPUIdle_                       
08001538  _lock                               
00008840  _nop                                
00008458  _pmuDisableCountersGlobal_          
00008448  _pmuEnableCountersGlobal_           
000084b4  _pmuGetCycleCount_                  
000084bc  _pmuGetEventCount_                  
000084c8  _pmuGetOverflow_                    
000083fc  _pmuInit_                           
00008488  _pmuResetCounters_                  
00008468  _pmuResetCycleCounter_              
00008478  _pmuResetEventCounters_             
000084a8  _pmuSetCountEvent_                  
00008498  _pmuStartCounters_                  
000084a0  _pmuStopCounters_                   
00008834  _register_lock                      
00008828  _register_unlock                    
0000886c  _system_post_cinit                  
0800153c  _unlock                             
000086d8  abort                               
0000126c  adc1ParityCheck                     
00001358  adc2ParityCheck                     
00007e04  adcNotification                     
ffffffff  binit                               
00001410  can1ParityCheck                     
000014e8  can2ParityCheck                     
000015b0  can3ParityCheck                     
00007e18  canErrorNotification                
00007e40  canMessageNotification              
00007e2c  canStatusChangeNotification         
00000030  ccmSelfCheck                        
000026fc  ccmr4GetConfigValue                 
00000938  checkB0RAMECC                       
00000b28  checkB1RAMECC                       
00001c18  checkClockMonitor                   
00000d18  checkFlashECC                       
00001cf4  checkFlashEEPROMECC                 
00001e8c  checkPLL1Slip                       
00001f8c  checkPLL2Slip                       
00002050  checkRAMAddrParity                  
000019d0  checkRAMECC                         
0000215c  checkRAMUERRTest                    
000007bc  checkefcSelfTest                    
00008760  copy_in                             
00000234  cpuSelfTest                         
00000dfc  cpuSelfTestFail                     
00008870  crc16_table                         
00007ef8  crcNotification                     
00000df4  custom_dabort                       
00007e54  dccNotification                     
00003b00  delayms                             
00003b48  delayus                             
00002b58  disableParity                       
00007f30  dmaGroupANotification               
00000eac  dmaParityCheck                      
00006808  dwdClearFlag                        
0000673c  dwdCounterEnable                    
00006784  dwdGenerateSysReset                 
000067d4  dwdGetStatus                        
00006818  dwdGetViolationStatus               
000066c0  dwdInit                             
00006768  dwdReset                            
0000674c  dwdSetPreload                       
00006730  dwwdGetCurrentDownCounter           
000066e8  dwwdInit                            
00007ed0  edgeNotification                    
00000660  efcCheck                            
00002660  efcGetConfigValue                   
00000794  efcSelfTest                         
000006e8  efcStuckZeroTest                    
00002ad0  enableParity                        
0000276c  errata_PBIST_4                      
00006bf8  esmActivateNormalOperation          
00006cdc  esmClearStatus                      
00006d28  esmClearStatusBuffer                
00006bbc  esmDisableError                     
00006c34  esmDisableInterrupt                 
00006b90  esmEnableError                      
00006c08  esmEnableInterrupt                  
00006e28  esmEnterSelfTest                    
00006b74  esmError                            
00006f00  esmGetConfigValue                   
00006d64  esmGetStatus                        
00006df0  esmGetStatusBuffer                  
00007d9c  esmGroup1Notification               
00007dac  esmGroup2Notification               
00008200  esmHighInterrupt                    
00006a6c  esmInit                             
00006eb0  esmSelfTestStatus                   
00006d44  esmSetCounterPreloadValue           
00006c60  esmSetInterruptLevel                
00006be8  esmTriggerErrorPinReset             
00007f0c  etpwmNotification                   
00007f1c  etpwmTripNotification               
000086e4  exit                                
000080c4  floor                               
000080c4  floorl                              
000022c4  fmcBus1ParityCheck                  
0000085c  fmcBus2Check                        
00000898  fmcECCcheck                         
000072b4  gioDisableNotification              
0000724c  gioEnableNotification               
000071b4  gioGetBit                           
0000731c  gioGetConfigValue                   
000071dc  gioGetPort                          
00007054  gioInit                             
00007e68  gioNotification                     
00007144  gioSetBit                           
00007124  gioSetDirection                     
00007194  gioSetPort                          
000071f4  gioToggleBit                        
00000f58  het1ParityCheck                     
000010c0  het2ParityCheck                     
00007ee4  hetNotification                     
00001004  htu1ParityCheck                     
000011bc  htu2ParityCheck                     
000087e4  main                                
00003d04  mapClocks                           
00007f44  memcpy                              
00000174  memoryInit                          
00007dbc  memoryPort0TestFailNotification     
00007dd8  memoryPort1TestFailNotification     
000084ec  memset                              
00001684  mibspi1ParityCheck                  
0000178c  mibspi3ParityCheck                  
000018b0  mibspi5ParityCheck                  
00007e90  mibspiGroupNotification             
00007e7c  mibspiNotification                  
00005b74  muxInit                             
000023ec  pbistFail                           
00002470  pbistGetConfigValue                 
000005a8  pbistIsTestCompleted                
000005d4  pbistIsTestPassed                   
00000608  pbistPortTestStatus                 
000004ac  pbistRun                            
000002cc  pbistSelfCheck                      
00000578  pbistStop                           
00003cb0  periphInit                          
00008868  phantomInterrupt                    
00006010  pinmuxGetConfigValue                
00007eb8  pwmNotification                     
00000000  resetEntry                          
000068c8  rtiDisableNotification              
000068a0  rtiEnableNotification               
000068e4  rtiGetConfigValue                   
00006634  rtiGetCurrentTick                   
0000660c  rtiGetPeriod                        
00006434  rtiInit                             
00007df4  rtiNotification                     
00006580  rtiResetCounter                     
000065e4  rtiSetPeriod                        
00006528  rtiStartCounter                     
00006554  rtiStopCounter                      
000056f8  sciDisableLoopback                  
00005784  sciDisableNotification              
000056c4  sciEnableLoopback                   
0000571c  sciEnableNotification               
000057ec  sciEnterResetState                  
0000580c  sciExitResetState                   
0000582c  sciGetConfigValue                   
00005148  sciInit                             
00005574  sciIsIdleDetected                   
00005558  sciIsRxReady                        
000053d8  sciIsTxReady                        
00007ea4  sciNotification                     
000055ec  sciReceive                          
000055c0  sciReceiveByte                      
00005590  sciRxError                          
00005424  sciSend                             
000053f4  sciSendByte                         
0000533c  sciSetBaudrate                      
0000531c  sciSetFunctional                    
00005984  scilinGetConfigValue                
00000020  selftestFailNotification            
00003c70  setupFlash                          
00003bc8  setupPLL                            
000044ec  sramGetConfigValue                  
000025bc  stcGetConfigValue                   
000001b8  stcSelfCheck                        
00000df8  stcSelfCheckFail                    
00003f2c  systemGetConfigValue                
00003e2c  systemInit                          
00003efc  systemPowerDown                     
00004340  tcmflashGetConfigValue              
00003c28  trimLPO                             
000047c8  vimChannelMap                       
00004a34  vimDisableInterrupt                 
0000486c  vimEnableInterrupt                  
00004ae0  vimGetConfigValue                   
000046f4  vimInit                             
00000e00  vimParityCheck                      
00007824  vimParityErrorHandler               


GLOBAL SYMBOLS: SORTED BY Symbol Address 

address   name                                
-------   ----                                
00000000  __TI_static_base__                  
00000000  resetEntry                          
00000020  selftestFailNotification            
00000030  ccmSelfCheck                        
00000174  memoryInit                          
000001b8  stcSelfCheck                        
00000234  cpuSelfTest                         
000002cc  pbistSelfCheck                      
000004ac  pbistRun                            
00000578  pbistStop                           
000005a8  pbistIsTestCompleted                
000005d4  pbistIsTestPassed                   
00000608  pbistPortTestStatus                 
00000660  efcCheck                            
000006e8  efcStuckZeroTest                    
00000794  efcSelfTest                         
000007bc  checkefcSelfTest                    
0000085c  fmcBus2Check                        
00000898  fmcECCcheck                         
00000938  checkB0RAMECC                       
00000b28  checkB1RAMECC                       
00000d18  checkFlashECC                       
00000df4  custom_dabort                       
00000df8  stcSelfCheckFail                    
00000dfc  cpuSelfTestFail                     
00000e00  vimParityCheck                      
00000eac  dmaParityCheck                      
00000f58  het1ParityCheck                     
00001004  htu1ParityCheck                     
000010c0  het2ParityCheck                     
000011bc  htu2ParityCheck                     
0000126c  adc1ParityCheck                     
00001358  adc2ParityCheck                     
00001410  can1ParityCheck                     
000014e8  can2ParityCheck                     
000015b0  can3ParityCheck                     
00001684  mibspi1ParityCheck                  
0000178c  mibspi3ParityCheck                  
000018b0  mibspi5ParityCheck                  
000019d0  checkRAMECC                         
00001c18  checkClockMonitor                   
00001cf4  checkFlashEEPROMECC                 
00001e8c  checkPLL1Slip                       
00001f8c  checkPLL2Slip                       
00002050  checkRAMAddrParity                  
0000215c  checkRAMUERRTest                    
000022c4  fmcBus1ParityCheck                  
000023ec  pbistFail                           
00002470  pbistGetConfigValue                 
000025bc  stcGetConfigValue                   
00002660  efcGetConfigValue                   
000026fc  ccmr4GetConfigValue                 
0000276c  errata_PBIST_4                      
00002ad0  enableParity                        
00002b58  disableParity                       
00002cfc  CommClear                           
00002d60  CommReset                           
00002db0  ResetPL455                          
00002db4  WakePL455                           
00002de8  GetFaultStat                        
00002e10  WriteReg                            
00003400  WriteFrame                          
00003628  ReadReg                             
0000380c  ReadFrameReq                        
0000385c  WaitRespFrame                       
000039a4  B2SWORD                             
000039dc  B2SDWORD                            
00003a30  B2SINT24                            
00003a70  CRC16                               
00003b00  delayms                             
00003b48  delayus                             
00003bc8  setupPLL                            
00003c28  trimLPO                             
00003c70  setupFlash                          
00003cb0  periphInit                          
00003d04  mapClocks                           
00003e2c  systemInit                          
00003efc  systemPowerDown                     
00003f2c  systemGetConfigValue                
00004340  tcmflashGetConfigValue              
000044ec  sramGetConfigValue                  
000046f4  vimInit                             
000047c8  vimChannelMap                       
0000486c  vimEnableInterrupt                  
00004a34  vimDisableInterrupt                 
00004ae0  vimGetConfigValue                   
00005148  sciInit                             
0000531c  sciSetFunctional                    
0000533c  sciSetBaudrate                      
000053d8  sciIsTxReady                        
000053f4  sciSendByte                         
00005424  sciSend                             
00005558  sciIsRxReady                        
00005574  sciIsIdleDetected                   
00005590  sciRxError                          
000055c0  sciReceiveByte                      
000055ec  sciReceive                          
000056c4  sciEnableLoopback                   
000056f8  sciDisableLoopback                  
0000571c  sciEnableNotification               
00005784  sciDisableNotification              
000057ec  sciEnterResetState                  
0000580c  sciExitResetState                   
0000582c  sciGetConfigValue                   
00005984  scilinGetConfigValue                
00005b74  muxInit                             
00006010  pinmuxGetConfigValue                
00006434  rtiInit                             
00006528  rtiStartCounter                     
00006554  rtiStopCounter                      
00006580  rtiResetCounter                     
000065e4  rtiSetPeriod                        
0000660c  rtiGetPeriod                        
00006634  rtiGetCurrentTick                   
000066c0  dwdInit                             
000066e8  dwwdInit                            
00006730  dwwdGetCurrentDownCounter           
0000673c  dwdCounterEnable                    
0000674c  dwdSetPreload                       
00006768  dwdReset                            
00006784  dwdGenerateSysReset                 
000067a0  IsdwdKeySequenceCorrect             
000067d4  dwdGetStatus                        
00006808  dwdClearFlag                        
00006818  dwdGetViolationStatus               
000068a0  rtiEnableNotification               
000068c8  rtiDisableNotification              
000068e4  rtiGetConfigValue                   
00006a6c  esmInit                             
00006b74  esmError                            
00006b90  esmEnableError                      
00006bbc  esmDisableError                     
00006be8  esmTriggerErrorPinReset             
00006bf8  esmActivateNormalOperation          
00006c08  esmEnableInterrupt                  
00006c34  esmDisableInterrupt                 
00006c60  esmSetInterruptLevel                
00006cdc  esmClearStatus                      
00006d28  esmClearStatusBuffer                
00006d44  esmSetCounterPreloadValue           
00006d64  esmGetStatus                        
00006df0  esmGetStatusBuffer                  
00006e28  esmEnterSelfTest                    
00006eb0  esmSelfTestStatus                   
00006f00  esmGetConfigValue                   
00007054  gioInit                             
00007124  gioSetDirection                     
00007144  gioSetBit                           
00007194  gioSetPort                          
000071b4  gioGetBit                           
000071dc  gioGetPort                          
000071f4  gioToggleBit                        
0000724c  gioEnableNotification               
000072b4  gioDisableNotification              
0000731c  gioGetConfigValue                   
000074d8  _coreInitRegisters_                 
000075e4  _coreInitStackPointer_              
00007630  _getCPSRValue_                      
00007638  _gotoCPUIdle_                       
00007650  _coreEnableVfp_                     
00007668  _coreEnableEventBusExport_          
00007678  _coreDisableEventBusExport_         
00007688  _coreEnableRamEcc_                  
00007698  _coreDisableRamEcc_                 
000076a8  _coreEnableFlashEcc_                
000076bc  _coreDisableFlashEcc_               
000076cc  _coreEnableIrqVicOffset_            
000076dc  _coreGetDataFault_                  
000076e4  _coreClearDataFault_                
000076f0  _coreGetInstructionFault_           
000076f8  _coreClearInstructionFault_         
00007704  _coreGetDataFaultAddress_           
0000770c  _coreClearDataFaultAddress_         
00007718  _coreGetInstructionFaultAddress_    
00007720  _coreClearInstructionFaultAddress_  
0000772c  _coreGetAuxiliaryDataFault_         
00007734  _coreClearAuxiliaryDataFault_       
00007740  _coreGetAuxiliaryInstructionFault_  
00007748  _coreClearAuxiliaryInstructionFault_
00007754  _disable_interrupt_                 
0000775c  _disable_FIQ_interrupt_             
00007764  _disable_IRQ_interrupt_             
0000776c  _enable_interrupt_                  
00007774  _esmCcmErrorsClear_                 
000077fc  _errata_CORTEXR4_57_                
0000780c  _errata_CORTEXR4_66_                
0000781c  __TI_PINIT_Base                     
00007820  __TI_PINIT_Limit                    
00007824  vimParityErrorHandler               
00007af0  _c_int00                            
00007d9c  esmGroup1Notification               
00007dac  esmGroup2Notification               
00007dbc  memoryPort0TestFailNotification     
00007dd8  memoryPort1TestFailNotification     
00007df4  rtiNotification                     
00007e04  adcNotification                     
00007e18  canErrorNotification                
00007e2c  canStatusChangeNotification         
00007e40  canMessageNotification              
00007e54  dccNotification                     
00007e68  gioNotification                     
00007e7c  mibspiNotification                  
00007e90  mibspiGroupNotification             
00007ea4  sciNotification                     
00007eb8  pwmNotification                     
00007ed0  edgeNotification                    
00007ee4  hetNotification                     
00007ef8  crcNotification                     
00007f0c  etpwmNotification                   
00007f1c  etpwmTripNotification               
00007f30  dmaGroupANotification               
00007f44  __aeabi_memcpy                      
00007f44  __aeabi_memcpy4                     
00007f44  __aeabi_memcpy8                     
00007f44  memcpy                              
000080c4  floor                               
000080c4  floorl                              
00008200  esmHighInterrupt                    
00008314  _dabort                             
000083fc  _pmuInit_                           
00008448  _pmuEnableCountersGlobal_           
00008458  _pmuDisableCountersGlobal_          
00008468  _pmuResetCycleCounter_              
00008478  _pmuResetEventCounters_             
00008488  _pmuResetCounters_                  
00008498  _pmuStartCounters_                  
000084a0  _pmuStopCounters_                   
000084a8  _pmuSetCountEvent_                  
000084b4  _pmuGetCycleCount_                  
000084bc  _pmuGetEventCount_                  
000084c8  _pmuGetOverflow_                    
000084dc  __aeabi_memclr                      
000084dc  __aeabi_memclr4                     
000084dc  __aeabi_memclr8                     
000084e0  __aeabi_memset                      
000084e0  __aeabi_memset4                     
000084e0  __aeabi_memset8                     
000084ec  memset                              
0000858c  __TI_auto_init                      
000086d0  C$$EXIT                             
000086d8  abort                               
000086e4  exit                                
00008760  copy_in                             
000087e4  main                                
00008828  _register_unlock                    
00008834  _register_lock                      
00008840  _nop                                
0000884c  __TI_decompress_none                
00008860  __TI_decompress_rle24               
00008868  phantomInterrupt                    
0000886c  _system_post_cinit                  
00008870  crc16_table                         
00008c94  __TI_Handler_Table_Base             
00008c9c  __TI_CINIT_Base                     
00008c9c  __TI_Handler_Table_Limit            
00008cac  __TI_CINIT_Limit                    
0800152c  __TI_cleanup_ptr                    
08001530  __TI_dtors_ptr                      
08001534  __TI_enable_exit_profile_output     
08001538  _lock                               
0800153c  _unlock                             
08001540  UART_RX_RDY                         
08001544  RTI_TIMEOUT                         
ffffffff  __TI_pprof_out_hndl                 
ffffffff  __TI_prof_data_size                 
ffffffff  __TI_prof_data_start                
ffffffff  __binit__                           
ffffffff  __c_args__                          
ffffffff  binit                               
UNDEFED   SHT$$INIT_ARRAY$$Base               
UNDEFED   SHT$$INIT_ARRAY$$Limit              

[271 symbols]
