******************************************************************************
                  TI ARM Linker PC v15.12.7                    
******************************************************************************
>> Linked Tue Feb 20 10:42:36 2018

OUTPUT FILE NAME:   <BMS_Master_Code.out>
ENTRY POINT SYMBOL: "_c_int00"  address: 000057a0


MEMORY CONFIGURATION

         name            origin    length      used     unused   attr    fill
----------------------  --------  ---------  --------  --------  ----  --------
  VECTORS               00000000   00000020  00000020  00000000     X
  FLASH0                00000020   0013ffe0  00006408  00139bd8  R  X
  STACKS                08000000   00001500  00000000  00001500  RW  
  RAM                   08001500   0002eb00  00000018  0002eae8  RW  


SEGMENT ALLOCATION MAP

run origin  load origin   length   init length attrs members
----------  ----------- ---------- ----------- ----- -------
00000000    00000000    0000642c   0000642c    r-x
  00000000    00000000    00000020   00000020    r-x .intvecs
  00000020    00000020    000061cc   000061cc    r-x .text
  000061ec    000061ec    00000200   00000200    r-- .const
  000063f0    000063f0    0000003c   0000003c    r-- .cinit
08001500    08001500    00000018   00000000    rw-
  08001500    08001500    00000014   00000000    rw- .data
  08001514    08001514    00000004   00000000    rw- .bss


SECTION ALLOCATION MAP

 output                                  attributes/
section   page    origin      length       input sections
--------  ----  ----------  ----------   ----------------
.intvecs   0    00000000    00000020     
                  00000000    00000020     sys_intvecs.obj (.intvecs)

.text      0    00000020    000061cc     
                  00000020    000028c0     sys_selftest.obj (.text)
                  000028e0    00000b2c     system.obj (.text)
                  0000340c    00000a54     sys_vim.obj (.text)
                  00003e60    000008bc     pinmux.obj (.text)
                  0000471c    000005e8     esm.obj (.text)
                  00004d04    00000484     gio.obj (.text)
                  00005188    0000034c     sys_core.obj (.text)
                  000054d4    000002cc     sys_vim.obj (.text:retain)
                  000057a0    00000254     sys_startup.obj (.text:retain)
                  000059f4    000001d0     notification.obj (.text)
                  00005bc4    00000114     esm.obj (.text:retain)
                  00005cd8    000000e8     dabort.obj (.text)
                  00005dc0    000000e0     sys_pmu.obj (.text)
                  00005ea0    0000009c     rtsv7R4_T_be_v3D16_eabi.lib : memcpy_t2.obj (.text)
                  00005f3c    00000090     sys_main.obj (.text)
                  00005fcc    0000007a     rtsv7R4_T_be_v3D16_eabi.lib : memset_t2.obj (.text)
                  00006046    00000002                                 : startup.obj (.text)
                  00006048    00000070                                 : autoinit.obj (.text)
                  000060b8    0000006a                                 : copy_decompress_rle.obj (.text)
                  00006122    00000002     --HOLE-- [fill = 0]
                  00006124    00000050                                 : exit.obj (.text)
                  00006174    0000004c                                 : cpy_tbl.obj (.text)
                  000061c0    00000014                                 : _lock.obj (.text)
                  000061d4    0000000e                                 : copy_decompress_none.obj (.text:decompress:none)
                  000061e2    00000006                                 : copy_decompress_rle.obj (.text:decompress:rle24)
                  000061e8    00000004     sys_phantom.obj (.text:retain)

.const     0    000061ec    00000200     
                  000061ec    00000200     sys_vim.obj (.const:s_vim_init)

.cinit     0    000063f0    0000003c     
                  000063f0    00000012     (.cinit..data.load) [load image, compression = rle]
                  00006402    00000006     --HOLE-- [fill = 0]
                  00006408    00000009     (.cinit..bss.load) [load image, compression = rle]
                  00006411    00000003     --HOLE-- [fill = 0]
                  00006414    00000008     (__TI_handler_table)
                  0000641c    00000010     (__TI_cinit_table)

.data      0    08001500    00000014     UNINITIALIZED
                  08001500    0000000c     rtsv7R4_T_be_v3D16_eabi.lib : exit.obj (.data:$O1$$)
                  0800150c    00000008                                 : _lock.obj (.data:$O1$$)

.bss       0    08001514    00000004     UNINITIALIZED
                  08001514    00000004     sys_main.obj (.bss)

MODULE SUMMARY

       Module                     code    ro data   rw data
       ------                     ----    -------   -------
    .\source\
       sys_selftest.obj           10432   0         0      
       sys_vim.obj                3360    512       0      
       system.obj                 2860    0         0      
       pinmux.obj                 2236    0         0      
       esm.obj                    1788    0         0      
       gio.obj                    1156    0         0      
       sys_core.obj               844     0         0      
       sys_startup.obj            596     0         0      
       notification.obj           464     0         0      
       dabort.obj                 232     0         0      
       sys_pmu.obj                224     0         0      
       sys_main.obj               144     0         4      
       sys_intvecs.obj            32      0         0      
       sys_phantom.obj            4       0         0      
    +--+--------------------------+-------+---------+---------+
       Total:                     24372   512       4      
                                                           
    C:/ti/ccsv6/tools/compiler/ti-cgt-arm_15.12.7.LTS/lib/rtsv7R4_T_be_v3D16_eabi.lib
       memcpy_t2.obj              156     0         0      
       memset_t2.obj              122     0         0      
       autoinit.obj               112     0         0      
       copy_decompress_rle.obj    112     0         0      
       exit.obj                   80      0         12     
       cpy_tbl.obj                76      0         0      
       _lock.obj                  20      0         8      
       copy_decompress_none.obj   14      0         0      
       startup.obj                2       0         0      
    +--+--------------------------+-------+---------+---------+
       Total:                     694     0         20     
                                                           
       Linker Generated:          0       51        0      
    +--+--------------------------+-------+---------+---------+
       Grand Total:               25066   563       24     


LINKER GENERATED COPY TABLES

__TI_cinit_table @ 0000641c records: 2, size/record: 8, table size: 16
	.data: load addr=000063f0, load size=00000012 bytes, run addr=08001500, run size=00000014 bytes, compression=rle
	.bss: load addr=00006408, load size=00000009 bytes, run addr=08001514, run size=00000004 bytes, compression=rle


LINKER GENERATED HANDLER TABLE

__TI_handler_table @ 00006414 records: 2, size/record: 4, table size: 8
	index: 0, handler: __TI_decompress_rle24
	index: 1, handler: __TI_decompress_none


GLOBAL SYMBOLS: SORTED ALPHABETICALLY BY Name 

address   name                                
-------   ----                                
00006125  C$$EXIT                             
UNDEFED   SHT$$INIT_ARRAY$$Base               
UNDEFED   SHT$$INIT_ARRAY$$Limit              
0000641c  __TI_CINIT_Base                     
0000642c  __TI_CINIT_Limit                    
00006414  __TI_Handler_Table_Base             
0000641c  __TI_Handler_Table_Limit            
000054cc  __TI_PINIT_Base                     
000054d0  __TI_PINIT_Limit                    
00006049  __TI_auto_init                      
08001500  __TI_cleanup_ptr                    
000061d5  __TI_decompress_none                
000061e3  __TI_decompress_rle24               
08001504  __TI_dtors_ptr                      
08001508  __TI_enable_exit_profile_output     
ffffffff  __TI_pprof_out_hndl                 
ffffffff  __TI_prof_data_size                 
ffffffff  __TI_prof_data_start                
00000000  __TI_static_base__                  
00005fcd  __aeabi_memclr                      
00005fcd  __aeabi_memclr4                     
00005fcd  __aeabi_memclr8                     
00005ea1  __aeabi_memcpy                      
00005ea1  __aeabi_memcpy4                     
00005ea1  __aeabi_memcpy8                     
00005fcf  __aeabi_memset                      
00005fcf  __aeabi_memset4                     
00005fcf  __aeabi_memset8                     
ffffffff  __binit__                           
ffffffff  __c_args__                          
000057a0  _c_int00                            
000053e4  _coreClearAuxiliaryDataFault_       
000053f8  _coreClearAuxiliaryInstructionFault_
000053bc  _coreClearDataFaultAddress_         
00005394  _coreClearDataFault_                
000053d0  _coreClearInstructionFaultAddress_  
000053a8  _coreClearInstructionFault_         
00005328  _coreDisableEventBusExport_         
0000536c  _coreDisableFlashEcc_               
00005348  _coreDisableRamEcc_                 
00005318  _coreEnableEventBusExport_          
00005358  _coreEnableFlashEcc_                
0000537c  _coreEnableIrqVicOffset_            
00005338  _coreEnableRamEcc_                  
00005300  _coreEnableVfp_                     
000053dc  _coreGetAuxiliaryDataFault_         
000053f0  _coreGetAuxiliaryInstructionFault_  
000053b4  _coreGetDataFaultAddress_           
0000538c  _coreGetDataFault_                  
000053c8  _coreGetInstructionFaultAddress_    
000053a0  _coreGetInstructionFault_           
00005188  _coreInitRegisters_                 
00005294  _coreInitStackPointer_              
00005cd8  _dabort                             
0000540c  _disable_FIQ_interrupt_             
00005414  _disable_IRQ_interrupt_             
00005404  _disable_interrupt_                 
0000541c  _enable_interrupt_                  
000054ac  _errata_CORTEXR4_57_                
000054bc  _errata_CORTEXR4_66_                
00005424  _esmCcmErrorsClear_                 
000052e0  _getCPSRValue_                      
000052e8  _gotoCPUIdle_                       
0800150c  _lock                               
000061cf  _nop                                
00005e1c  _pmuDisableCountersGlobal_          
00005e0c  _pmuEnableCountersGlobal_           
00005e78  _pmuGetCycleCount_                  
00005e80  _pmuGetEventCount_                  
00005e8c  _pmuGetOverflow_                    
00005dc0  _pmuInit_                           
00005e4c  _pmuResetCounters_                  
00005e2c  _pmuResetCycleCounter_              
00005e3c  _pmuResetEventCounters_             
00005e6c  _pmuSetCountEvent_                  
00005e5c  _pmuStartCounters_                  
00005e64  _pmuStopCounters_                   
000061c7  _register_lock                      
000061c1  _register_unlock                    
00006047  _system_post_cinit                  
08001510  _unlock                             
00006129  abort                               
0000126c  adc1ParityCheck                     
00001358  adc2ParityCheck                     
00005a5c  adcNotification                     
ffffffff  binit                               
00001410  can1ParityCheck                     
00005a70  canErrorNotification                
00005a98  canMessageNotification              
00005a84  canStatusChangeNotification         
00000030  ccmSelfCheck                        
00002334  ccmr4GetConfigValue                 
00000938  checkB0RAMECC                       
00000b28  checkB1RAMECC                       
00001860  checkClockMonitor                   
00000d18  checkFlashECC                       
00001948  checkFlashEEPROMECC                 
00001ae0  checkPLL1Slip                       
00001bd4  checkPLL2Slip                       
00001c94  checkRAMAddrParity                  
000015fc  checkRAMECC                         
00001da8  checkRAMUERRTest                    
000007bc  checkefcSelfTest                    
00006175  copy_in                             
00000234  cpuSelfTest                         
00000dfc  cpuSelfTestFail                     
00005b50  crcNotification                     
00000df4  custom_dabort                       
00005aac  dccNotification                     
00005f3c  delayus                             
00002780  disableParity                       
00005bb0  dmaGroupANotification               
00000eac  dmaParityCheck                      
00005b9c  ecapNotification                    
00005b28  edgeNotification                    
00000660  efcCheck                            
0000229c  efcGetConfigValue                   
00000794  efcSelfTest                         
000006e8  efcStuckZeroTest                    
00002710  enableParity                        
00005b88  eqepNotification                    
000023ac  errata_PBIST_4                      
000048a8  esmActivateNormalOperation          
0000498c  esmClearStatus                      
000049d8  esmClearStatusBuffer                
0000486c  esmDisableError                     
000048e4  esmDisableInterrupt                 
00004840  esmEnableError                      
000048b8  esmEnableInterrupt                  
00004ad8  esmEnterSelfTest                    
00004824  esmError                            
00004bb0  esmGetConfigValue                   
00004a14  esmGetStatus                        
00004aa0  esmGetStatusBuffer                  
000059f4  esmGroup1Notification               
00005a04  esmGroup2Notification               
00005bc4  esmHighInterrupt                    
0000471c  esmInit                             
00004b60  esmSelfTestStatus                   
000049f4  esmSetCounterPreloadValue           
00004910  esmSetInterruptLevel                
00004898  esmTriggerErrorPinReset             
00005b64  etpwmNotification                   
00005b74  etpwmTripNotification               
00006131  exit                                
00001f18  fmcBus1ParityCheck                  
0000085c  fmcBus2Check                        
00000898  fmcECCcheck                         
00004f64  gioDisableNotification              
00004efc  gioEnableNotification               
00004e64  gioGetBit                           
00004fcc  gioGetConfigValue                   
00004e8c  gioGetPort                          
00004d04  gioInit                             
00005ac0  gioNotification                     
00004df4  gioSetBit                           
00004dd4  gioSetDirection                     
00004e44  gioSetPort                          
00004ea4  gioToggleBit                        
00000f58  het1ParityCheck                     
000010c0  het2ParityCheck                     
00005b3c  hetNotification                     
00001004  htu1ParityCheck                     
000011bc  htu2ParityCheck                     
00005f8c  main                                
00002a1c  mapClocks                           
00005ea1  memcpy                              
00000174  memoryInit                          
00005a14  memoryPort0TestFailNotification     
00005a30  memoryPort1TestFailNotification     
00005fd5  memset                              
000014e8  mibspi1ParityCheck                  
00005ae8  mibspiGroupNotification             
00005ad4  mibspiNotification                  
00003e60  muxInit                             
0000203c  pbistFail                           
000020b8  pbistGetConfigValue                 
000005a8  pbistIsTestCompleted                
000005d4  pbistIsTestPassed                   
00000608  pbistPortTestStatus                 
000004ac  pbistRun                            
000002cc  pbistSelfCheck                      
00000578  pbistStop                           
000029c8  periphInit                          
000061e8  phantomInterrupt                    
000042fc  pinmuxGetConfigValue                
00005b10  pwmNotification                     
00000000  resetEntry                          
00005a4c  rtiNotification                     
00005afc  sciNotification                     
00000020  selftestFailNotification            
00002988  setupFlash                          
000028e0  setupPLL                            
00003204  sramGetConfigValue                  
00002200  stcGetConfigValue                   
000001b8  stcSelfCheck                        
00000df8  stcSelfCheckFail                    
00002c44  systemGetConfigValue                
00002b44  systemInit                          
00002c14  systemPowerDown                     
00003058  tcmflashGetConfigValue              
00002940  trimLPO                             
000034e0  vimChannelMap                       
0000374c  vimDisableInterrupt                 
00003584  vimEnableInterrupt                  
000037f8  vimGetConfigValue                   
0000340c  vimInit                             
00000e00  vimParityCheck                      
000054d4  vimParityErrorHandler               


GLOBAL SYMBOLS: SORTED BY Symbol Address 

address   name                                
-------   ----                                
00000000  __TI_static_base__                  
00000000  resetEntry                          
00000020  selftestFailNotification            
00000030  ccmSelfCheck                        
00000174  memoryInit                          
000001b8  stcSelfCheck                        
00000234  cpuSelfTest                         
000002cc  pbistSelfCheck                      
000004ac  pbistRun                            
00000578  pbistStop                           
000005a8  pbistIsTestCompleted                
000005d4  pbistIsTestPassed                   
00000608  pbistPortTestStatus                 
00000660  efcCheck                            
000006e8  efcStuckZeroTest                    
00000794  efcSelfTest                         
000007bc  checkefcSelfTest                    
0000085c  fmcBus2Check                        
00000898  fmcECCcheck                         
00000938  checkB0RAMECC                       
00000b28  checkB1RAMECC                       
00000d18  checkFlashECC                       
00000df4  custom_dabort                       
00000df8  stcSelfCheckFail                    
00000dfc  cpuSelfTestFail                     
00000e00  vimParityCheck                      
00000eac  dmaParityCheck                      
00000f58  het1ParityCheck                     
00001004  htu1ParityCheck                     
000010c0  het2ParityCheck                     
000011bc  htu2ParityCheck                     
0000126c  adc1ParityCheck                     
00001358  adc2ParityCheck                     
00001410  can1ParityCheck                     
000014e8  mibspi1ParityCheck                  
000015fc  checkRAMECC                         
00001860  checkClockMonitor                   
00001948  checkFlashEEPROMECC                 
00001ae0  checkPLL1Slip                       
00001bd4  checkPLL2Slip                       
00001c94  checkRAMAddrParity                  
00001da8  checkRAMUERRTest                    
00001f18  fmcBus1ParityCheck                  
0000203c  pbistFail                           
000020b8  pbistGetConfigValue                 
00002200  stcGetConfigValue                   
0000229c  efcGetConfigValue                   
00002334  ccmr4GetConfigValue                 
000023ac  errata_PBIST_4                      
00002710  enableParity                        
00002780  disableParity                       
000028e0  setupPLL                            
00002940  trimLPO                             
00002988  setupFlash                          
000029c8  periphInit                          
00002a1c  mapClocks                           
00002b44  systemInit                          
00002c14  systemPowerDown                     
00002c44  systemGetConfigValue                
00003058  tcmflashGetConfigValue              
00003204  sramGetConfigValue                  
0000340c  vimInit                             
000034e0  vimChannelMap                       
00003584  vimEnableInterrupt                  
0000374c  vimDisableInterrupt                 
000037f8  vimGetConfigValue                   
00003e60  muxInit                             
000042fc  pinmuxGetConfigValue                
0000471c  esmInit                             
00004824  esmError                            
00004840  esmEnableError                      
0000486c  esmDisableError                     
00004898  esmTriggerErrorPinReset             
000048a8  esmActivateNormalOperation          
000048b8  esmEnableInterrupt                  
000048e4  esmDisableInterrupt                 
00004910  esmSetInterruptLevel                
0000498c  esmClearStatus                      
000049d8  esmClearStatusBuffer                
000049f4  esmSetCounterPreloadValue           
00004a14  esmGetStatus                        
00004aa0  esmGetStatusBuffer                  
00004ad8  esmEnterSelfTest                    
00004b60  esmSelfTestStatus                   
00004bb0  esmGetConfigValue                   
00004d04  gioInit                             
00004dd4  gioSetDirection                     
00004df4  gioSetBit                           
00004e44  gioSetPort                          
00004e64  gioGetBit                           
00004e8c  gioGetPort                          
00004ea4  gioToggleBit                        
00004efc  gioEnableNotification               
00004f64  gioDisableNotification              
00004fcc  gioGetConfigValue                   
00005188  _coreInitRegisters_                 
00005294  _coreInitStackPointer_              
000052e0  _getCPSRValue_                      
000052e8  _gotoCPUIdle_                       
00005300  _coreEnableVfp_                     
00005318  _coreEnableEventBusExport_          
00005328  _coreDisableEventBusExport_         
00005338  _coreEnableRamEcc_                  
00005348  _coreDisableRamEcc_                 
00005358  _coreEnableFlashEcc_                
0000536c  _coreDisableFlashEcc_               
0000537c  _coreEnableIrqVicOffset_            
0000538c  _coreGetDataFault_                  
00005394  _coreClearDataFault_                
000053a0  _coreGetInstructionFault_           
000053a8  _coreClearInstructionFault_         
000053b4  _coreGetDataFaultAddress_           
000053bc  _coreClearDataFaultAddress_         
000053c8  _coreGetInstructionFaultAddress_    
000053d0  _coreClearInstructionFaultAddress_  
000053dc  _coreGetAuxiliaryDataFault_         
000053e4  _coreClearAuxiliaryDataFault_       
000053f0  _coreGetAuxiliaryInstructionFault_  
000053f8  _coreClearAuxiliaryInstructionFault_
00005404  _disable_interrupt_                 
0000540c  _disable_FIQ_interrupt_             
00005414  _disable_IRQ_interrupt_             
0000541c  _enable_interrupt_                  
00005424  _esmCcmErrorsClear_                 
000054ac  _errata_CORTEXR4_57_                
000054bc  _errata_CORTEXR4_66_                
000054cc  __TI_PINIT_Base                     
000054d0  __TI_PINIT_Limit                    
000054d4  vimParityErrorHandler               
000057a0  _c_int00                            
000059f4  esmGroup1Notification               
00005a04  esmGroup2Notification               
00005a14  memoryPort0TestFailNotification     
00005a30  memoryPort1TestFailNotification     
00005a4c  rtiNotification                     
00005a5c  adcNotification                     
00005a70  canErrorNotification                
00005a84  canStatusChangeNotification         
00005a98  canMessageNotification              
00005aac  dccNotification                     
00005ac0  gioNotification                     
00005ad4  mibspiNotification                  
00005ae8  mibspiGroupNotification             
00005afc  sciNotification                     
00005b10  pwmNotification                     
00005b28  edgeNotification                    
00005b3c  hetNotification                     
00005b50  crcNotification                     
00005b64  etpwmNotification                   
00005b74  etpwmTripNotification               
00005b88  eqepNotification                    
00005b9c  ecapNotification                    
00005bb0  dmaGroupANotification               
00005bc4  esmHighInterrupt                    
00005cd8  _dabort                             
00005dc0  _pmuInit_                           
00005e0c  _pmuEnableCountersGlobal_           
00005e1c  _pmuDisableCountersGlobal_          
00005e2c  _pmuResetCycleCounter_              
00005e3c  _pmuResetEventCounters_             
00005e4c  _pmuResetCounters_                  
00005e5c  _pmuStartCounters_                  
00005e64  _pmuStopCounters_                   
00005e6c  _pmuSetCountEvent_                  
00005e78  _pmuGetCycleCount_                  
00005e80  _pmuGetEventCount_                  
00005e8c  _pmuGetOverflow_                    
00005ea1  __aeabi_memcpy                      
00005ea1  __aeabi_memcpy4                     
00005ea1  __aeabi_memcpy8                     
00005ea1  memcpy                              
00005f3c  delayus                             
00005f8c  main                                
00005fcd  __aeabi_memclr                      
00005fcd  __aeabi_memclr4                     
00005fcd  __aeabi_memclr8                     
00005fcf  __aeabi_memset                      
00005fcf  __aeabi_memset4                     
00005fcf  __aeabi_memset8                     
00005fd5  memset                              
00006047  _system_post_cinit                  
00006049  __TI_auto_init                      
00006125  C$$EXIT                             
00006129  abort                               
00006131  exit                                
00006175  copy_in                             
000061c1  _register_unlock                    
000061c7  _register_lock                      
000061cf  _nop                                
000061d5  __TI_decompress_none                
000061e3  __TI_decompress_rle24               
000061e8  phantomInterrupt                    
00006414  __TI_Handler_Table_Base             
0000641c  __TI_CINIT_Base                     
0000641c  __TI_Handler_Table_Limit            
0000642c  __TI_CINIT_Limit                    
08001500  __TI_cleanup_ptr                    
08001504  __TI_dtors_ptr                      
08001508  __TI_enable_exit_profile_output     
0800150c  _lock                               
08001510  _unlock                             
ffffffff  __TI_pprof_out_hndl                 
ffffffff  __TI_prof_data_size                 
ffffffff  __TI_prof_data_start                
ffffffff  __binit__                           
ffffffff  __c_args__                          
ffffffff  binit                               
UNDEFED   SHT$$INIT_ARRAY$$Base               
UNDEFED   SHT$$INIT_ARRAY$$Limit              

[209 symbols]
