<?xml version="1.0"?>
<link_info>
   <banner>TI ARM Linker PC v15.12.7.LTS</banner>
   <copyright>Copyright (c) 1996-2017 Texas Instruments Incorporated</copyright>
   <link_time>0x5aa7e90a</link_time>
   <link_errors>0x0</link_errors>
   <output_file>BMS_Master_Code.out</output_file>
   <entry_point>
      <name>_c_int00</name>
      <address>0x833c</address>
   </entry_point>
   <input_file_list>
      <input_file id="fl-2">
         <path>.\bq_pack\</path>
         <kind>object</kind>
         <file>pl455.obj</file>
         <name>pl455.obj</name>
      </input_file>
      <input_file id="fl-3">
         <path>.\source\</path>
         <kind>object</kind>
         <file>adc.obj</file>
         <name>adc.obj</name>
      </input_file>
      <input_file id="fl-4">
         <path>.\source\</path>
         <kind>object</kind>
         <file>can.obj</file>
         <name>can.obj</name>
      </input_file>
      <input_file id="fl-5">
         <path>.\source\</path>
         <kind>object</kind>
         <file>crc.obj</file>
         <name>crc.obj</name>
      </input_file>
      <input_file id="fl-6">
         <path>.\source\</path>
         <kind>object</kind>
         <file>dabort.obj</file>
         <name>dabort.obj</name>
      </input_file>
      <input_file id="fl-7">
         <path>.\source\</path>
         <kind>object</kind>
         <file>dcc.obj</file>
         <name>dcc.obj</name>
      </input_file>
      <input_file id="fl-8">
         <path>.\source\</path>
         <kind>object</kind>
         <file>ecap.obj</file>
         <name>ecap.obj</name>
      </input_file>
      <input_file id="fl-9">
         <path>.\source\</path>
         <kind>object</kind>
         <file>eqep.obj</file>
         <name>eqep.obj</name>
      </input_file>
      <input_file id="fl-a">
         <path>.\source\</path>
         <kind>object</kind>
         <file>esm.obj</file>
         <name>esm.obj</name>
      </input_file>
      <input_file id="fl-b">
         <path>.\source\</path>
         <kind>object</kind>
         <file>etpwm.obj</file>
         <name>etpwm.obj</name>
      </input_file>
      <input_file id="fl-c">
         <path>.\source\</path>
         <kind>object</kind>
         <file>gio.obj</file>
         <name>gio.obj</name>
      </input_file>
      <input_file id="fl-d">
         <path>.\source\</path>
         <kind>object</kind>
         <file>het.obj</file>
         <name>het.obj</name>
      </input_file>
      <input_file id="fl-e">
         <path>.\source\</path>
         <kind>object</kind>
         <file>mibspi.obj</file>
         <name>mibspi.obj</name>
      </input_file>
      <input_file id="fl-f">
         <path>.\source\</path>
         <kind>object</kind>
         <file>notification.obj</file>
         <name>notification.obj</name>
      </input_file>
      <input_file id="fl-10">
         <path>.\source\</path>
         <kind>object</kind>
         <file>pinmux.obj</file>
         <name>pinmux.obj</name>
      </input_file>
      <input_file id="fl-11">
         <path>.\source\</path>
         <kind>object</kind>
         <file>rti.obj</file>
         <name>rti.obj</name>
      </input_file>
      <input_file id="fl-12">
         <path>.\source\</path>
         <kind>object</kind>
         <file>sci.obj</file>
         <name>sci.obj</name>
      </input_file>
      <input_file id="fl-13">
         <path>.\source\</path>
         <kind>object</kind>
         <file>sys_core.obj</file>
         <name>sys_core.obj</name>
      </input_file>
      <input_file id="fl-14">
         <path>.\source\</path>
         <kind>object</kind>
         <file>sys_dma.obj</file>
         <name>sys_dma.obj</name>
      </input_file>
      <input_file id="fl-15">
         <path>.\source\</path>
         <kind>object</kind>
         <file>sys_intvecs.obj</file>
         <name>sys_intvecs.obj</name>
      </input_file>
      <input_file id="fl-16">
         <path>.\source\</path>
         <kind>object</kind>
         <file>sys_main.obj</file>
         <name>sys_main.obj</name>
      </input_file>
      <input_file id="fl-17">
         <path>.\source\</path>
         <kind>object</kind>
         <file>sys_mpu.obj</file>
         <name>sys_mpu.obj</name>
      </input_file>
      <input_file id="fl-18">
         <path>.\source\</path>
         <kind>object</kind>
         <file>sys_pcr.obj</file>
         <name>sys_pcr.obj</name>
      </input_file>
      <input_file id="fl-19">
         <path>.\source\</path>
         <kind>object</kind>
         <file>sys_phantom.obj</file>
         <name>sys_phantom.obj</name>
      </input_file>
      <input_file id="fl-1a">
         <path>.\source\</path>
         <kind>object</kind>
         <file>sys_pmm.obj</file>
         <name>sys_pmm.obj</name>
      </input_file>
      <input_file id="fl-1b">
         <path>.\source\</path>
         <kind>object</kind>
         <file>sys_pmu.obj</file>
         <name>sys_pmu.obj</name>
      </input_file>
      <input_file id="fl-1c">
         <path>.\source\</path>
         <kind>object</kind>
         <file>sys_selftest.obj</file>
         <name>sys_selftest.obj</name>
      </input_file>
      <input_file id="fl-1d">
         <path>.\source\</path>
         <kind>object</kind>
         <file>sys_startup.obj</file>
         <name>sys_startup.obj</name>
      </input_file>
      <input_file id="fl-1e">
         <path>.\source\</path>
         <kind>object</kind>
         <file>sys_vim.obj</file>
         <name>sys_vim.obj</name>
      </input_file>
      <input_file id="fl-1f">
         <path>.\source\</path>
         <kind>object</kind>
         <file>system.obj</file>
         <name>system.obj</name>
      </input_file>
      <input_file id="fl-23">
         <kind>object</kind>
         <file>&lt;internal&gt;</file>
         <name>&lt;internal&gt;</name>
      </input_file>
      <input_file id="fl-24">
         <path>C:\ti\ccsv6\tools\compiler\ti-cgt-arm_15.12.7.LTS\lib\</path>
         <kind>archive</kind>
         <file>rtsv7R4_T_be_v3D16_eabi.lib</file>
         <name>autoinit.obj</name>
      </input_file>
      <input_file id="fl-25">
         <path>C:\ti\ccsv6\tools\compiler\ti-cgt-arm_15.12.7.LTS\lib\</path>
         <kind>archive</kind>
         <file>rtsv7R4_T_be_v3D16_eabi.lib</file>
         <name>copy_decompress_none.obj</name>
      </input_file>
      <input_file id="fl-26">
         <path>C:\ti\ccsv6\tools\compiler\ti-cgt-arm_15.12.7.LTS\lib\</path>
         <kind>archive</kind>
         <file>rtsv7R4_T_be_v3D16_eabi.lib</file>
         <name>copy_decompress_rle.obj</name>
      </input_file>
      <input_file id="fl-27">
         <path>C:\ti\ccsv6\tools\compiler\ti-cgt-arm_15.12.7.LTS\lib\</path>
         <kind>archive</kind>
         <file>rtsv7R4_T_be_v3D16_eabi.lib</file>
         <name>copy_zero_init.obj</name>
      </input_file>
      <input_file id="fl-28">
         <path>C:\ti\ccsv6\tools\compiler\ti-cgt-arm_15.12.7.LTS\lib\</path>
         <kind>archive</kind>
         <file>rtsv7R4_T_be_v3D16_eabi.lib</file>
         <name>cpy_tbl.obj</name>
      </input_file>
      <input_file id="fl-29">
         <path>C:\ti\ccsv6\tools\compiler\ti-cgt-arm_15.12.7.LTS\lib\</path>
         <kind>archive</kind>
         <file>rtsv7R4_T_be_v3D16_eabi.lib</file>
         <name>exit.obj</name>
      </input_file>
      <input_file id="fl-2a">
         <path>C:\ti\ccsv6\tools\compiler\ti-cgt-arm_15.12.7.LTS\lib\</path>
         <kind>archive</kind>
         <file>rtsv7R4_T_be_v3D16_eabi.lib</file>
         <name>i_div32.obj</name>
      </input_file>
      <input_file id="fl-2b">
         <path>C:\ti\ccsv6\tools\compiler\ti-cgt-arm_15.12.7.LTS\lib\</path>
         <kind>archive</kind>
         <file>rtsv7R4_T_be_v3D16_eabi.lib</file>
         <name>memcpy_t2.obj</name>
      </input_file>
      <input_file id="fl-2c">
         <path>C:\ti\ccsv6\tools\compiler\ti-cgt-arm_15.12.7.LTS\lib\</path>
         <kind>archive</kind>
         <file>rtsv7R4_T_be_v3D16_eabi.lib</file>
         <name>memset_t2.obj</name>
      </input_file>
      <input_file id="fl-2d">
         <path>C:\ti\ccsv6\tools\compiler\ti-cgt-arm_15.12.7.LTS\lib\</path>
         <kind>archive</kind>
         <file>rtsv7R4_T_be_v3D16_eabi.lib</file>
         <name>s_floor.obj</name>
      </input_file>
      <input_file id="fl-2e">
         <path>C:\ti\ccsv6\tools\compiler\ti-cgt-arm_15.12.7.LTS\lib\</path>
         <kind>archive</kind>
         <file>rtsv7R4_T_be_v3D16_eabi.lib</file>
         <name>startup.obj</name>
      </input_file>
      <input_file id="fl-2f">
         <path>C:\ti\ccsv6\tools\compiler\ti-cgt-arm_15.12.7.LTS\lib\</path>
         <kind>archive</kind>
         <file>rtsv7R4_T_be_v3D16_eabi.lib</file>
         <name>u_div32.obj</name>
      </input_file>
      <input_file id="fl-30">
         <path>C:\ti\ccsv6\tools\compiler\ti-cgt-arm_15.12.7.LTS\lib\</path>
         <kind>archive</kind>
         <file>rtsv7R4_T_be_v3D16_eabi.lib</file>
         <name>_lock.obj</name>
      </input_file>
      <input_file id="fl-31">
         <path>C:\ti\ccsv6\tools\compiler\ti-cgt-arm_15.12.7.LTS\lib\</path>
         <kind>archive</kind>
         <file>rtsv7R4_T_be_v3D16_eabi.lib</file>
         <name>i_div0.obj</name>
      </input_file>
   </input_file_list>
   <object_component_list>
      <object_component id="oc-39">
         <name>.intvecs</name>
         <load_address>0x0</load_address>
         <run_address>0x0</run_address>
         <size>0x20</size>
         <input_file_ref idref="fl-15"/>
      </object_component>
      <object_component id="oc-80">
         <name>.text</name>
         <load_address>0x20</load_address>
         <run_address>0x20</run_address>
         <size>0x28c0</size>
         <input_file_ref idref="fl-1c"/>
      </object_component>
      <object_component id="oc-115">
         <name>.text</name>
         <load_address>0x28e0</load_address>
         <run_address>0x28e0</run_address>
         <size>0x1564</size>
         <input_file_ref idref="fl-2"/>
      </object_component>
      <object_component id="oc-7a">
         <name>.text</name>
         <load_address>0x3e44</load_address>
         <run_address>0x3e44</run_address>
         <size>0xb2c</size>
         <input_file_ref idref="fl-1f"/>
      </object_component>
      <object_component id="oc-46">
         <name>.text</name>
         <load_address>0x4970</load_address>
         <run_address>0x4970</run_address>
         <size>0xa54</size>
         <input_file_ref idref="fl-1e"/>
      </object_component>
      <object_component id="oc-109">
         <name>.text</name>
         <load_address>0x53c4</load_address>
         <run_address>0x53c4</run_address>
         <size>0xa2c</size>
         <input_file_ref idref="fl-12"/>
      </object_component>
      <object_component id="oc-df">
         <name>.text</name>
         <load_address>0x5df0</load_address>
         <run_address>0x5df0</run_address>
         <size>0x8bc</size>
         <input_file_ref idref="fl-10"/>
      </object_component>
      <object_component id="oc-10f">
         <name>.text</name>
         <load_address>0x66ac</load_address>
         <run_address>0x66ac</run_address>
         <size>0x638</size>
         <input_file_ref idref="fl-11"/>
      </object_component>
      <object_component id="oc-86">
         <name>.text</name>
         <load_address>0x6ce4</load_address>
         <run_address>0x6ce4</run_address>
         <size>0x5e8</size>
         <input_file_ref idref="fl-a"/>
      </object_component>
      <object_component id="oc-33">
         <name>.text:retain</name>
         <load_address>0x72cc</load_address>
         <run_address>0x72cc</run_address>
         <size>0x5d4</size>
         <input_file_ref idref="fl-12"/>
      </object_component>
      <object_component id="oc-103">
         <name>.text</name>
         <load_address>0x78a0</load_address>
         <run_address>0x78a0</run_address>
         <size>0x484</size>
         <input_file_ref idref="fl-c"/>
      </object_component>
      <object_component id="oc-75">
         <name>.text</name>
         <load_address>0x7d24</load_address>
         <run_address>0x7d24</run_address>
         <size>0x34c</size>
         <input_file_ref idref="fl-13"/>
      </object_component>
      <object_component id="oc-44">
         <name>.text:retain</name>
         <load_address>0x8070</load_address>
         <run_address>0x8070</run_address>
         <size>0x2cc</size>
         <input_file_ref idref="fl-1e"/>
      </object_component>
      <object_component id="oc-1e">
         <name>.text:retain</name>
         <load_address>0x833c</load_address>
         <run_address>0x833c</run_address>
         <size>0x254</size>
         <input_file_ref idref="fl-1d"/>
      </object_component>
      <object_component id="oc-9f">
         <name>.text</name>
         <load_address>0x8590</load_address>
         <run_address>0x8590</run_address>
         <size>0x1f0</size>
         <input_file_ref idref="fl-f"/>
      </object_component>
      <object_component id="oc-2d">
         <name>.text:retain</name>
         <load_address>0x8780</load_address>
         <run_address>0x8780</run_address>
         <size>0x124</size>
         <input_file_ref idref="fl-11"/>
      </object_component>
      <object_component id="oc-24">
         <name>.text:retain</name>
         <load_address>0x88a4</load_address>
         <run_address>0x88a4</run_address>
         <size>0x114</size>
         <input_file_ref idref="fl-a"/>
      </object_component>
      <object_component id="oc-b3">
         <name>.text</name>
         <load_address>0x89b8</load_address>
         <run_address>0x89b8</run_address>
         <size>0xe8</size>
         <input_file_ref idref="fl-6"/>
      </object_component>
      <object_component id="oc-1be">
         <name>.text</name>
         <load_address>0x8aa0</load_address>
         <run_address>0x8aa0</run_address>
         <size>0xe0</size>
         <input_file_ref idref="fl-2d"/>
      </object_component>
      <object_component id="oc-e7">
         <name>.text</name>
         <load_address>0x8b80</load_address>
         <run_address>0x8b80</run_address>
         <size>0xe0</size>
         <input_file_ref idref="fl-1b"/>
      </object_component>
      <object_component id="oc-50">
         <name>.text</name>
         <load_address>0x8c60</load_address>
         <run_address>0x8c60</run_address>
         <size>0x9c</size>
         <input_file_ref idref="fl-2b"/>
      </object_component>
      <object_component id="oc-69">
         <name>.text</name>
         <load_address>0x8cfc</load_address>
         <run_address>0x8cfc</run_address>
         <size>0x7a</size>
         <input_file_ref idref="fl-2c"/>
      </object_component>
      <object_component id="oc-247">
         <name>.text</name>
         <load_address>0x8d76</load_address>
         <run_address>0x8d76</run_address>
         <size>0x2</size>
         <input_file_ref idref="fl-31"/>
      </object_component>
      <object_component id="oc-8c">
         <name>.text</name>
         <load_address>0x8d78</load_address>
         <run_address>0x8d78</run_address>
         <size>0x70</size>
         <input_file_ref idref="fl-24"/>
      </object_component>
      <object_component id="oc-5c">
         <name>.text</name>
         <load_address>0x8de8</load_address>
         <run_address>0x8de8</run_address>
         <size>0x6a</size>
         <input_file_ref idref="fl-26"/>
      </object_component>
      <object_component id="oc-fb">
         <name>.text</name>
         <load_address>0x8e52</load_address>
         <run_address>0x8e52</run_address>
         <size>0x2</size>
         <input_file_ref idref="fl-2e"/>
      </object_component>
      <object_component id="oc-1cc">
         <name>.text</name>
         <load_address>0x8e54</load_address>
         <run_address>0x8e54</run_address>
         <size>0x54</size>
         <input_file_ref idref="fl-2a"/>
      </object_component>
      <object_component id="oc-98">
         <name>.text</name>
         <load_address>0x8ea8</load_address>
         <run_address>0x8ea8</run_address>
         <size>0x50</size>
         <input_file_ref idref="fl-29"/>
      </object_component>
      <object_component id="oc-f5">
         <name>.text</name>
         <load_address>0x8ef8</load_address>
         <run_address>0x8ef8</run_address>
         <size>0x4c</size>
         <input_file_ref idref="fl-28"/>
      </object_component>
      <object_component id="oc-92">
         <name>.text</name>
         <load_address>0x8f44</load_address>
         <run_address>0x8f44</run_address>
         <size>0x48</size>
         <input_file_ref idref="fl-16"/>
      </object_component>
      <object_component id="oc-1d9">
         <name>.text</name>
         <load_address>0x8f8c</load_address>
         <run_address>0x8f8c</run_address>
         <size>0x14</size>
         <input_file_ref idref="fl-30"/>
      </object_component>
      <object_component id="oc-c">
         <name>.text:decompress:none</name>
         <load_address>0x8fa0</load_address>
         <run_address>0x8fa0</run_address>
         <size>0xe</size>
         <input_file_ref idref="fl-25"/>
      </object_component>
      <object_component id="oc-12">
         <name>.text:decompress:rle24</name>
         <load_address>0x8fae</load_address>
         <run_address>0x8fae</run_address>
         <size>0x6</size>
         <input_file_ref idref="fl-26"/>
      </object_component>
      <object_component id="oc-3e">
         <name>.text:retain</name>
         <load_address>0x8fb4</load_address>
         <run_address>0x8fb4</run_address>
         <size>0x4</size>
         <input_file_ref idref="fl-19"/>
      </object_component>
      <object_component id="oc-1d1">
         <name>.const:crc16_table</name>
         <load_address>0x8fb8</load_address>
         <run_address>0x8fb8</run_address>
         <size>0x200</size>
         <input_file_ref idref="fl-2"/>
      </object_component>
      <object_component id="oc-2a">
         <name>.const:s_vim_init</name>
         <load_address>0x91b8</load_address>
         <run_address>0x91b8</run_address>
         <size>0x200</size>
         <input_file_ref idref="fl-1e"/>
      </object_component>
      <object_component id="oc-2ba">
         <name>.cinit..data.load</name>
         <load_address>0x93b8</load_address>
         <run_address>0x93b8</run_address>
         <size>0x14</size>
      </object_component>
      <object_component id="oc-2b9">
         <name>.cinit..bss.load</name>
         <load_address>0x93d0</load_address>
         <run_address>0x93d0</run_address>
         <size>0x9</size>
      </object_component>
      <object_component id="oc-2b7">
         <name>__TI_handler_table</name>
         <load_address>0x93dc</load_address>
         <run_address>0x93dc</run_address>
         <size>0x8</size>
      </object_component>
      <object_component id="oc-2b8">
         <name>__TI_cinit_table</name>
         <load_address>0x93e4</load_address>
         <run_address>0x93e4</run_address>
         <size>0x10</size>
      </object_component>
      <object_component id="oc-1d4">
         <name>.bss</name>
         <uninitialized>true</uninitialized>
         <run_address>0x8001528</run_address>
         <size>0x4</size>
         <input_file_ref idref="fl-2"/>
      </object_component>
      <object_component id="oc-af">
         <name>.bss:g_sciTransfer_t</name>
         <uninitialized>true</uninitialized>
         <run_address>0x8001500</run_address>
         <size>0x28</size>
         <input_file_ref idref="fl-12"/>
      </object_component>
      <object_component id="oc-12f">
         <name>.data</name>
         <load_address>0x8001540</load_address>
         <run_address>0x8001540</run_address>
         <size>0x2</size>
         <input_file_ref idref="fl-16"/>
      </object_component>
      <object_component id="oc-126">
         <name>.data:$O1$$</name>
         <load_address>0x800152c</load_address>
         <run_address>0x800152c</run_address>
         <size>0xc</size>
         <input_file_ref idref="fl-29"/>
      </object_component>
      <object_component id="oc-129">
         <name>.data:$O1$$</name>
         <load_address>0x8001538</load_address>
         <run_address>0x8001538</run_address>
         <size>0x8</size>
         <input_file_ref idref="fl-30"/>
      </object_component>
      <object_component id="oc-1d6">
         <name>.debug_info</name>
         <load_address>0x0</load_address>
         <run_address>0x0</run_address>
         <size>0x477</size>
         <input_file_ref idref="fl-2"/>
      </object_component>
      <object_component id="oc-1d2">
         <name>.debug_info</name>
         <load_address>0x477</load_address>
         <run_address>0x477</run_address>
         <size>0xdb</size>
         <input_file_ref idref="fl-2"/>
      </object_component>
      <object_component id="oc-116">
         <name>.debug_info</name>
         <load_address>0x552</load_address>
         <run_address>0x552</run_address>
         <size>0x1530</size>
         <input_file_ref idref="fl-2"/>
      </object_component>
      <object_component id="oc-a6">
         <name>.debug_info</name>
         <load_address>0x1a82</load_address>
         <run_address>0x1a82</run_address>
         <size>0x157</size>
         <input_file_ref idref="fl-2"/>
      </object_component>
      <object_component id="oc-1e9">
         <name>.debug_info</name>
         <load_address>0x1bd9</load_address>
         <run_address>0x1bd9</run_address>
         <size>0x306</size>
         <input_file_ref idref="fl-2"/>
      </object_component>
      <object_component id="oc-121">
         <name>.debug_info</name>
         <load_address>0x1edf</load_address>
         <run_address>0x1edf</run_address>
         <size>0x4aa</size>
         <input_file_ref idref="fl-2"/>
      </object_component>
      <object_component id="oc-11c">
         <name>.debug_info</name>
         <load_address>0x2389</load_address>
         <run_address>0x2389</run_address>
         <size>0x8b</size>
         <input_file_ref idref="fl-2"/>
      </object_component>
      <object_component id="oc-139">
         <name>.debug_info</name>
         <load_address>0x2414</load_address>
         <run_address>0x2414</run_address>
         <size>0x18b</size>
         <input_file_ref idref="fl-2"/>
      </object_component>
      <object_component id="oc-d6">
         <name>.debug_info</name>
         <load_address>0x259f</load_address>
         <run_address>0x259f</run_address>
         <size>0x2c</size>
         <input_file_ref idref="fl-2"/>
      </object_component>
      <object_component id="oc-c0">
         <name>.debug_info</name>
         <load_address>0x25cb</load_address>
         <run_address>0x25cb</run_address>
         <size>0x86</size>
         <input_file_ref idref="fl-2"/>
      </object_component>
      <object_component id="oc-1c6">
         <name>.debug_info</name>
         <load_address>0x2651</load_address>
         <run_address>0x2651</run_address>
         <size>0x1d4</size>
         <input_file_ref idref="fl-2"/>
      </object_component>
      <object_component id="oc-14a">
         <name>.debug_info</name>
         <load_address>0x2825</load_address>
         <run_address>0x2825</run_address>
         <size>0x1f9</size>
         <input_file_ref idref="fl-2"/>
      </object_component>
      <object_component id="oc-239">
         <name>.debug_info</name>
         <load_address>0x2a1e</load_address>
         <run_address>0x2a1e</run_address>
         <size>0x12a</size>
         <input_file_ref idref="fl-2"/>
      </object_component>
      <object_component id="oc-20c">
         <name>.debug_info</name>
         <load_address>0x2b48</load_address>
         <run_address>0x2b48</run_address>
         <size>0x243</size>
         <input_file_ref idref="fl-2"/>
      </object_component>
      <object_component id="oc-218">
         <name>.debug_info</name>
         <load_address>0x2d8b</load_address>
         <run_address>0x2d8b</run_address>
         <size>0x18e</size>
         <input_file_ref idref="fl-2"/>
      </object_component>
      <object_component id="oc-167">
         <name>.debug_info</name>
         <load_address>0x2f19</load_address>
         <run_address>0x2f19</run_address>
         <size>0x15d</size>
         <input_file_ref idref="fl-3"/>
      </object_component>
      <object_component id="oc-16c">
         <name>.debug_info</name>
         <load_address>0x3076</load_address>
         <run_address>0x3076</run_address>
         <size>0x791</size>
         <input_file_ref idref="fl-3"/>
      </object_component>
      <object_component id="oc-bb">
         <name>.debug_info</name>
         <load_address>0x3807</load_address>
         <run_address>0x3807</run_address>
         <size>0x18c</size>
         <input_file_ref idref="fl-3"/>
      </object_component>
      <object_component id="oc-21f">
         <name>.debug_info</name>
         <load_address>0x3993</load_address>
         <run_address>0x3993</run_address>
         <size>0x38f</size>
         <input_file_ref idref="fl-3"/>
      </object_component>
      <object_component id="oc-159">
         <name>.debug_info</name>
         <load_address>0x3d22</load_address>
         <run_address>0x3d22</run_address>
         <size>0x2d0</size>
         <input_file_ref idref="fl-3"/>
      </object_component>
      <object_component id="oc-22c">
         <name>.debug_info</name>
         <load_address>0x3ff2</load_address>
         <run_address>0x3ff2</run_address>
         <size>0x159</size>
         <input_file_ref idref="fl-4"/>
      </object_component>
      <object_component id="oc-17b">
         <name>.debug_info</name>
         <load_address>0x414b</load_address>
         <run_address>0x414b</run_address>
         <size>0x437</size>
         <input_file_ref idref="fl-4"/>
      </object_component>
      <object_component id="oc-262">
         <name>.debug_info</name>
         <load_address>0x4582</load_address>
         <run_address>0x4582</run_address>
         <size>0x15f</size>
         <input_file_ref idref="fl-4"/>
      </object_component>
      <object_component id="oc-255">
         <name>.debug_info</name>
         <load_address>0x46e1</load_address>
         <run_address>0x46e1</run_address>
         <size>0x107</size>
         <input_file_ref idref="fl-5"/>
      </object_component>
      <object_component id="oc-1f3">
         <name>.debug_info</name>
         <load_address>0x47e8</load_address>
         <run_address>0x47e8</run_address>
         <size>0x3b8</size>
         <input_file_ref idref="fl-5"/>
      </object_component>
      <object_component id="oc-281">
         <name>.debug_info</name>
         <load_address>0x4ba0</load_address>
         <run_address>0x4ba0</run_address>
         <size>0x22c</size>
         <input_file_ref idref="fl-5"/>
      </object_component>
      <object_component id="oc-b5">
         <name>.debug_info</name>
         <load_address>0x4dcc</load_address>
         <run_address>0x4dcc</run_address>
         <size>0xf6</size>
         <input_file_ref idref="fl-6"/>
      </object_component>
      <object_component id="oc-256">
         <name>.debug_info</name>
         <load_address>0x4ec2</load_address>
         <run_address>0x4ec2</run_address>
         <size>0xdc</size>
         <input_file_ref idref="fl-7"/>
      </object_component>
      <object_component id="oc-288">
         <name>.debug_info</name>
         <load_address>0x4f9e</load_address>
         <run_address>0x4f9e</run_address>
         <size>0x155</size>
         <input_file_ref idref="fl-7"/>
      </object_component>
      <object_component id="oc-1f8">
         <name>.debug_info</name>
         <load_address>0x50f3</load_address>
         <run_address>0x50f3</run_address>
         <size>0x116</size>
         <input_file_ref idref="fl-7"/>
      </object_component>
      <object_component id="oc-257">
         <name>.debug_info</name>
         <load_address>0x5209</load_address>
         <run_address>0x5209</run_address>
         <size>0xf9</size>
         <input_file_ref idref="fl-8"/>
      </object_component>
      <object_component id="oc-28f">
         <name>.debug_info</name>
         <load_address>0x5302</load_address>
         <run_address>0x5302</run_address>
         <size>0x359</size>
         <input_file_ref idref="fl-8"/>
      </object_component>
      <object_component id="oc-1fd">
         <name>.debug_info</name>
         <load_address>0x565b</load_address>
         <run_address>0x565b</run_address>
         <size>0x152</size>
         <input_file_ref idref="fl-8"/>
      </object_component>
      <object_component id="oc-258">
         <name>.debug_info</name>
         <load_address>0x57ad</load_address>
         <run_address>0x57ad</run_address>
         <size>0xdd</size>
         <input_file_ref idref="fl-9"/>
      </object_component>
      <object_component id="oc-296">
         <name>.debug_info</name>
         <load_address>0x588a</load_address>
         <run_address>0x588a</run_address>
         <size>0x669</size>
         <input_file_ref idref="fl-9"/>
      </object_component>
      <object_component id="oc-202">
         <name>.debug_info</name>
         <load_address>0x5ef3</load_address>
         <run_address>0x5ef3</run_address>
         <size>0x22e</size>
         <input_file_ref idref="fl-9"/>
      </object_component>
      <object_component id="oc-f4">
         <name>.debug_info</name>
         <load_address>0x6121</load_address>
         <run_address>0x6121</run_address>
         <size>0x15e</size>
         <input_file_ref idref="fl-a"/>
      </object_component>
      <object_component id="oc-88">
         <name>.debug_info</name>
         <load_address>0x627f</load_address>
         <run_address>0x627f</run_address>
         <size>0xb1f</size>
         <input_file_ref idref="fl-a"/>
      </object_component>
      <object_component id="oc-25">
         <name>.debug_info</name>
         <load_address>0x6d9e</load_address>
         <run_address>0x6d9e</run_address>
         <size>0x17f</size>
         <input_file_ref idref="fl-a"/>
      </object_component>
      <object_component id="oc-140">
         <name>.debug_info</name>
         <load_address>0x6f1d</load_address>
         <run_address>0x6f1d</run_address>
         <size>0x1de</size>
         <input_file_ref idref="fl-a"/>
      </object_component>
      <object_component id="oc-ef">
         <name>.debug_info</name>
         <load_address>0x70fb</load_address>
         <run_address>0x70fb</run_address>
         <size>0x129</size>
         <input_file_ref idref="fl-a"/>
      </object_component>
      <object_component id="oc-22e">
         <name>.debug_info</name>
         <load_address>0x7224</load_address>
         <run_address>0x7224</run_address>
         <size>0xfb</size>
         <input_file_ref idref="fl-b"/>
      </object_component>
      <object_component id="oc-270">
         <name>.debug_info</name>
         <load_address>0x731f</load_address>
         <run_address>0x731f</run_address>
         <size>0xc6d</size>
         <input_file_ref idref="fl-b"/>
      </object_component>
      <object_component id="oc-207">
         <name>.debug_info</name>
         <load_address>0x7f8c</load_address>
         <run_address>0x7f8c</run_address>
         <size>0x396</size>
         <input_file_ref idref="fl-b"/>
      </object_component>
      <object_component id="oc-18a">
         <name>.debug_info</name>
         <load_address>0x8322</load_address>
         <run_address>0x8322</run_address>
         <size>0x508</size>
         <input_file_ref idref="fl-b"/>
      </object_component>
      <object_component id="oc-226">
         <name>.debug_info</name>
         <load_address>0x882a</load_address>
         <run_address>0x882a</run_address>
         <size>0x43c</size>
         <input_file_ref idref="fl-b"/>
      </object_component>
      <object_component id="oc-1bd">
         <name>.debug_info</name>
         <load_address>0x8c66</load_address>
         <run_address>0x8c66</run_address>
         <size>0xe1</size>
         <input_file_ref idref="fl-c"/>
      </object_component>
      <object_component id="oc-106">
         <name>.debug_info</name>
         <load_address>0x8d47</load_address>
         <run_address>0x8d47</run_address>
         <size>0x6d7</size>
         <input_file_ref idref="fl-c"/>
      </object_component>
      <object_component id="oc-22d">
         <name>.debug_info</name>
         <load_address>0x941e</load_address>
         <run_address>0x941e</run_address>
         <size>0x174</size>
         <input_file_ref idref="fl-d"/>
      </object_component>
      <object_component id="oc-185">
         <name>.debug_info</name>
         <load_address>0x9592</load_address>
         <run_address>0x9592</run_address>
         <size>0x3d3</size>
         <input_file_ref idref="fl-d"/>
      </object_component>
      <object_component id="oc-269">
         <name>.debug_info</name>
         <load_address>0x9965</load_address>
         <run_address>0x9965</run_address>
         <size>0x2e3</size>
         <input_file_ref idref="fl-d"/>
      </object_component>
      <object_component id="oc-22b">
         <name>.debug_info</name>
         <load_address>0x9c48</load_address>
         <run_address>0x9c48</run_address>
         <size>0x142</size>
         <input_file_ref idref="fl-e"/>
      </object_component>
      <object_component id="oc-171">
         <name>.debug_info</name>
         <load_address>0x9d8a</load_address>
         <run_address>0x9d8a</run_address>
         <size>0x4de</size>
         <input_file_ref idref="fl-e"/>
      </object_component>
      <object_component id="oc-25b">
         <name>.debug_info</name>
         <load_address>0xa268</load_address>
         <run_address>0xa268</run_address>
         <size>0x44e</size>
         <input_file_ref idref="fl-e"/>
      </object_component>
      <object_component id="oc-133">
         <name>.debug_info</name>
         <load_address>0xa6b6</load_address>
         <run_address>0xa6b6</run_address>
         <size>0x3c6</size>
         <input_file_ref idref="fl-f"/>
      </object_component>
      <object_component id="oc-a0">
         <name>.debug_info</name>
         <load_address>0xaa7c</load_address>
         <run_address>0xaa7c</run_address>
         <size>0x136e</size>
         <input_file_ref idref="fl-f"/>
      </object_component>
      <object_component id="oc-176">
         <name>.debug_info</name>
         <load_address>0xbdea</load_address>
         <run_address>0xbdea</run_address>
         <size>0x3ce</size>
         <input_file_ref idref="fl-f"/>
      </object_component>
      <object_component id="oc-1ee">
         <name>.debug_info</name>
         <load_address>0xc1b8</load_address>
         <run_address>0xc1b8</run_address>
         <size>0x7cd</size>
         <input_file_ref idref="fl-f"/>
      </object_component>
      <object_component id="oc-134">
         <name>.debug_info</name>
         <load_address>0xc985</load_address>
         <run_address>0xc985</run_address>
         <size>0x673</size>
         <input_file_ref idref="fl-f"/>
      </object_component>
      <object_component id="oc-1a6">
         <name>.debug_info</name>
         <load_address>0xcff8</load_address>
         <run_address>0xcff8</run_address>
         <size>0x37b</size>
         <input_file_ref idref="fl-f"/>
      </object_component>
      <object_component id="oc-180">
         <name>.debug_info</name>
         <load_address>0xd373</load_address>
         <run_address>0xd373</run_address>
         <size>0x1ca</size>
         <input_file_ref idref="fl-f"/>
      </object_component>
      <object_component id="oc-145">
         <name>.debug_info</name>
         <load_address>0xd53d</load_address>
         <run_address>0xd53d</run_address>
         <size>0x435</size>
         <input_file_ref idref="fl-f"/>
      </object_component>
      <object_component id="oc-199">
         <name>.debug_info</name>
         <load_address>0xd972</load_address>
         <run_address>0xd972</run_address>
         <size>0x551</size>
         <input_file_ref idref="fl-f"/>
      </object_component>
      <object_component id="oc-18f">
         <name>.debug_info</name>
         <load_address>0xdec3</load_address>
         <run_address>0xdec3</run_address>
         <size>0x1de</size>
         <input_file_ref idref="fl-f"/>
      </object_component>
      <object_component id="oc-19e">
         <name>.debug_info</name>
         <load_address>0xe0a1</load_address>
         <run_address>0xe0a1</run_address>
         <size>0x17a</size>
         <input_file_ref idref="fl-f"/>
      </object_component>
      <object_component id="oc-14f">
         <name>.debug_info</name>
         <load_address>0xe21b</load_address>
         <run_address>0xe21b</run_address>
         <size>0x6a6</size>
         <input_file_ref idref="fl-f"/>
      </object_component>
      <object_component id="oc-154">
         <name>.debug_info</name>
         <load_address>0xe8c1</load_address>
         <run_address>0xe8c1</run_address>
         <size>0x13e</size>
         <input_file_ref idref="fl-f"/>
      </object_component>
      <object_component id="oc-169">
         <name>.debug_info</name>
         <load_address>0xe9ff</load_address>
         <run_address>0xe9ff</run_address>
         <size>0xc8</size>
         <input_file_ref idref="fl-10"/>
      </object_component>
      <object_component id="oc-e2">
         <name>.debug_info</name>
         <load_address>0xeac7</load_address>
         <run_address>0xeac7</run_address>
         <size>0x1dd</size>
         <input_file_ref idref="fl-10"/>
      </object_component>
      <object_component id="oc-1cb">
         <name>.debug_info</name>
         <load_address>0xeca4</load_address>
         <run_address>0xeca4</run_address>
         <size>0x131</size>
         <input_file_ref idref="fl-11"/>
      </object_component>
      <object_component id="oc-111">
         <name>.debug_info</name>
         <load_address>0xedd5</load_address>
         <run_address>0xedd5</run_address>
         <size>0xd1b</size>
         <input_file_ref idref="fl-11"/>
      </object_component>
      <object_component id="oc-2e">
         <name>.debug_info</name>
         <load_address>0xfaf0</load_address>
         <run_address>0xfaf0</run_address>
         <size>0x2bc</size>
         <input_file_ref idref="fl-11"/>
      </object_component>
      <object_component id="oc-165">
         <name>.debug_info</name>
         <load_address>0xfdac</load_address>
         <run_address>0xfdac</run_address>
         <size>0x1b2</size>
         <input_file_ref idref="fl-12"/>
      </object_component>
      <object_component id="oc-b0">
         <name>.debug_info</name>
         <load_address>0xff5e</load_address>
         <run_address>0xff5e</run_address>
         <size>0xde</size>
         <input_file_ref idref="fl-12"/>
      </object_component>
      <object_component id="oc-10b">
         <name>.debug_info</name>
         <load_address>0x1003c</load_address>
         <run_address>0x1003c</run_address>
         <size>0xcf9</size>
         <input_file_ref idref="fl-12"/>
      </object_component>
      <object_component id="oc-35">
         <name>.debug_info</name>
         <load_address>0x10d35</load_address>
         <run_address>0x10d35</run_address>
         <size>0x49d</size>
         <input_file_ref idref="fl-12"/>
      </object_component>
      <object_component id="oc-213">
         <name>.debug_info</name>
         <load_address>0x111d2</load_address>
         <run_address>0x111d2</run_address>
         <size>0x91</size>
         <input_file_ref idref="fl-12"/>
      </object_component>
      <object_component id="oc-76">
         <name>.debug_info</name>
         <load_address>0x11263</load_address>
         <run_address>0x11263</run_address>
         <size>0x7eb</size>
         <input_file_ref idref="fl-13"/>
      </object_component>
      <object_component id="oc-3a">
         <name>.debug_info</name>
         <load_address>0x11a4e</load_address>
         <run_address>0x11a4e</run_address>
         <size>0xfe</size>
         <input_file_ref idref="fl-15"/>
      </object_component>
      <object_component id="oc-130">
         <name>.debug_info</name>
         <load_address>0x11b4c</load_address>
         <run_address>0x11b4c</run_address>
         <size>0x103</size>
         <input_file_ref idref="fl-16"/>
      </object_component>
      <object_component id="oc-94">
         <name>.debug_info</name>
         <load_address>0x11c4f</load_address>
         <run_address>0x11c4f</run_address>
         <size>0x1d0</size>
         <input_file_ref idref="fl-16"/>
      </object_component>
      <object_component id="oc-22f">
         <name>.debug_info</name>
         <load_address>0x11e1f</load_address>
         <run_address>0x11e1f</run_address>
         <size>0xe7</size>
         <input_file_ref idref="fl-18"/>
      </object_component>
      <object_component id="oc-277">
         <name>.debug_info</name>
         <load_address>0x11f06</load_address>
         <run_address>0x11f06</run_address>
         <size>0x242</size>
         <input_file_ref idref="fl-18"/>
      </object_component>
      <object_component id="oc-194">
         <name>.debug_info</name>
         <load_address>0x12148</load_address>
         <run_address>0x12148</run_address>
         <size>0x2af</size>
         <input_file_ref idref="fl-18"/>
      </object_component>
      <object_component id="oc-41">
         <name>.debug_info</name>
         <load_address>0x123f7</load_address>
         <run_address>0x123f7</run_address>
         <size>0x130</size>
         <input_file_ref idref="fl-19"/>
      </object_component>
      <object_component id="oc-ea">
         <name>.debug_info</name>
         <load_address>0x12527</load_address>
         <run_address>0x12527</run_address>
         <size>0x35d</size>
         <input_file_ref idref="fl-1b"/>
      </object_component>
      <object_component id="oc-ed">
         <name>.debug_info</name>
         <load_address>0x12884</load_address>
         <run_address>0x12884</run_address>
         <size>0x4b7</size>
         <input_file_ref idref="fl-1c"/>
      </object_component>
      <object_component id="oc-81">
         <name>.debug_info</name>
         <load_address>0x12d3b</load_address>
         <run_address>0x12d3b</run_address>
         <size>0x2b1a</size>
         <input_file_ref idref="fl-1c"/>
      </object_component>
      <object_component id="oc-1f">
         <name>.debug_info</name>
         <load_address>0x15855</load_address>
         <run_address>0x15855</run_address>
         <size>0x56c</size>
         <input_file_ref idref="fl-1d"/>
      </object_component>
      <object_component id="oc-ad">
         <name>.debug_info</name>
         <load_address>0x15dc1</load_address>
         <run_address>0x15dc1</run_address>
         <size>0x3e7</size>
         <input_file_ref idref="fl-1e"/>
      </object_component>
      <object_component id="oc-2b">
         <name>.debug_info</name>
         <load_address>0x161a8</load_address>
         <run_address>0x161a8</run_address>
         <size>0xd8</size>
         <input_file_ref idref="fl-1e"/>
      </object_component>
      <object_component id="oc-48">
         <name>.debug_info</name>
         <load_address>0x16280</load_address>
         <run_address>0x16280</run_address>
         <size>0x46a</size>
         <input_file_ref idref="fl-1e"/>
      </object_component>
      <object_component id="oc-4c">
         <name>.debug_info</name>
         <load_address>0x166ea</load_address>
         <run_address>0x166ea</run_address>
         <size>0x1f3</size>
         <input_file_ref idref="fl-1e"/>
      </object_component>
      <object_component id="oc-15e">
         <name>.debug_info</name>
         <load_address>0x168dd</load_address>
         <run_address>0x168dd</run_address>
         <size>0x4f</size>
         <input_file_ref idref="fl-1e"/>
      </object_component>
      <object_component id="oc-e6">
         <name>.debug_info</name>
         <load_address>0x1692c</load_address>
         <run_address>0x1692c</run_address>
         <size>0x385</size>
         <input_file_ref idref="fl-1f"/>
      </object_component>
      <object_component id="oc-7b">
         <name>.debug_info</name>
         <load_address>0x16cb1</load_address>
         <run_address>0x16cb1</run_address>
         <size>0x73c</size>
         <input_file_ref idref="fl-1f"/>
      </object_component>
      <object_component id="oc-102">
         <name>.debug_info</name>
         <load_address>0x173ed</load_address>
         <run_address>0x173ed</run_address>
         <size>0x2ea</size>
         <input_file_ref idref="fl-24"/>
      </object_component>
      <object_component id="oc-8f">
         <name>.debug_info</name>
         <load_address>0x176d7</load_address>
         <run_address>0x176d7</run_address>
         <size>0x191</size>
         <input_file_ref idref="fl-24"/>
      </object_component>
      <object_component id="oc-ce">
         <name>.debug_info</name>
         <load_address>0x17868</load_address>
         <run_address>0x17868</run_address>
         <size>0x84</size>
         <input_file_ref idref="fl-24"/>
      </object_component>
      <object_component id="oc-1b2">
         <name>.debug_info</name>
         <load_address>0x178ec</load_address>
         <run_address>0x178ec</run_address>
         <size>0x39</size>
         <input_file_ref idref="fl-24"/>
      </object_component>
      <object_component id="oc-1b7">
         <name>.debug_info</name>
         <load_address>0x17925</load_address>
         <run_address>0x17925</run_address>
         <size>0xcd</size>
         <input_file_ref idref="fl-24"/>
      </object_component>
      <object_component id="oc-5b">
         <name>.debug_info</name>
         <load_address>0x179f2</load_address>
         <run_address>0x179f2</run_address>
         <size>0x13c</size>
         <input_file_ref idref="fl-25"/>
      </object_component>
      <object_component id="oc-d">
         <name>.debug_info</name>
         <load_address>0x17b2e</load_address>
         <run_address>0x17b2e</run_address>
         <size>0x1cb</size>
         <input_file_ref idref="fl-25"/>
      </object_component>
      <object_component id="oc-56">
         <name>.debug_info</name>
         <load_address>0x17cf9</load_address>
         <run_address>0x17cf9</run_address>
         <size>0x46</size>
         <input_file_ref idref="fl-25"/>
      </object_component>
      <object_component id="oc-c7">
         <name>.debug_info</name>
         <load_address>0x17d3f</load_address>
         <run_address>0x17d3f</run_address>
         <size>0x2c</size>
         <input_file_ref idref="fl-25"/>
      </object_component>
      <object_component id="oc-63">
         <name>.debug_info</name>
         <load_address>0x17d6b</load_address>
         <run_address>0x17d6b</run_address>
         <size>0x135</size>
         <input_file_ref idref="fl-26"/>
      </object_component>
      <object_component id="oc-5e">
         <name>.debug_info</name>
         <load_address>0x17ea0</load_address>
         <run_address>0x17ea0</run_address>
         <size>0x248</size>
         <input_file_ref idref="fl-26"/>
      </object_component>
      <object_component id="oc-13">
         <name>.debug_info</name>
         <load_address>0x180e8</load_address>
         <run_address>0x180e8</run_address>
         <size>0x1b2</size>
         <input_file_ref idref="fl-26"/>
      </object_component>
      <object_component id="oc-64">
         <name>.debug_info</name>
         <load_address>0x1829a</load_address>
         <run_address>0x1829a</run_address>
         <size>0x39</size>
         <input_file_ref idref="fl-26"/>
      </object_component>
      <object_component id="oc-1ae">
         <name>.debug_info</name>
         <load_address>0x182d3</load_address>
         <run_address>0x182d3</run_address>
         <size>0x1e1</size>
         <input_file_ref idref="fl-28"/>
      </object_component>
      <object_component id="oc-f6">
         <name>.debug_info</name>
         <load_address>0x184b4</load_address>
         <run_address>0x184b4</run_address>
         <size>0x184</size>
         <input_file_ref idref="fl-28"/>
      </object_component>
      <object_component id="oc-232">
         <name>.debug_info</name>
         <load_address>0x18638</load_address>
         <run_address>0x18638</run_address>
         <size>0x2c</size>
         <input_file_ref idref="fl-28"/>
      </object_component>
      <object_component id="oc-12d">
         <name>.debug_info</name>
         <load_address>0x18664</load_address>
         <run_address>0x18664</run_address>
         <size>0x235</size>
         <input_file_ref idref="fl-29"/>
      </object_component>
      <object_component id="oc-127">
         <name>.debug_info</name>
         <load_address>0x18899</load_address>
         <run_address>0x18899</run_address>
         <size>0x186</size>
         <input_file_ref idref="fl-29"/>
      </object_component>
      <object_component id="oc-9b">
         <name>.debug_info</name>
         <load_address>0x18a1f</load_address>
         <run_address>0x18a1f</run_address>
         <size>0x215</size>
         <input_file_ref idref="fl-29"/>
      </object_component>
      <object_component id="oc-1ce">
         <name>.debug_info</name>
         <load_address>0x18c34</load_address>
         <run_address>0x18c34</run_address>
         <size>0x148</size>
         <input_file_ref idref="fl-2a"/>
      </object_component>
      <object_component id="oc-51">
         <name>.debug_info</name>
         <load_address>0x18d7c</load_address>
         <run_address>0x18d7c</run_address>
         <size>0x112</size>
         <input_file_ref idref="fl-2b"/>
      </object_component>
      <object_component id="oc-6b">
         <name>.debug_info</name>
         <load_address>0x18e8e</load_address>
         <run_address>0x18e8e</run_address>
         <size>0x140</size>
         <input_file_ref idref="fl-2c"/>
      </object_component>
      <object_component id="oc-23f">
         <name>.debug_info</name>
         <load_address>0x18fce</load_address>
         <run_address>0x18fce</run_address>
         <size>0x190</size>
         <input_file_ref idref="fl-2d"/>
      </object_component>
      <object_component id="oc-1c1">
         <name>.debug_info</name>
         <load_address>0x1915e</load_address>
         <run_address>0x1915e</run_address>
         <size>0x196</size>
         <input_file_ref idref="fl-2d"/>
      </object_component>
      <object_component id="oc-240">
         <name>.debug_info</name>
         <load_address>0x192f4</load_address>
         <run_address>0x192f4</run_address>
         <size>0x39</size>
         <input_file_ref idref="fl-2d"/>
      </object_component>
      <object_component id="oc-fc">
         <name>.debug_info</name>
         <load_address>0x1932d</load_address>
         <run_address>0x1932d</run_address>
         <size>0x146</size>
         <input_file_ref idref="fl-2e"/>
      </object_component>
      <object_component id="oc-1e1">
         <name>.debug_info</name>
         <load_address>0x19473</load_address>
         <run_address>0x19473</run_address>
         <size>0x125</size>
         <input_file_ref idref="fl-30"/>
      </object_component>
      <object_component id="oc-12a">
         <name>.debug_info</name>
         <load_address>0x19598</load_address>
         <run_address>0x19598</run_address>
         <size>0x114</size>
         <input_file_ref idref="fl-30"/>
      </object_component>
      <object_component id="oc-1db">
         <name>.debug_info</name>
         <load_address>0x196ac</load_address>
         <run_address>0x196ac</run_address>
         <size>0x220</size>
         <input_file_ref idref="fl-30"/>
      </object_component>
      <object_component id="oc-249">
         <name>.debug_info</name>
         <load_address>0x198cc</load_address>
         <run_address>0x198cc</run_address>
         <size>0x148</size>
         <input_file_ref idref="fl-31"/>
      </object_component>
      <object_component id="oc-2bb">
         <name>.debug_info</name>
         <load_address>0x19a14</load_address>
         <run_address>0x19a14</run_address>
         <size>0x9d</size>
      </object_component>
      <object_component id="oc-251">
         <name>.debug_line</name>
         <load_address>0x0</load_address>
         <run_address>0x0</run_address>
         <size>0x127</size>
         <input_file_ref idref="fl-2"/>
      </object_component>
      <object_component id="oc-24f">
         <name>.debug_line</name>
         <load_address>0x127</load_address>
         <run_address>0x127</run_address>
         <size>0x36</size>
         <input_file_ref idref="fl-2"/>
      </object_component>
      <object_component id="oc-119">
         <name>.debug_line</name>
         <load_address>0x15d</load_address>
         <run_address>0x15d</run_address>
         <size>0x593</size>
         <input_file_ref idref="fl-2"/>
      </object_component>
      <object_component id="oc-a9">
         <name>.debug_line</name>
         <load_address>0x6f0</load_address>
         <run_address>0x6f0</run_address>
         <size>0x62</size>
         <input_file_ref idref="fl-2"/>
      </object_component>
      <object_component id="oc-1ec">
         <name>.debug_line</name>
         <load_address>0x752</load_address>
         <run_address>0x752</run_address>
         <size>0x5d</size>
         <input_file_ref idref="fl-2"/>
      </object_component>
      <object_component id="oc-124">
         <name>.debug_line</name>
         <load_address>0x7af</load_address>
         <run_address>0x7af</run_address>
         <size>0x36</size>
         <input_file_ref idref="fl-2"/>
      </object_component>
      <object_component id="oc-11f">
         <name>.debug_line</name>
         <load_address>0x7e5</load_address>
         <run_address>0x7e5</run_address>
         <size>0x20</size>
         <input_file_ref idref="fl-2"/>
      </object_component>
      <object_component id="oc-13c">
         <name>.debug_line</name>
         <load_address>0x805</load_address>
         <run_address>0x805</run_address>
         <size>0x66</size>
         <input_file_ref idref="fl-2"/>
      </object_component>
      <object_component id="oc-d9">
         <name>.debug_line</name>
         <load_address>0x86b</load_address>
         <run_address>0x86b</run_address>
         <size>0x66</size>
         <input_file_ref idref="fl-2"/>
      </object_component>
      <object_component id="oc-c3">
         <name>.debug_line</name>
         <load_address>0x8d1</load_address>
         <run_address>0x8d1</run_address>
         <size>0x60</size>
         <input_file_ref idref="fl-2"/>
      </object_component>
      <object_component id="oc-1c9">
         <name>.debug_line</name>
         <load_address>0x931</load_address>
         <run_address>0x931</run_address>
         <size>0x59</size>
         <input_file_ref idref="fl-2"/>
      </object_component>
      <object_component id="oc-14d">
         <name>.debug_line</name>
         <load_address>0x98a</load_address>
         <run_address>0x98a</run_address>
         <size>0x5d</size>
         <input_file_ref idref="fl-2"/>
      </object_component>
      <object_component id="oc-23c">
         <name>.debug_line</name>
         <load_address>0x9e7</load_address>
         <run_address>0x9e7</run_address>
         <size>0x59</size>
         <input_file_ref idref="fl-2"/>
      </object_component>
      <object_component id="oc-20f">
         <name>.debug_line</name>
         <load_address>0xa40</load_address>
         <run_address>0xa40</run_address>
         <size>0x5d</size>
         <input_file_ref idref="fl-2"/>
      </object_component>
      <object_component id="oc-21b">
         <name>.debug_line</name>
         <load_address>0xa9d</load_address>
         <run_address>0xa9d</run_address>
         <size>0x59</size>
         <input_file_ref idref="fl-2"/>
      </object_component>
      <object_component id="oc-21e">
         <name>.debug_line</name>
         <load_address>0xaf6</load_address>
         <run_address>0xaf6</run_address>
         <size>0x20</size>
         <input_file_ref idref="fl-3"/>
      </object_component>
      <object_component id="oc-16f">
         <name>.debug_line</name>
         <load_address>0xb16</load_address>
         <run_address>0xb16</run_address>
         <size>0x5d</size>
         <input_file_ref idref="fl-3"/>
      </object_component>
      <object_component id="oc-be">
         <name>.debug_line</name>
         <load_address>0xb73</load_address>
         <run_address>0xb73</run_address>
         <size>0x5d</size>
         <input_file_ref idref="fl-3"/>
      </object_component>
      <object_component id="oc-222">
         <name>.debug_line</name>
         <load_address>0xbd0</load_address>
         <run_address>0xbd0</run_address>
         <size>0x59</size>
         <input_file_ref idref="fl-3"/>
      </object_component>
      <object_component id="oc-15c">
         <name>.debug_line</name>
         <load_address>0xc29</load_address>
         <run_address>0xc29</run_address>
         <size>0x5d</size>
         <input_file_ref idref="fl-3"/>
      </object_component>
      <object_component id="oc-261">
         <name>.debug_line</name>
         <load_address>0xc86</load_address>
         <run_address>0xc86</run_address>
         <size>0x20</size>
         <input_file_ref idref="fl-4"/>
      </object_component>
      <object_component id="oc-17e">
         <name>.debug_line</name>
         <load_address>0xca6</load_address>
         <run_address>0xca6</run_address>
         <size>0x5d</size>
         <input_file_ref idref="fl-4"/>
      </object_component>
      <object_component id="oc-265">
         <name>.debug_line</name>
         <load_address>0xd03</load_address>
         <run_address>0xd03</run_address>
         <size>0x59</size>
         <input_file_ref idref="fl-4"/>
      </object_component>
      <object_component id="oc-280">
         <name>.debug_line</name>
         <load_address>0xd5c</load_address>
         <run_address>0xd5c</run_address>
         <size>0x20</size>
         <input_file_ref idref="fl-5"/>
      </object_component>
      <object_component id="oc-1f6">
         <name>.debug_line</name>
         <load_address>0xd7c</load_address>
         <run_address>0xd7c</run_address>
         <size>0x5d</size>
         <input_file_ref idref="fl-5"/>
      </object_component>
      <object_component id="oc-284">
         <name>.debug_line</name>
         <load_address>0xdd9</load_address>
         <run_address>0xdd9</run_address>
         <size>0x59</size>
         <input_file_ref idref="fl-5"/>
      </object_component>
      <object_component id="oc-b7">
         <name>.debug_line</name>
         <load_address>0xe32</load_address>
         <run_address>0xe32</run_address>
         <size>0x78</size>
         <input_file_ref idref="fl-6"/>
      </object_component>
      <object_component id="oc-287">
         <name>.debug_line</name>
         <load_address>0xeaa</load_address>
         <run_address>0xeaa</run_address>
         <size>0x20</size>
         <input_file_ref idref="fl-7"/>
      </object_component>
      <object_component id="oc-28b">
         <name>.debug_line</name>
         <load_address>0xeca</load_address>
         <run_address>0xeca</run_address>
         <size>0x59</size>
         <input_file_ref idref="fl-7"/>
      </object_component>
      <object_component id="oc-1fb">
         <name>.debug_line</name>
         <load_address>0xf23</load_address>
         <run_address>0xf23</run_address>
         <size>0x5d</size>
         <input_file_ref idref="fl-7"/>
      </object_component>
      <object_component id="oc-28e">
         <name>.debug_line</name>
         <load_address>0xf80</load_address>
         <run_address>0xf80</run_address>
         <size>0x20</size>
         <input_file_ref idref="fl-8"/>
      </object_component>
      <object_component id="oc-292">
         <name>.debug_line</name>
         <load_address>0xfa0</load_address>
         <run_address>0xfa0</run_address>
         <size>0x5a</size>
         <input_file_ref idref="fl-8"/>
      </object_component>
      <object_component id="oc-200">
         <name>.debug_line</name>
         <load_address>0xffa</load_address>
         <run_address>0xffa</run_address>
         <size>0x5e</size>
         <input_file_ref idref="fl-8"/>
      </object_component>
      <object_component id="oc-295">
         <name>.debug_line</name>
         <load_address>0x1058</load_address>
         <run_address>0x1058</run_address>
         <size>0x20</size>
         <input_file_ref idref="fl-9"/>
      </object_component>
      <object_component id="oc-299">
         <name>.debug_line</name>
         <load_address>0x1078</load_address>
         <run_address>0x1078</run_address>
         <size>0x5a</size>
         <input_file_ref idref="fl-9"/>
      </object_component>
      <object_component id="oc-205">
         <name>.debug_line</name>
         <load_address>0x10d2</load_address>
         <run_address>0x10d2</run_address>
         <size>0x5e</size>
         <input_file_ref idref="fl-9"/>
      </object_component>
      <object_component id="oc-1ac">
         <name>.debug_line</name>
         <load_address>0x1130</load_address>
         <run_address>0x1130</run_address>
         <size>0x59</size>
         <input_file_ref idref="fl-a"/>
      </object_component>
      <object_component id="oc-8b">
         <name>.debug_line</name>
         <load_address>0x1189</load_address>
         <run_address>0x1189</run_address>
         <size>0x289</size>
         <input_file_ref idref="fl-a"/>
      </object_component>
      <object_component id="oc-29">
         <name>.debug_line</name>
         <load_address>0x1412</load_address>
         <run_address>0x1412</run_address>
         <size>0x6e</size>
         <input_file_ref idref="fl-a"/>
      </object_component>
      <object_component id="oc-143">
         <name>.debug_line</name>
         <load_address>0x1480</load_address>
         <run_address>0x1480</run_address>
         <size>0x5d</size>
         <input_file_ref idref="fl-a"/>
      </object_component>
      <object_component id="oc-f2">
         <name>.debug_line</name>
         <load_address>0x14dd</load_address>
         <run_address>0x14dd</run_address>
         <size>0x59</size>
         <input_file_ref idref="fl-a"/>
      </object_component>
      <object_component id="oc-26f">
         <name>.debug_line</name>
         <load_address>0x1536</load_address>
         <run_address>0x1536</run_address>
         <size>0x20</size>
         <input_file_ref idref="fl-b"/>
      </object_component>
      <object_component id="oc-273">
         <name>.debug_line</name>
         <load_address>0x1556</load_address>
         <run_address>0x1556</run_address>
         <size>0x5b</size>
         <input_file_ref idref="fl-b"/>
      </object_component>
      <object_component id="oc-20a">
         <name>.debug_line</name>
         <load_address>0x15b1</load_address>
         <run_address>0x15b1</run_address>
         <size>0x5f</size>
         <input_file_ref idref="fl-b"/>
      </object_component>
      <object_component id="oc-18d">
         <name>.debug_line</name>
         <load_address>0x1610</load_address>
         <run_address>0x1610</run_address>
         <size>0x60</size>
         <input_file_ref idref="fl-b"/>
      </object_component>
      <object_component id="oc-229">
         <name>.debug_line</name>
         <load_address>0x1670</load_address>
         <run_address>0x1670</run_address>
         <size>0x5c</size>
         <input_file_ref idref="fl-b"/>
      </object_component>
      <object_component id="oc-238">
         <name>.debug_line</name>
         <load_address>0x16cc</load_address>
         <run_address>0x16cc</run_address>
         <size>0x20</size>
         <input_file_ref idref="fl-c"/>
      </object_component>
      <object_component id="oc-105">
         <name>.debug_line</name>
         <load_address>0x16ec</load_address>
         <run_address>0x16ec</run_address>
         <size>0x196</size>
         <input_file_ref idref="fl-c"/>
      </object_component>
      <object_component id="oc-268">
         <name>.debug_line</name>
         <load_address>0x1882</load_address>
         <run_address>0x1882</run_address>
         <size>0x66</size>
         <input_file_ref idref="fl-d"/>
      </object_component>
      <object_component id="oc-188">
         <name>.debug_line</name>
         <load_address>0x18e8</load_address>
         <run_address>0x18e8</run_address>
         <size>0x5d</size>
         <input_file_ref idref="fl-d"/>
      </object_component>
      <object_component id="oc-26c">
         <name>.debug_line</name>
         <load_address>0x1945</load_address>
         <run_address>0x1945</run_address>
         <size>0x59</size>
         <input_file_ref idref="fl-d"/>
      </object_component>
      <object_component id="oc-25a">
         <name>.debug_line</name>
         <load_address>0x199e</load_address>
         <run_address>0x199e</run_address>
         <size>0x20</size>
         <input_file_ref idref="fl-e"/>
      </object_component>
      <object_component id="oc-174">
         <name>.debug_line</name>
         <load_address>0x19be</load_address>
         <run_address>0x19be</run_address>
         <size>0x60</size>
         <input_file_ref idref="fl-e"/>
      </object_component>
      <object_component id="oc-25e">
         <name>.debug_line</name>
         <load_address>0x1a1e</load_address>
         <run_address>0x1a1e</run_address>
         <size>0x5c</size>
         <input_file_ref idref="fl-e"/>
      </object_component>
      <object_component id="oc-1e8">
         <name>.debug_line</name>
         <load_address>0x1a7a</load_address>
         <run_address>0x1a7a</run_address>
         <size>0x3c</size>
         <input_file_ref idref="fl-f"/>
      </object_component>
      <object_component id="oc-a3">
         <name>.debug_line</name>
         <load_address>0x1ab6</load_address>
         <run_address>0x1ab6</run_address>
         <size>0x23d</size>
         <input_file_ref idref="fl-f"/>
      </object_component>
      <object_component id="oc-179">
         <name>.debug_line</name>
         <load_address>0x1cf3</load_address>
         <run_address>0x1cf3</run_address>
         <size>0x5d</size>
         <input_file_ref idref="fl-f"/>
      </object_component>
      <object_component id="oc-1f1">
         <name>.debug_line</name>
         <load_address>0x1d50</load_address>
         <run_address>0x1d50</run_address>
         <size>0x5d</size>
         <input_file_ref idref="fl-f"/>
      </object_component>
      <object_component id="oc-137">
         <name>.debug_line</name>
         <load_address>0x1dad</load_address>
         <run_address>0x1dad</run_address>
         <size>0x5d</size>
         <input_file_ref idref="fl-f"/>
      </object_component>
      <object_component id="oc-1a9">
         <name>.debug_line</name>
         <load_address>0x1e0a</load_address>
         <run_address>0x1e0a</run_address>
         <size>0x62</size>
         <input_file_ref idref="fl-f"/>
      </object_component>
      <object_component id="oc-183">
         <name>.debug_line</name>
         <load_address>0x1e6c</load_address>
         <run_address>0x1e6c</run_address>
         <size>0x5d</size>
         <input_file_ref idref="fl-f"/>
      </object_component>
      <object_component id="oc-148">
         <name>.debug_line</name>
         <load_address>0x1ec9</load_address>
         <run_address>0x1ec9</run_address>
         <size>0x5f</size>
         <input_file_ref idref="fl-f"/>
      </object_component>
      <object_component id="oc-19c">
         <name>.debug_line</name>
         <load_address>0x1f28</load_address>
         <run_address>0x1f28</run_address>
         <size>0x5c</size>
         <input_file_ref idref="fl-f"/>
      </object_component>
      <object_component id="oc-192">
         <name>.debug_line</name>
         <load_address>0x1f84</load_address>
         <run_address>0x1f84</run_address>
         <size>0x5f</size>
         <input_file_ref idref="fl-f"/>
      </object_component>
      <object_component id="oc-1a1">
         <name>.debug_line</name>
         <load_address>0x1fe3</load_address>
         <run_address>0x1fe3</run_address>
         <size>0x5d</size>
         <input_file_ref idref="fl-f"/>
      </object_component>
      <object_component id="oc-152">
         <name>.debug_line</name>
         <load_address>0x2040</load_address>
         <run_address>0x2040</run_address>
         <size>0x60</size>
         <input_file_ref idref="fl-f"/>
      </object_component>
      <object_component id="oc-157">
         <name>.debug_line</name>
         <load_address>0x20a0</load_address>
         <run_address>0x20a0</run_address>
         <size>0x5f</size>
         <input_file_ref idref="fl-f"/>
      </object_component>
      <object_component id="oc-225">
         <name>.debug_line</name>
         <load_address>0x20ff</load_address>
         <run_address>0x20ff</run_address>
         <size>0x20</size>
         <input_file_ref idref="fl-10"/>
      </object_component>
      <object_component id="oc-e0">
         <name>.debug_line</name>
         <load_address>0x211f</load_address>
         <run_address>0x211f</run_address>
         <size>0xd7</size>
         <input_file_ref idref="fl-10"/>
      </object_component>
      <object_component id="oc-246">
         <name>.debug_line</name>
         <load_address>0x21f6</load_address>
         <run_address>0x21f6</run_address>
         <size>0x59</size>
         <input_file_ref idref="fl-11"/>
      </object_component>
      <object_component id="oc-110">
         <name>.debug_line</name>
         <load_address>0x224f</load_address>
         <run_address>0x224f</run_address>
         <size>0x2f2</size>
         <input_file_ref idref="fl-11"/>
      </object_component>
      <object_component id="oc-32">
         <name>.debug_line</name>
         <load_address>0x2541</load_address>
         <run_address>0x2541</run_address>
         <size>0xa0</size>
         <input_file_ref idref="fl-11"/>
      </object_component>
      <object_component id="oc-212">
         <name>.debug_line</name>
         <load_address>0x25e1</load_address>
         <run_address>0x25e1</run_address>
         <size>0x9d</size>
         <input_file_ref idref="fl-12"/>
      </object_component>
      <object_component id="oc-164">
         <name>.debug_line</name>
         <load_address>0x267e</load_address>
         <run_address>0x267e</run_address>
         <size>0x33</size>
         <input_file_ref idref="fl-12"/>
      </object_component>
      <object_component id="oc-10d">
         <name>.debug_line</name>
         <load_address>0x26b1</load_address>
         <run_address>0x26b1</run_address>
         <size>0x308</size>
         <input_file_ref idref="fl-12"/>
      </object_component>
      <object_component id="oc-37">
         <name>.debug_line</name>
         <load_address>0x29b9</load_address>
         <run_address>0x29b9</run_address>
         <size>0x14d</size>
         <input_file_ref idref="fl-12"/>
      </object_component>
      <object_component id="oc-216">
         <name>.debug_line</name>
         <load_address>0x2b06</load_address>
         <run_address>0x2b06</run_address>
         <size>0x33</size>
         <input_file_ref idref="fl-12"/>
      </object_component>
      <object_component id="oc-79">
         <name>.debug_line</name>
         <load_address>0x2b39</load_address>
         <run_address>0x2b39</run_address>
         <size>0x2e4</size>
         <input_file_ref idref="fl-13"/>
      </object_component>
      <object_component id="oc-3d">
         <name>.debug_line</name>
         <load_address>0x2e1d</load_address>
         <run_address>0x2e1d</run_address>
         <size>0x4f</size>
         <input_file_ref idref="fl-15"/>
      </object_component>
      <object_component id="oc-1e6">
         <name>.debug_line</name>
         <load_address>0x2e6c</load_address>
         <run_address>0x2e6c</run_address>
         <size>0x38</size>
         <input_file_ref idref="fl-16"/>
      </object_component>
      <object_component id="oc-96">
         <name>.debug_line</name>
         <load_address>0x2ea4</load_address>
         <run_address>0x2ea4</run_address>
         <size>0x5f</size>
         <input_file_ref idref="fl-16"/>
      </object_component>
      <object_component id="oc-276">
         <name>.debug_line</name>
         <load_address>0x2f03</load_address>
         <run_address>0x2f03</run_address>
         <size>0x20</size>
         <input_file_ref idref="fl-18"/>
      </object_component>
      <object_component id="oc-27a">
         <name>.debug_line</name>
         <load_address>0x2f23</load_address>
         <run_address>0x2f23</run_address>
         <size>0x5d</size>
         <input_file_ref idref="fl-18"/>
      </object_component>
      <object_component id="oc-197">
         <name>.debug_line</name>
         <load_address>0x2f80</load_address>
         <run_address>0x2f80</run_address>
         <size>0x5d</size>
         <input_file_ref idref="fl-18"/>
      </object_component>
      <object_component id="oc-40">
         <name>.debug_line</name>
         <load_address>0x2fdd</load_address>
         <run_address>0x2fdd</run_address>
         <size>0x4b</size>
         <input_file_ref idref="fl-19"/>
      </object_component>
      <object_component id="oc-e8">
         <name>.debug_line</name>
         <load_address>0x3028</load_address>
         <run_address>0x3028</run_address>
         <size>0x125</size>
         <input_file_ref idref="fl-1b"/>
      </object_component>
      <object_component id="oc-1a5">
         <name>.debug_line</name>
         <load_address>0x314d</load_address>
         <run_address>0x314d</run_address>
         <size>0xdd</size>
         <input_file_ref idref="fl-1c"/>
      </object_component>
      <object_component id="oc-85">
         <name>.debug_line</name>
         <load_address>0x322a</load_address>
         <run_address>0x322a</run_address>
         <size>0xc24</size>
         <input_file_ref idref="fl-1c"/>
      </object_component>
      <object_component id="oc-22">
         <name>.debug_line</name>
         <load_address>0x3e4e</load_address>
         <run_address>0x3e4e</run_address>
         <size>0xed</size>
         <input_file_ref idref="fl-1d"/>
      </object_component>
      <object_component id="oc-13f">
         <name>.debug_line</name>
         <load_address>0x3f3b</load_address>
         <run_address>0x3f3b</run_address>
         <size>0x96</size>
         <input_file_ref idref="fl-1e"/>
      </object_component>
      <object_component id="oc-ac">
         <name>.debug_line</name>
         <load_address>0x3fd1</load_address>
         <run_address>0x3fd1</run_address>
         <size>0x37</size>
         <input_file_ref idref="fl-1e"/>
      </object_component>
      <object_component id="oc-4b">
         <name>.debug_line</name>
         <load_address>0x4008</load_address>
         <run_address>0x4008</run_address>
         <size>0x1c5</size>
         <input_file_ref idref="fl-1e"/>
      </object_component>
      <object_component id="oc-4f">
         <name>.debug_line</name>
         <load_address>0x41cd</load_address>
         <run_address>0x41cd</run_address>
         <size>0xb2</size>
         <input_file_ref idref="fl-1e"/>
      </object_component>
      <object_component id="oc-161">
         <name>.debug_line</name>
         <load_address>0x427f</load_address>
         <run_address>0x427f</run_address>
         <size>0x37</size>
         <input_file_ref idref="fl-1e"/>
      </object_component>
      <object_component id="oc-16b">
         <name>.debug_line</name>
         <load_address>0x42b6</load_address>
         <run_address>0x42b6</run_address>
         <size>0xdc</size>
         <input_file_ref idref="fl-1f"/>
      </object_component>
      <object_component id="oc-7e">
         <name>.debug_line</name>
         <load_address>0x4392</load_address>
         <run_address>0x4392</run_address>
         <size>0x234</size>
         <input_file_ref idref="fl-1f"/>
      </object_component>
      <object_component id="oc-1b1">
         <name>.debug_line</name>
         <load_address>0x45c6</load_address>
         <run_address>0x45c6</run_address>
         <size>0xa9</size>
         <input_file_ref idref="fl-24"/>
      </object_component>
      <object_component id="oc-8d">
         <name>.debug_line</name>
         <load_address>0x466f</load_address>
         <run_address>0x466f</run_address>
         <size>0x91</size>
         <input_file_ref idref="fl-24"/>
      </object_component>
      <object_component id="oc-d1">
         <name>.debug_line</name>
         <load_address>0x4700</load_address>
         <run_address>0x4700</run_address>
         <size>0x20</size>
         <input_file_ref idref="fl-24"/>
      </object_component>
      <object_component id="oc-1b5">
         <name>.debug_line</name>
         <load_address>0x4720</load_address>
         <run_address>0x4720</run_address>
         <size>0x2e</size>
         <input_file_ref idref="fl-24"/>
      </object_component>
      <object_component id="oc-1ba">
         <name>.debug_line</name>
         <load_address>0x474e</load_address>
         <run_address>0x474e</run_address>
         <size>0x8b</size>
         <input_file_ref idref="fl-24"/>
      </object_component>
      <object_component id="oc-cd">
         <name>.debug_line</name>
         <load_address>0x47d9</load_address>
         <run_address>0x47d9</run_address>
         <size>0x8a</size>
         <input_file_ref idref="fl-25"/>
      </object_component>
      <object_component id="oc-11">
         <name>.debug_line</name>
         <load_address>0x4863</load_address>
         <run_address>0x4863</run_address>
         <size>0x58</size>
         <input_file_ref idref="fl-25"/>
      </object_component>
      <object_component id="oc-59">
         <name>.debug_line</name>
         <load_address>0x48bb</load_address>
         <run_address>0x48bb</run_address>
         <size>0x3a</size>
         <input_file_ref idref="fl-25"/>
      </object_component>
      <object_component id="oc-ca">
         <name>.debug_line</name>
         <load_address>0x48f5</load_address>
         <run_address>0x48f5</run_address>
         <size>0x8a</size>
         <input_file_ref idref="fl-25"/>
      </object_component>
      <object_component id="oc-d5">
         <name>.debug_line</name>
         <load_address>0x497f</load_address>
         <run_address>0x497f</run_address>
         <size>0x8a</size>
         <input_file_ref idref="fl-26"/>
      </object_component>
      <object_component id="oc-5d">
         <name>.debug_line</name>
         <load_address>0x4a09</load_address>
         <run_address>0x4a09</run_address>
         <size>0x9e</size>
         <input_file_ref idref="fl-26"/>
      </object_component>
      <object_component id="oc-16">
         <name>.debug_line</name>
         <load_address>0x4aa7</load_address>
         <run_address>0x4aa7</run_address>
         <size>0x4b</size>
         <input_file_ref idref="fl-26"/>
      </object_component>
      <object_component id="oc-67">
         <name>.debug_line</name>
         <load_address>0x4af2</load_address>
         <run_address>0x4af2</run_address>
         <size>0x39</size>
[...]
         <object_component_ref idref="oc-75"/>
      </symbol>
      <symbol id="sm-486">
         <name>_coreInitStackPointer_</name>
         <value>0x7e30</value>
         <object_component_ref idref="oc-75"/>
      </symbol>
      <symbol id="sm-487">
         <name>_esmCcmErrorsClear_</name>
         <value>0x7fc0</value>
         <object_component_ref idref="oc-75"/>
      </symbol>
      <symbol id="sm-488">
         <name>_gotoCPUIdle_</name>
         <value>0x7e84</value>
         <object_component_ref idref="oc-75"/>
      </symbol>
      <symbol id="sm-489">
         <name>_coreEnableIrqVicOffset_</name>
         <value>0x7f18</value>
         <object_component_ref idref="oc-75"/>
      </symbol>
      <symbol id="sm-48a">
         <name>_coreGetInstructionFault_</name>
         <value>0x7f3c</value>
         <object_component_ref idref="oc-75"/>
      </symbol>
      <symbol id="sm-48b">
         <name>_coreEnableVfp_</name>
         <value>0x7e9c</value>
         <object_component_ref idref="oc-75"/>
      </symbol>
      <symbol id="sm-48c">
         <name>_coreClearAuxiliaryDataFault_</name>
         <value>0x7f80</value>
         <object_component_ref idref="oc-75"/>
      </symbol>
      <symbol id="sm-48d">
         <name>_coreEnableEventBusExport_</name>
         <value>0x7eb4</value>
         <object_component_ref idref="oc-75"/>
      </symbol>
      <symbol id="sm-49a">
         <name>resetEntry</name>
         <value>0x0</value>
         <object_component_ref idref="oc-39"/>
      </symbol>
      <symbol id="sm-4ac">
         <name>UART_RX_RDY</name>
         <value>0x8001540</value>
         <object_component_ref idref="oc-12f"/>
      </symbol>
      <symbol id="sm-4ad">
         <name>main</name>
         <value>0x8f44</value>
         <object_component_ref idref="oc-92"/>
      </symbol>
      <symbol id="sm-4ae">
         <name>RTI_TIMEOUT</name>
         <value>0x8001541</value>
         <object_component_ref idref="oc-12f"/>
      </symbol>
      <symbol id="sm-4c7">
         <name>phantomInterrupt</name>
         <value>0x8fb4</value>
         <object_component_ref idref="oc-3e"/>
      </symbol>
      <symbol id="sm-4d1">
         <name>_pmuResetCounters_</name>
         <value>0x8c0c</value>
         <object_component_ref idref="oc-e7"/>
      </symbol>
      <symbol id="sm-4d2">
         <name>_pmuGetEventCount_</name>
         <value>0x8c40</value>
         <object_component_ref idref="oc-e7"/>
      </symbol>
      <symbol id="sm-4d3">
         <name>_pmuResetEventCounters_</name>
         <value>0x8bfc</value>
         <object_component_ref idref="oc-e7"/>
      </symbol>
      <symbol id="sm-4d4">
         <name>_pmuStopCounters_</name>
         <value>0x8c24</value>
         <object_component_ref idref="oc-e7"/>
      </symbol>
      <symbol id="sm-4d5">
         <name>_pmuInit_</name>
         <value>0x8b80</value>
         <object_component_ref idref="oc-e7"/>
      </symbol>
      <symbol id="sm-4d6">
         <name>_pmuGetOverflow_</name>
         <value>0x8c4c</value>
         <object_component_ref idref="oc-e7"/>
      </symbol>
      <symbol id="sm-4d7">
         <name>_pmuResetCycleCounter_</name>
         <value>0x8bec</value>
         <object_component_ref idref="oc-e7"/>
      </symbol>
      <symbol id="sm-4d8">
         <name>_pmuSetCountEvent_</name>
         <value>0x8c2c</value>
         <object_component_ref idref="oc-e7"/>
      </symbol>
      <symbol id="sm-4d9">
         <name>_pmuGetCycleCount_</name>
         <value>0x8c38</value>
         <object_component_ref idref="oc-e7"/>
      </symbol>
      <symbol id="sm-4da">
         <name>_pmuEnableCountersGlobal_</name>
         <value>0x8bcc</value>
         <object_component_ref idref="oc-e7"/>
      </symbol>
      <symbol id="sm-4db">
         <name>_pmuDisableCountersGlobal_</name>
         <value>0x8bdc</value>
         <object_component_ref idref="oc-e7"/>
      </symbol>
      <symbol id="sm-4dc">
         <name>_pmuStartCounters_</name>
         <value>0x8c1c</value>
         <object_component_ref idref="oc-e7"/>
      </symbol>
      <symbol id="sm-66d">
         <name>pbistSelfCheck</name>
         <value>0x2cc</value>
         <object_component_ref idref="oc-80"/>
      </symbol>
      <symbol id="sm-66e">
         <name>fmcBus1ParityCheck</name>
         <value>0x1f18</value>
         <object_component_ref idref="oc-80"/>
      </symbol>
      <symbol id="sm-66f">
         <name>can1ParityCheck</name>
         <value>0x1410</value>
         <object_component_ref idref="oc-80"/>
      </symbol>
      <symbol id="sm-670">
         <name>enableParity</name>
         <value>0x2710</value>
         <object_component_ref idref="oc-80"/>
      </symbol>
      <symbol id="sm-671">
         <name>dmaParityCheck</name>
         <value>0xeac</value>
         <object_component_ref idref="oc-80"/>
      </symbol>
      <symbol id="sm-672">
         <name>custom_dabort</name>
         <value>0xdf4</value>
         <object_component_ref idref="oc-80"/>
      </symbol>
      <symbol id="sm-673">
         <name>memoryInit</name>
         <value>0x174</value>
         <object_component_ref idref="oc-80"/>
      </symbol>
      <symbol id="sm-674">
         <name>stcSelfCheck</name>
         <value>0x1b8</value>
         <object_component_ref idref="oc-80"/>
      </symbol>
      <symbol id="sm-675">
         <name>efcGetConfigValue</name>
         <value>0x229c</value>
         <object_component_ref idref="oc-80"/>
      </symbol>
      <symbol id="sm-676">
         <name>het1ParityCheck</name>
         <value>0xf58</value>
         <object_component_ref idref="oc-80"/>
      </symbol>
      <symbol id="sm-677">
         <name>adc1ParityCheck</name>
         <value>0x126c</value>
         <object_component_ref idref="oc-80"/>
      </symbol>
      <symbol id="sm-678">
         <name>checkefcSelfTest</name>
         <value>0x7bc</value>
         <object_component_ref idref="oc-80"/>
      </symbol>
      <symbol id="sm-679">
         <name>checkRAMECC</name>
         <value>0x15fc</value>
         <object_component_ref idref="oc-80"/>
      </symbol>
      <symbol id="sm-67a">
         <name>stcSelfCheckFail</name>
         <value>0xdf8</value>
         <object_component_ref idref="oc-80"/>
      </symbol>
      <symbol id="sm-67b">
         <name>ccmSelfCheck</name>
         <value>0x30</value>
         <object_component_ref idref="oc-80"/>
      </symbol>
      <symbol id="sm-67c">
         <name>efcCheck</name>
         <value>0x660</value>
         <object_component_ref idref="oc-80"/>
      </symbol>
      <symbol id="sm-67d">
         <name>het2ParityCheck</name>
         <value>0x10c0</value>
         <object_component_ref idref="oc-80"/>
      </symbol>
      <symbol id="sm-67e">
         <name>adc2ParityCheck</name>
         <value>0x1358</value>
         <object_component_ref idref="oc-80"/>
      </symbol>
      <symbol id="sm-67f">
         <name>cpuSelfTest</name>
         <value>0x234</value>
         <object_component_ref idref="oc-80"/>
      </symbol>
      <symbol id="sm-680">
         <name>htu1ParityCheck</name>
         <value>0x1004</value>
         <object_component_ref idref="oc-80"/>
      </symbol>
      <symbol id="sm-681">
         <name>checkFlashECC</name>
         <value>0xd18</value>
         <object_component_ref idref="oc-80"/>
      </symbol>
      <symbol id="sm-682">
         <name>cpuSelfTestFail</name>
         <value>0xdfc</value>
         <object_component_ref idref="oc-80"/>
      </symbol>
      <symbol id="sm-683">
         <name>checkPLL1Slip</name>
         <value>0x1ae0</value>
         <object_component_ref idref="oc-80"/>
      </symbol>
      <symbol id="sm-684">
         <name>mibspi1ParityCheck</name>
         <value>0x14e8</value>
         <object_component_ref idref="oc-80"/>
      </symbol>
      <symbol id="sm-685">
         <name>ccmr4GetConfigValue</name>
         <value>0x2334</value>
         <object_component_ref idref="oc-80"/>
      </symbol>
      <symbol id="sm-686">
         <name>htu2ParityCheck</name>
         <value>0x11bc</value>
         <object_component_ref idref="oc-80"/>
      </symbol>
      <symbol id="sm-687">
         <name>pbistPortTestStatus</name>
         <value>0x608</value>
         <object_component_ref idref="oc-80"/>
      </symbol>
      <symbol id="sm-688">
         <name>checkFlashEEPROMECC</name>
         <value>0x1948</value>
         <object_component_ref idref="oc-80"/>
      </symbol>
      <symbol id="sm-689">
         <name>pbistGetConfigValue</name>
         <value>0x20b8</value>
         <object_component_ref idref="oc-80"/>
      </symbol>
      <symbol id="sm-68a">
         <name>vimParityCheck</name>
         <value>0xe00</value>
         <object_component_ref idref="oc-80"/>
      </symbol>
      <symbol id="sm-68b">
         <name>pbistIsTestCompleted</name>
         <value>0x5a8</value>
         <object_component_ref idref="oc-80"/>
      </symbol>
      <symbol id="sm-68c">
         <name>disableParity</name>
         <value>0x2780</value>
         <object_component_ref idref="oc-80"/>
      </symbol>
      <symbol id="sm-68d">
         <name>pbistRun</name>
         <value>0x4ac</value>
         <object_component_ref idref="oc-80"/>
      </symbol>
      <symbol id="sm-68e">
         <name>pbistFail</name>
         <value>0x203c</value>
         <object_component_ref idref="oc-80"/>
      </symbol>
      <symbol id="sm-68f">
         <name>selftestFailNotification</name>
         <value>0x20</value>
         <object_component_ref idref="oc-80"/>
      </symbol>
      <symbol id="sm-690">
         <name>errata_PBIST_4</name>
         <value>0x23ac</value>
         <object_component_ref idref="oc-80"/>
      </symbol>
      <symbol id="sm-691">
         <name>efcSelfTest</name>
         <value>0x794</value>
         <object_component_ref idref="oc-80"/>
      </symbol>
      <symbol id="sm-692">
         <name>checkB1RAMECC</name>
         <value>0xb28</value>
         <object_component_ref idref="oc-80"/>
      </symbol>
      <symbol id="sm-693">
         <name>pbistStop</name>
         <value>0x578</value>
         <object_component_ref idref="oc-80"/>
      </symbol>
      <symbol id="sm-694">
         <name>checkRAMAddrParity</name>
         <value>0x1c94</value>
         <object_component_ref idref="oc-80"/>
      </symbol>
      <symbol id="sm-695">
         <name>checkB0RAMECC</name>
         <value>0x938</value>
         <object_component_ref idref="oc-80"/>
      </symbol>
      <symbol id="sm-696">
         <name>stcGetConfigValue</name>
         <value>0x2200</value>
         <object_component_ref idref="oc-80"/>
      </symbol>
      <symbol id="sm-697">
         <name>pbistIsTestPassed</name>
         <value>0x5d4</value>
         <object_component_ref idref="oc-80"/>
      </symbol>
      <symbol id="sm-698">
         <name>checkClockMonitor</name>
         <value>0x1860</value>
         <object_component_ref idref="oc-80"/>
      </symbol>
      <symbol id="sm-699">
         <name>fmcECCcheck</name>
         <value>0x898</value>
         <object_component_ref idref="oc-80"/>
      </symbol>
      <symbol id="sm-69a">
         <name>fmcBus2Check</name>
         <value>0x85c</value>
         <object_component_ref idref="oc-80"/>
      </symbol>
      <symbol id="sm-69b">
         <name>checkRAMUERRTest</name>
         <value>0x1da8</value>
         <object_component_ref idref="oc-80"/>
      </symbol>
      <symbol id="sm-69c">
         <name>efcStuckZeroTest</name>
         <value>0x6e8</value>
         <object_component_ref idref="oc-80"/>
      </symbol>
      <symbol id="sm-69d">
         <name>checkPLL2Slip</name>
         <value>0x1bd4</value>
         <object_component_ref idref="oc-80"/>
      </symbol>
      <symbol id="sm-6c3">
         <name>_c_int00</name>
         <value>0x833c</value>
         <object_component_ref idref="oc-1e"/>
      </symbol>
      <symbol id="sm-772">
         <name>vimChannelMap</name>
         <value>0x4a44</value>
         <object_component_ref idref="oc-46"/>
      </symbol>
      <symbol id="sm-773">
         <name>vimInit</name>
         <value>0x4970</value>
         <object_component_ref idref="oc-46"/>
      </symbol>
      <symbol id="sm-774">
         <name>vimEnableInterrupt</name>
         <value>0x4ae8</value>
         <object_component_ref idref="oc-46"/>
      </symbol>
      <symbol id="sm-775">
         <name>vimDisableInterrupt</name>
         <value>0x4cb0</value>
         <object_component_ref idref="oc-46"/>
      </symbol>
      <symbol id="sm-776">
         <name>vimGetConfigValue</name>
         <value>0x4d5c</value>
         <object_component_ref idref="oc-46"/>
      </symbol>
      <symbol id="sm-777">
         <name>vimParityErrorHandler</name>
         <value>0x8070</value>
         <object_component_ref idref="oc-44"/>
      </symbol>
      <symbol id="sm-7d1">
         <name>systemGetConfigValue</name>
         <value>0x41a8</value>
         <object_component_ref idref="oc-7a"/>
      </symbol>
      <symbol id="sm-7d2">
         <name>trimLPO</name>
         <value>0x3ea4</value>
         <object_component_ref idref="oc-7a"/>
      </symbol>
      <symbol id="sm-7d3">
         <name>systemInit</name>
         <value>0x40a8</value>
         <object_component_ref idref="oc-7a"/>
      </symbol>
      <symbol id="sm-7d4">
         <name>tcmflashGetConfigValue</name>
         <value>0x45bc</value>
         <object_component_ref idref="oc-7a"/>
      </symbol>
      <symbol id="sm-7d5">
         <name>sramGetConfigValue</name>
         <value>0x4768</value>
         <object_component_ref idref="oc-7a"/>
      </symbol>
      <symbol id="sm-7d6">
         <name>periphInit</name>
         <value>0x3f2c</value>
         <object_component_ref idref="oc-7a"/>
      </symbol>
      <symbol id="sm-7d7">
         <name>setupFlash</name>
         <value>0x3eec</value>
         <object_component_ref idref="oc-7a"/>
      </symbol>
      <symbol id="sm-7d8">
         <name>setupPLL</name>
         <value>0x3e44</value>
         <object_component_ref idref="oc-7a"/>
      </symbol>
      <symbol id="sm-7d9">
         <name>mapClocks</name>
         <value>0x3f80</value>
         <object_component_ref idref="oc-7a"/>
      </symbol>
      <symbol id="sm-7da">
         <name>systemPowerDown</name>
         <value>0x4178</value>
         <object_component_ref idref="oc-7a"/>
      </symbol>
      <symbol id="sm-804">
         <name>__TI_auto_init</name>
         <value>0x8d79</value>
         <object_component_ref idref="oc-8c"/>
      </symbol>
      <symbol id="sm-81b">
         <name>__TI_decompress_none</name>
         <value>0x8fa1</value>
         <object_component_ref idref="oc-c"/>
      </symbol>
      <symbol id="sm-83d">
         <name>__TI_decompress_rle24</name>
         <value>0x8faf</value>
         <object_component_ref idref="oc-12"/>
      </symbol>
      <symbol id="sm-858">
         <name>copy_in</name>
         <value>0x8ef9</value>
         <object_component_ref idref="oc-f5"/>
      </symbol>
      <symbol id="sm-879">
         <name>C$$EXIT</name>
         <value>0x8ea9</value>
         <object_component_ref idref="oc-98"/>
      </symbol>
      <symbol id="sm-87a">
         <name>abort</name>
         <value>0x8ead</value>
         <object_component_ref idref="oc-98"/>
      </symbol>
      <symbol id="sm-87b">
         <name>exit</name>
         <value>0x8eb5</value>
         <object_component_ref idref="oc-98"/>
      </symbol>
      <symbol id="sm-87c">
         <name>__TI_dtors_ptr</name>
         <value>0x8001530</value>
         <object_component_ref idref="oc-126"/>
      </symbol>
      <symbol id="sm-87d">
         <name>__TI_cleanup_ptr</name>
         <value>0x800152c</value>
         <object_component_ref idref="oc-126"/>
      </symbol>
      <symbol id="sm-87e">
         <name>__TI_enable_exit_profile_output</name>
         <value>0x8001534</value>
         <object_component_ref idref="oc-126"/>
      </symbol>
      <symbol id="sm-88a">
         <name>__aeabi_idivmod</name>
         <value>0x8e54</value>
         <object_component_ref idref="oc-1cc"/>
      </symbol>
      <symbol id="sm-88b">
         <name>__aeabi_idiv</name>
         <value>0x8e54</value>
         <object_component_ref idref="oc-1cc"/>
      </symbol>
      <symbol id="sm-8a6">
         <name>memcpy</name>
         <value>0x8c61</value>
         <object_component_ref idref="oc-50"/>
      </symbol>
      <symbol id="sm-8a7">
         <name>__aeabi_memcpy</name>
         <value>0x8c61</value>
         <object_component_ref idref="oc-50"/>
      </symbol>
      <symbol id="sm-8a8">
         <name>__aeabi_memcpy8</name>
         <value>0x8c61</value>
         <object_component_ref idref="oc-50"/>
      </symbol>
      <symbol id="sm-8a9">
         <name>__aeabi_memcpy4</name>
         <value>0x8c61</value>
         <object_component_ref idref="oc-50"/>
      </symbol>
      <symbol id="sm-8b8">
         <name>__aeabi_memset</name>
         <value>0x8cff</value>
         <object_component_ref idref="oc-69"/>
      </symbol>
      <symbol id="sm-8b9">
         <name>memset</name>
         <value>0x8d05</value>
         <object_component_ref idref="oc-69"/>
      </symbol>
      <symbol id="sm-8ba">
         <name>__aeabi_memset8</name>
         <value>0x8cff</value>
         <object_component_ref idref="oc-69"/>
      </symbol>
      <symbol id="sm-8bb">
         <name>__aeabi_memset4</name>
         <value>0x8cff</value>
         <object_component_ref idref="oc-69"/>
      </symbol>
      <symbol id="sm-8bc">
         <name>__aeabi_memclr8</name>
         <value>0x8cfd</value>
         <object_component_ref idref="oc-69"/>
      </symbol>
      <symbol id="sm-8bd">
         <name>__aeabi_memclr4</name>
         <value>0x8cfd</value>
         <object_component_ref idref="oc-69"/>
      </symbol>
      <symbol id="sm-8be">
         <name>__aeabi_memclr</name>
         <value>0x8cfd</value>
         <object_component_ref idref="oc-69"/>
      </symbol>
      <symbol id="sm-8df">
         <name>floorl</name>
         <value>0x8aa1</value>
         <object_component_ref idref="oc-1be"/>
      </symbol>
      <symbol id="sm-8e0">
         <name>floor</name>
         <value>0x8aa1</value>
         <object_component_ref idref="oc-1be"/>
      </symbol>
      <symbol id="sm-8ea">
         <name>_system_post_cinit</name>
         <value>0x8e53</value>
         <object_component_ref idref="oc-fb"/>
      </symbol>
      <symbol id="sm-904">
         <name>_nop</name>
         <value>0x8f9b</value>
         <object_component_ref idref="oc-1d9"/>
      </symbol>
      <symbol id="sm-905">
         <name>_lock</name>
         <value>0x8001538</value>
         <object_component_ref idref="oc-129"/>
      </symbol>
      <symbol id="sm-906">
         <name>_unlock</name>
         <value>0x800153c</value>
         <object_component_ref idref="oc-129"/>
      </symbol>
      <symbol id="sm-907">
         <name>_register_lock</name>
         <value>0x8f93</value>
         <object_component_ref idref="oc-1d9"/>
      </symbol>
      <symbol id="sm-908">
         <name>_register_unlock</name>
         <value>0x8f8d</value>
         <object_component_ref idref="oc-1d9"/>
      </symbol>
      <symbol id="sm-912">
         <name>__aeabi_idiv0</name>
         <value>0x8d77</value>
         <object_component_ref idref="oc-247"/>
      </symbol>
      <symbol id="sm-913">
         <name>__TI_static_base__</name>
         <value>0x0</value>
      </symbol>
      <symbol id="sm-916">
         <name>SHT$$INIT_ARRAY$$Base</name>
         <value>0x0</value>
      </symbol>
      <symbol id="sm-917">
         <name>SHT$$INIT_ARRAY$$Limit</name>
         <value>0x0</value>
      </symbol>
   </symbol_table>
   <title>Link successful</title>
</link_info>
