<?xml version="1.0"?>
<link_info>
   <banner>TI ARM Linker PC v15.12.7.LTS</banner>
   <copyright>Copyright (c) 1996-2017 Texas Instruments Incorporated</copyright>
   <link_time>0x5a9ec70a</link_time>
   <link_errors>0x0</link_errors>
   <output_file>BMS_Master_Code.out</output_file>
   <entry_point>
      <name>_c_int00</name>
      <address>0x8064</address>
   </entry_point>
   <input_file_list>
      <input_file id="fl-2">
         <path>.\source\</path>
         <kind>object</kind>
         <file>adc.obj</file>
         <name>adc.obj</name>
      </input_file>
      <input_file id="fl-3">
         <path>.\source\</path>
         <kind>object</kind>
         <file>can.obj</file>
         <name>can.obj</name>
      </input_file>
      <input_file id="fl-4">
         <path>.\source\</path>
         <kind>object</kind>
         <file>crc.obj</file>
         <name>crc.obj</name>
      </input_file>
      <input_file id="fl-5">
         <path>.\source\</path>
         <kind>object</kind>
         <file>dabort.obj</file>
         <name>dabort.obj</name>
      </input_file>
      <input_file id="fl-6">
         <path>.\source\</path>
         <kind>object</kind>
         <file>dcc.obj</file>
         <name>dcc.obj</name>
      </input_file>
      <input_file id="fl-7">
         <path>.\source\</path>
         <kind>object</kind>
         <file>ecap.obj</file>
         <name>ecap.obj</name>
      </input_file>
      <input_file id="fl-8">
         <path>.\source\</path>
         <kind>object</kind>
         <file>eqep.obj</file>
         <name>eqep.obj</name>
      </input_file>
      <input_file id="fl-9">
         <path>.\source\</path>
         <kind>object</kind>
         <file>esm.obj</file>
         <name>esm.obj</name>
      </input_file>
      <input_file id="fl-a">
         <path>.\source\</path>
         <kind>object</kind>
         <file>etpwm.obj</file>
         <name>etpwm.obj</name>
      </input_file>
      <input_file id="fl-b">
         <path>.\source\</path>
         <kind>object</kind>
         <file>gio.obj</file>
         <name>gio.obj</name>
      </input_file>
      <input_file id="fl-c">
         <path>.\source\</path>
         <kind>object</kind>
         <file>het.obj</file>
         <name>het.obj</name>
      </input_file>
      <input_file id="fl-d">
         <path>.\source\</path>
         <kind>object</kind>
         <file>mibspi.obj</file>
         <name>mibspi.obj</name>
      </input_file>
      <input_file id="fl-e">
         <path>.\source\</path>
         <kind>object</kind>
         <file>notification.obj</file>
         <name>notification.obj</name>
      </input_file>
      <input_file id="fl-f">
         <path>.\source\</path>
         <kind>object</kind>
         <file>pinmux.obj</file>
         <name>pinmux.obj</name>
      </input_file>
      <input_file id="fl-10">
         <path>.\source\</path>
         <kind>object</kind>
         <file>pl455.obj</file>
         <name>pl455.obj</name>
      </input_file>
      <input_file id="fl-11">
         <path>.\source\</path>
         <kind>object</kind>
         <file>rti.obj</file>
         <name>rti.obj</name>
      </input_file>
      <input_file id="fl-12">
         <path>.\source\</path>
         <kind>object</kind>
         <file>sci.obj</file>
         <name>sci.obj</name>
      </input_file>
      <input_file id="fl-13">
         <path>.\source\</path>
         <kind>object</kind>
         <file>sys_core.obj</file>
         <name>sys_core.obj</name>
      </input_file>
      <input_file id="fl-14">
         <path>.\source\</path>
         <kind>object</kind>
         <file>sys_dma.obj</file>
         <name>sys_dma.obj</name>
      </input_file>
      <input_file id="fl-15">
         <path>.\source\</path>
         <kind>object</kind>
         <file>sys_intvecs.obj</file>
         <name>sys_intvecs.obj</name>
      </input_file>
      <input_file id="fl-16">
         <path>.\source\</path>
         <kind>object</kind>
         <file>sys_main.obj</file>
         <name>sys_main.obj</name>
      </input_file>
      <input_file id="fl-17">
         <path>.\source\</path>
         <kind>object</kind>
         <file>sys_mpu.obj</file>
         <name>sys_mpu.obj</name>
      </input_file>
      <input_file id="fl-18">
         <path>.\source\</path>
         <kind>object</kind>
         <file>sys_pcr.obj</file>
         <name>sys_pcr.obj</name>
      </input_file>
      <input_file id="fl-19">
         <path>.\source\</path>
         <kind>object</kind>
         <file>sys_phantom.obj</file>
         <name>sys_phantom.obj</name>
      </input_file>
      <input_file id="fl-1a">
         <path>.\source\</path>
         <kind>object</kind>
         <file>sys_pmm.obj</file>
         <name>sys_pmm.obj</name>
      </input_file>
      <input_file id="fl-1b">
         <path>.\source\</path>
         <kind>object</kind>
         <file>sys_pmu.obj</file>
         <name>sys_pmu.obj</name>
      </input_file>
      <input_file id="fl-1c">
         <path>.\source\</path>
         <kind>object</kind>
         <file>sys_selftest.obj</file>
         <name>sys_selftest.obj</name>
      </input_file>
      <input_file id="fl-1d">
         <path>.\source\</path>
         <kind>object</kind>
         <file>sys_startup.obj</file>
         <name>sys_startup.obj</name>
      </input_file>
      <input_file id="fl-1e">
         <path>.\source\</path>
         <kind>object</kind>
         <file>sys_vim.obj</file>
         <name>sys_vim.obj</name>
      </input_file>
      <input_file id="fl-1f">
         <path>.\source\</path>
         <kind>object</kind>
         <file>system.obj</file>
         <name>system.obj</name>
      </input_file>
      <input_file id="fl-23">
         <kind>object</kind>
         <file>&lt;internal&gt;</file>
         <name>&lt;internal&gt;</name>
      </input_file>
      <input_file id="fl-24">
         <path>C:\ti\ccsv6\tools\compiler\ti-cgt-arm_15.12.7.LTS\lib\</path>
         <kind>archive</kind>
         <file>rtsv7R4_T_be_v3D16_eabi.lib</file>
         <name>autoinit.obj</name>
      </input_file>
      <input_file id="fl-25">
         <path>C:\ti\ccsv6\tools\compiler\ti-cgt-arm_15.12.7.LTS\lib\</path>
         <kind>archive</kind>
         <file>rtsv7R4_T_be_v3D16_eabi.lib</file>
         <name>copy_decompress_none.obj</name>
      </input_file>
      <input_file id="fl-26">
         <path>C:\ti\ccsv6\tools\compiler\ti-cgt-arm_15.12.7.LTS\lib\</path>
         <kind>archive</kind>
         <file>rtsv7R4_T_be_v3D16_eabi.lib</file>
         <name>copy_decompress_rle.obj</name>
      </input_file>
      <input_file id="fl-27">
         <path>C:\ti\ccsv6\tools\compiler\ti-cgt-arm_15.12.7.LTS\lib\</path>
         <kind>archive</kind>
         <file>rtsv7R4_T_be_v3D16_eabi.lib</file>
         <name>copy_zero_init.obj</name>
      </input_file>
      <input_file id="fl-28">
         <path>C:\ti\ccsv6\tools\compiler\ti-cgt-arm_15.12.7.LTS\lib\</path>
         <kind>archive</kind>
         <file>rtsv7R4_T_be_v3D16_eabi.lib</file>
         <name>cpy_tbl.obj</name>
      </input_file>
      <input_file id="fl-29">
         <path>C:\ti\ccsv6\tools\compiler\ti-cgt-arm_15.12.7.LTS\lib\</path>
         <kind>archive</kind>
         <file>rtsv7R4_T_be_v3D16_eabi.lib</file>
         <name>exit.obj</name>
      </input_file>
      <input_file id="fl-2a">
         <path>C:\ti\ccsv6\tools\compiler\ti-cgt-arm_15.12.7.LTS\lib\</path>
         <kind>archive</kind>
         <file>rtsv7R4_T_be_v3D16_eabi.lib</file>
         <name>memcpy_t2.obj</name>
      </input_file>
      <input_file id="fl-2b">
         <path>C:\ti\ccsv6\tools\compiler\ti-cgt-arm_15.12.7.LTS\lib\</path>
         <kind>archive</kind>
         <file>rtsv7R4_T_be_v3D16_eabi.lib</file>
         <name>memset_t2.obj</name>
      </input_file>
      <input_file id="fl-2c">
         <path>C:\ti\ccsv6\tools\compiler\ti-cgt-arm_15.12.7.LTS\lib\</path>
         <kind>archive</kind>
         <file>rtsv7R4_T_be_v3D16_eabi.lib</file>
         <name>s_floor.obj</name>
      </input_file>
      <input_file id="fl-2d">
         <path>C:\ti\ccsv6\tools\compiler\ti-cgt-arm_15.12.7.LTS\lib\</path>
         <kind>archive</kind>
         <file>rtsv7R4_T_be_v3D16_eabi.lib</file>
         <name>startup.obj</name>
      </input_file>
      <input_file id="fl-2e">
         <path>C:\ti\ccsv6\tools\compiler\ti-cgt-arm_15.12.7.LTS\lib\</path>
         <kind>archive</kind>
         <file>rtsv7R4_T_be_v3D16_eabi.lib</file>
         <name>u_div32.obj</name>
      </input_file>
      <input_file id="fl-2f">
         <path>C:\ti\ccsv6\tools\compiler\ti-cgt-arm_15.12.7.LTS\lib\</path>
         <kind>archive</kind>
         <file>rtsv7R4_T_be_v3D16_eabi.lib</file>
         <name>_lock.obj</name>
      </input_file>
      <input_file id="fl-30">
         <path>C:\ti\ccsv6\tools\compiler\ti-cgt-arm_15.12.7.LTS\lib\</path>
         <kind>archive</kind>
         <file>rtsv7R4_T_be_v3D16_eabi.lib</file>
         <name>i_div0.obj</name>
      </input_file>
   </input_file_list>
   <object_component_list>
      <object_component id="oc-33">
         <name>.intvecs</name>
         <load_address>0x0</load_address>
         <run_address>0x0</run_address>
         <size>0x20</size>
         <input_file_ref idref="fl-15"/>
      </object_component>
      <object_component id="oc-7a">
         <name>.text</name>
         <load_address>0x20</load_address>
         <run_address>0x20</run_address>
         <size>0x28c0</size>
         <input_file_ref idref="fl-1c"/>
      </object_component>
      <object_component id="oc-10e">
         <name>.text</name>
         <load_address>0x28e0</load_address>
         <run_address>0x28e0</run_address>
         <size>0xec0</size>
         <input_file_ref idref="fl-10"/>
      </object_component>
      <object_component id="oc-74">
         <name>.text</name>
         <load_address>0x37a0</load_address>
         <run_address>0x37a0</run_address>
         <size>0xb2c</size>
         <input_file_ref idref="fl-1f"/>
      </object_component>
      <object_component id="oc-3f">
         <name>.text</name>
         <load_address>0x42cc</load_address>
         <run_address>0x42cc</run_address>
         <size>0xa54</size>
         <input_file_ref idref="fl-1e"/>
      </object_component>
      <object_component id="oc-102">
         <name>.text</name>
         <load_address>0x4d20</load_address>
         <run_address>0x4d20</run_address>
         <size>0xa2c</size>
         <input_file_ref idref="fl-12"/>
      </object_component>
      <object_component id="oc-d8">
         <name>.text</name>
         <load_address>0x574c</load_address>
         <run_address>0x574c</run_address>
         <size>0x8bc</size>
         <input_file_ref idref="fl-f"/>
      </object_component>
      <object_component id="oc-108">
         <name>.text</name>
         <load_address>0x6008</load_address>
         <run_address>0x6008</run_address>
         <size>0x638</size>
         <input_file_ref idref="fl-11"/>
      </object_component>
      <object_component id="oc-80">
         <name>.text</name>
         <load_address>0x6640</load_address>
         <run_address>0x6640</run_address>
         <size>0x5e8</size>
         <input_file_ref idref="fl-9"/>
      </object_component>
      <object_component id="oc-2d">
         <name>.text:retain</name>
         <load_address>0x6c28</load_address>
         <run_address>0x6c28</run_address>
         <size>0x5d4</size>
         <input_file_ref idref="fl-12"/>
      </object_component>
      <object_component id="oc-fc">
         <name>.text</name>
         <load_address>0x71fc</load_address>
         <run_address>0x71fc</run_address>
         <size>0x484</size>
         <input_file_ref idref="fl-b"/>
      </object_component>
      <object_component id="oc-8c">
         <name>.text</name>
         <load_address>0x7680</load_address>
         <run_address>0x7680</run_address>
         <size>0x3cc</size>
         <input_file_ref idref="fl-16"/>
      </object_component>
      <object_component id="oc-6f">
         <name>.text</name>
         <load_address>0x7a4c</load_address>
         <run_address>0x7a4c</run_address>
         <size>0x34c</size>
         <input_file_ref idref="fl-13"/>
      </object_component>
      <object_component id="oc-3e">
         <name>.text:retain</name>
         <load_address>0x7d98</load_address>
         <run_address>0x7d98</run_address>
         <size>0x2cc</size>
         <input_file_ref idref="fl-1e"/>
      </object_component>
      <object_component id="oc-1e">
         <name>.text:retain</name>
         <load_address>0x8064</load_address>
         <run_address>0x8064</run_address>
         <size>0x254</size>
         <input_file_ref idref="fl-1d"/>
      </object_component>
      <object_component id="oc-99">
         <name>.text</name>
         <load_address>0x82b8</load_address>
         <run_address>0x82b8</run_address>
         <size>0x1f0</size>
         <input_file_ref idref="fl-e"/>
      </object_component>
      <object_component id="oc-24">
         <name>.text:retain</name>
         <load_address>0x84a8</load_address>
         <run_address>0x84a8</run_address>
         <size>0x114</size>
         <input_file_ref idref="fl-9"/>
      </object_component>
      <object_component id="oc-ac">
         <name>.text</name>
         <load_address>0x85bc</load_address>
         <run_address>0x85bc</run_address>
         <size>0xe8</size>
         <input_file_ref idref="fl-5"/>
      </object_component>
      <object_component id="oc-1b3">
         <name>.text</name>
         <load_address>0x86a4</load_address>
         <run_address>0x86a4</run_address>
         <size>0xe0</size>
         <input_file_ref idref="fl-2c"/>
      </object_component>
      <object_component id="oc-e0">
         <name>.text</name>
         <load_address>0x8784</load_address>
         <run_address>0x8784</run_address>
         <size>0xe0</size>
         <input_file_ref idref="fl-1b"/>
      </object_component>
      <object_component id="oc-4a">
         <name>.text</name>
         <load_address>0x8864</load_address>
         <run_address>0x8864</run_address>
         <size>0x9c</size>
         <input_file_ref idref="fl-2a"/>
      </object_component>
      <object_component id="oc-63">
         <name>.text</name>
         <load_address>0x8900</load_address>
         <run_address>0x8900</run_address>
         <size>0x7a</size>
         <input_file_ref idref="fl-2b"/>
      </object_component>
      <object_component id="oc-f4">
         <name>.text</name>
         <load_address>0x897a</load_address>
         <run_address>0x897a</run_address>
         <size>0x2</size>
         <input_file_ref idref="fl-2d"/>
      </object_component>
      <object_component id="oc-86">
         <name>.text</name>
         <load_address>0x897c</load_address>
         <run_address>0x897c</run_address>
         <size>0x70</size>
         <input_file_ref idref="fl-24"/>
      </object_component>
      <object_component id="oc-56">
         <name>.text</name>
         <load_address>0x89ec</load_address>
         <run_address>0x89ec</run_address>
         <size>0x6a</size>
         <input_file_ref idref="fl-26"/>
      </object_component>
      <object_component id="oc-92">
         <name>.text</name>
         <load_address>0x8a58</load_address>
         <run_address>0x8a58</run_address>
         <size>0x50</size>
         <input_file_ref idref="fl-29"/>
      </object_component>
      <object_component id="oc-ee">
         <name>.text</name>
         <load_address>0x8aa8</load_address>
         <run_address>0x8aa8</run_address>
         <size>0x4c</size>
         <input_file_ref idref="fl-28"/>
      </object_component>
      <object_component id="oc-1da">
         <name>.text</name>
         <load_address>0x8af4</load_address>
         <run_address>0x8af4</run_address>
         <size>0x14</size>
         <input_file_ref idref="fl-2f"/>
      </object_component>
      <object_component id="oc-c">
         <name>.text:decompress:none</name>
         <load_address>0x8b08</load_address>
         <run_address>0x8b08</run_address>
         <size>0xe</size>
         <input_file_ref idref="fl-25"/>
      </object_component>
      <object_component id="oc-12">
         <name>.text:decompress:rle24</name>
         <load_address>0x8b16</load_address>
         <run_address>0x8b16</run_address>
         <size>0x6</size>
         <input_file_ref idref="fl-26"/>
      </object_component>
      <object_component id="oc-38">
         <name>.text:retain</name>
         <load_address>0x8b1c</load_address>
         <run_address>0x8b1c</run_address>
         <size>0x4</size>
         <input_file_ref idref="fl-19"/>
      </object_component>
      <object_component id="oc-1c1">
         <name>.const:crc16_table</name>
         <load_address>0x8b20</load_address>
         <run_address>0x8b20</run_address>
         <size>0x200</size>
         <input_file_ref idref="fl-10"/>
      </object_component>
      <object_component id="oc-2a">
         <name>.const:s_vim_init</name>
         <load_address>0x8d20</load_address>
         <run_address>0x8d20</run_address>
         <size>0x200</size>
         <input_file_ref idref="fl-1e"/>
      </object_component>
      <object_component id="oc-2a9">
         <name>.cinit..data.load</name>
         <load_address>0x8f20</load_address>
         <run_address>0x8f20</run_address>
         <size>0x15</size>
      </object_component>
      <object_component id="oc-2a8">
         <name>.cinit..bss.load</name>
         <load_address>0x8f38</load_address>
         <run_address>0x8f38</run_address>
         <size>0x9</size>
      </object_component>
      <object_component id="oc-2a6">
         <name>__TI_handler_table</name>
         <load_address>0x8f44</load_address>
         <run_address>0x8f44</run_address>
         <size>0x8</size>
      </object_component>
      <object_component id="oc-2a7">
         <name>__TI_cinit_table</name>
         <load_address>0x8f4c</load_address>
         <run_address>0x8f4c</run_address>
         <size>0x10</size>
      </object_component>
      <object_component id="oc-1c4">
         <name>.bss</name>
         <uninitialized>true</uninitialized>
         <run_address>0x8001528</run_address>
         <size>0x4</size>
         <input_file_ref idref="fl-10"/>
      </object_component>
      <object_component id="oc-a8">
         <name>.bss:g_sciTransfer_t</name>
         <uninitialized>true</uninitialized>
         <run_address>0x8001500</run_address>
         <size>0x28</size>
         <input_file_ref idref="fl-12"/>
      </object_component>
      <object_component id="oc-124">
         <name>.data</name>
         <load_address>0x8001540</load_address>
         <run_address>0x8001540</run_address>
         <size>0x8</size>
         <input_file_ref idref="fl-16"/>
      </object_component>
      <object_component id="oc-11b">
         <name>.data:$O1$$</name>
         <load_address>0x800152c</load_address>
         <run_address>0x800152c</run_address>
         <size>0xc</size>
         <input_file_ref idref="fl-29"/>
      </object_component>
      <object_component id="oc-11e">
         <name>.data:$O1$$</name>
         <load_address>0x8001538</load_address>
         <run_address>0x8001538</run_address>
         <size>0x8</size>
         <input_file_ref idref="fl-2f"/>
      </object_component>
      <object_component id="oc-15c">
         <name>.debug_info</name>
         <load_address>0x0</load_address>
         <run_address>0x0</run_address>
         <size>0x15d</size>
         <input_file_ref idref="fl-2"/>
      </object_component>
      <object_component id="oc-161">
         <name>.debug_info</name>
         <load_address>0x15d</load_address>
         <run_address>0x15d</run_address>
         <size>0x791</size>
         <input_file_ref idref="fl-2"/>
      </object_component>
      <object_component id="oc-a0">
         <name>.debug_info</name>
         <load_address>0x8ee</load_address>
         <run_address>0x8ee</run_address>
         <size>0x157</size>
         <input_file_ref idref="fl-2"/>
      </object_component>
      <object_component id="oc-115">
         <name>.debug_info</name>
         <load_address>0xa45</load_address>
         <run_address>0xa45</run_address>
         <size>0x8b</size>
         <input_file_ref idref="fl-2"/>
      </object_component>
      <object_component id="oc-b4">
         <name>.debug_info</name>
         <load_address>0xad0</load_address>
         <run_address>0xad0</run_address>
         <size>0x18c</size>
         <input_file_ref idref="fl-2"/>
      </object_component>
      <object_component id="oc-12e">
         <name>.debug_info</name>
         <load_address>0xc5c</load_address>
         <run_address>0xc5c</run_address>
         <size>0x18b</size>
         <input_file_ref idref="fl-2"/>
      </object_component>
      <object_component id="oc-b9">
         <name>.debug_info</name>
         <load_address>0xde7</load_address>
         <run_address>0xde7</run_address>
         <size>0x86</size>
         <input_file_ref idref="fl-2"/>
      </object_component>
      <object_component id="oc-216">
         <name>.debug_info</name>
         <load_address>0xe6d</load_address>
         <run_address>0xe6d</run_address>
         <size>0x38f</size>
         <input_file_ref idref="fl-2"/>
      </object_component>
      <object_component id="oc-14e">
         <name>.debug_info</name>
         <load_address>0x11fc</load_address>
         <run_address>0x11fc</run_address>
         <size>0x2d0</size>
         <input_file_ref idref="fl-2"/>
      </object_component>
      <object_component id="oc-223">
         <name>.debug_info</name>
         <load_address>0x14cc</load_address>
         <run_address>0x14cc</run_address>
         <size>0x159</size>
         <input_file_ref idref="fl-3"/>
      </object_component>
      <object_component id="oc-170">
         <name>.debug_info</name>
         <load_address>0x1625</load_address>
         <run_address>0x1625</run_address>
         <size>0x437</size>
         <input_file_ref idref="fl-3"/>
      </object_component>
      <object_component id="oc-252">
         <name>.debug_info</name>
         <load_address>0x1a5c</load_address>
         <run_address>0x1a5c</run_address>
         <size>0x15f</size>
         <input_file_ref idref="fl-3"/>
      </object_component>
      <object_component id="oc-245">
         <name>.debug_info</name>
         <load_address>0x1bbb</load_address>
         <run_address>0x1bbb</run_address>
         <size>0x107</size>
         <input_file_ref idref="fl-4"/>
      </object_component>
      <object_component id="oc-1ef">
         <name>.debug_info</name>
         <load_address>0x1cc2</load_address>
         <run_address>0x1cc2</run_address>
         <size>0x3b8</size>
         <input_file_ref idref="fl-4"/>
      </object_component>
      <object_component id="oc-270">
         <name>.debug_info</name>
         <load_address>0x207a</load_address>
         <run_address>0x207a</run_address>
         <size>0x22c</size>
         <input_file_ref idref="fl-4"/>
      </object_component>
      <object_component id="oc-ad">
         <name>.debug_info</name>
         <load_address>0x22a6</load_address>
         <run_address>0x22a6</run_address>
         <size>0xf6</size>
         <input_file_ref idref="fl-5"/>
      </object_component>
      <object_component id="oc-246">
         <name>.debug_info</name>
         <load_address>0x239c</load_address>
         <run_address>0x239c</run_address>
         <size>0xdc</size>
         <input_file_ref idref="fl-6"/>
      </object_component>
      <object_component id="oc-277">
         <name>.debug_info</name>
         <load_address>0x2478</load_address>
         <run_address>0x2478</run_address>
         <size>0x155</size>
         <input_file_ref idref="fl-6"/>
      </object_component>
      <object_component id="oc-1f4">
         <name>.debug_info</name>
         <load_address>0x25cd</load_address>
         <run_address>0x25cd</run_address>
         <size>0x116</size>
         <input_file_ref idref="fl-6"/>
      </object_component>
      <object_component id="oc-247">
         <name>.debug_info</name>
         <load_address>0x26e3</load_address>
         <run_address>0x26e3</run_address>
         <size>0xf9</size>
         <input_file_ref idref="fl-7"/>
      </object_component>
      <object_component id="oc-27e">
         <name>.debug_info</name>
         <load_address>0x27dc</load_address>
         <run_address>0x27dc</run_address>
         <size>0x359</size>
         <input_file_ref idref="fl-7"/>
      </object_component>
      <object_component id="oc-1f9">
         <name>.debug_info</name>
         <load_address>0x2b35</load_address>
         <run_address>0x2b35</run_address>
         <size>0x152</size>
         <input_file_ref idref="fl-7"/>
      </object_component>
      <object_component id="oc-248">
         <name>.debug_info</name>
         <load_address>0x2c87</load_address>
         <run_address>0x2c87</run_address>
         <size>0xdd</size>
         <input_file_ref idref="fl-8"/>
      </object_component>
      <object_component id="oc-285">
         <name>.debug_info</name>
         <load_address>0x2d64</load_address>
         <run_address>0x2d64</run_address>
         <size>0x669</size>
         <input_file_ref idref="fl-8"/>
      </object_component>
      <object_component id="oc-1fe">
         <name>.debug_info</name>
         <load_address>0x33cd</load_address>
         <run_address>0x33cd</run_address>
         <size>0x22e</size>
         <input_file_ref idref="fl-8"/>
      </object_component>
      <object_component id="oc-ed">
         <name>.debug_info</name>
         <load_address>0x35fb</load_address>
         <run_address>0x35fb</run_address>
         <size>0x15e</size>
         <input_file_ref idref="fl-9"/>
      </object_component>
      <object_component id="oc-82">
         <name>.debug_info</name>
         <load_address>0x3759</load_address>
         <run_address>0x3759</run_address>
         <size>0xb1f</size>
         <input_file_ref idref="fl-9"/>
      </object_component>
      <object_component id="oc-27">
         <name>.debug_info</name>
         <load_address>0x4278</load_address>
         <run_address>0x4278</run_address>
         <size>0x17f</size>
         <input_file_ref idref="fl-9"/>
      </object_component>
      <object_component id="oc-135">
         <name>.debug_info</name>
         <load_address>0x43f7</load_address>
         <run_address>0x43f7</run_address>
         <size>0x1de</size>
         <input_file_ref idref="fl-9"/>
      </object_component>
      <object_component id="oc-e8">
         <name>.debug_info</name>
         <load_address>0x45d5</load_address>
         <run_address>0x45d5</run_address>
         <size>0x129</size>
         <input_file_ref idref="fl-9"/>
      </object_component>
      <object_component id="oc-225">
         <name>.debug_info</name>
         <load_address>0x46fe</load_address>
         <run_address>0x46fe</run_address>
         <size>0xfb</size>
         <input_file_ref idref="fl-a"/>
      </object_component>
      <object_component id="oc-260">
         <name>.debug_info</name>
         <load_address>0x47f9</load_address>
         <run_address>0x47f9</run_address>
         <size>0xc6d</size>
         <input_file_ref idref="fl-a"/>
      </object_component>
      <object_component id="oc-203">
         <name>.debug_info</name>
         <load_address>0x5466</load_address>
         <run_address>0x5466</run_address>
         <size>0x396</size>
         <input_file_ref idref="fl-a"/>
      </object_component>
      <object_component id="oc-17f">
         <name>.debug_info</name>
         <load_address>0x57fc</load_address>
         <run_address>0x57fc</run_address>
         <size>0x508</size>
         <input_file_ref idref="fl-a"/>
      </object_component>
      <object_component id="oc-21d">
         <name>.debug_info</name>
         <load_address>0x5d04</load_address>
         <run_address>0x5d04</run_address>
         <size>0x43c</size>
         <input_file_ref idref="fl-a"/>
      </object_component>
      <object_component id="oc-1b2">
         <name>.debug_info</name>
         <load_address>0x6140</load_address>
         <run_address>0x6140</run_address>
         <size>0xe1</size>
         <input_file_ref idref="fl-b"/>
      </object_component>
      <object_component id="oc-fe">
         <name>.debug_info</name>
         <load_address>0x6221</load_address>
         <run_address>0x6221</run_address>
         <size>0x6d7</size>
         <input_file_ref idref="fl-b"/>
      </object_component>
      <object_component id="oc-13f">
         <name>.debug_info</name>
         <load_address>0x68f8</load_address>
         <run_address>0x68f8</run_address>
         <size>0x1f9</size>
         <input_file_ref idref="fl-b"/>
      </object_component>
      <object_component id="oc-230">
         <name>.debug_info</name>
         <load_address>0x6af1</load_address>
         <run_address>0x6af1</run_address>
         <size>0x12a</size>
         <input_file_ref idref="fl-b"/>
      </object_component>
      <object_component id="oc-224">
         <name>.debug_info</name>
         <load_address>0x6c1b</load_address>
         <run_address>0x6c1b</run_address>
         <size>0x174</size>
         <input_file_ref idref="fl-c"/>
      </object_component>
      <object_component id="oc-cf">
         <name>.debug_info</name>
         <load_address>0x6d8f</load_address>
         <run_address>0x6d8f</run_address>
         <size>0x2c</size>
         <input_file_ref idref="fl-c"/>
      </object_component>
      <object_component id="oc-17a">
         <name>.debug_info</name>
         <load_address>0x6dbb</load_address>
         <run_address>0x6dbb</run_address>
         <size>0x3d3</size>
         <input_file_ref idref="fl-c"/>
      </object_component>
      <object_component id="oc-259">
         <name>.debug_info</name>
         <load_address>0x718e</load_address>
         <run_address>0x718e</run_address>
         <size>0x2e3</size>
         <input_file_ref idref="fl-c"/>
      </object_component>
      <object_component id="oc-222">
         <name>.debug_info</name>
         <load_address>0x7471</load_address>
         <run_address>0x7471</run_address>
         <size>0x142</size>
         <input_file_ref idref="fl-d"/>
      </object_component>
      <object_component id="oc-166">
         <name>.debug_info</name>
         <load_address>0x75b3</load_address>
         <run_address>0x75b3</run_address>
         <size>0x4de</size>
         <input_file_ref idref="fl-d"/>
      </object_component>
      <object_component id="oc-24b">
         <name>.debug_info</name>
         <load_address>0x7a91</load_address>
         <run_address>0x7a91</run_address>
         <size>0x44e</size>
         <input_file_ref idref="fl-d"/>
      </object_component>
      <object_component id="oc-128">
         <name>.debug_info</name>
         <load_address>0x7edf</load_address>
         <run_address>0x7edf</run_address>
         <size>0x3c6</size>
         <input_file_ref idref="fl-e"/>
      </object_component>
      <object_component id="oc-9a">
         <name>.debug_info</name>
         <load_address>0x82a5</load_address>
         <run_address>0x82a5</run_address>
         <size>0x136e</size>
         <input_file_ref idref="fl-e"/>
      </object_component>
      <object_component id="oc-16b">
         <name>.debug_info</name>
         <load_address>0x9613</load_address>
         <run_address>0x9613</run_address>
         <size>0x3ce</size>
         <input_file_ref idref="fl-e"/>
      </object_component>
      <object_component id="oc-1ce">
         <name>.debug_info</name>
         <load_address>0x99e1</load_address>
         <run_address>0x99e1</run_address>
         <size>0x306</size>
         <input_file_ref idref="fl-e"/>
      </object_component>
      <object_component id="oc-1ea">
         <name>.debug_info</name>
         <load_address>0x9ce7</load_address>
         <run_address>0x9ce7</run_address>
         <size>0x7cd</size>
         <input_file_ref idref="fl-e"/>
      </object_component>
      <object_component id="oc-129">
         <name>.debug_info</name>
         <load_address>0xa4b4</load_address>
         <run_address>0xa4b4</run_address>
         <size>0x673</size>
         <input_file_ref idref="fl-e"/>
      </object_component>
      <object_component id="oc-19b">
         <name>.debug_info</name>
         <load_address>0xab27</load_address>
         <run_address>0xab27</run_address>
         <size>0x37b</size>
         <input_file_ref idref="fl-e"/>
      </object_component>
      <object_component id="oc-1bb">
         <name>.debug_info</name>
         <load_address>0xaea2</load_address>
         <run_address>0xaea2</run_address>
         <size>0x1d4</size>
         <input_file_ref idref="fl-e"/>
      </object_component>
      <object_component id="oc-175">
         <name>.debug_info</name>
         <load_address>0xb076</load_address>
         <run_address>0xb076</run_address>
         <size>0x1ca</size>
         <input_file_ref idref="fl-e"/>
      </object_component>
      <object_component id="oc-13a">
         <name>.debug_info</name>
         <load_address>0xb240</load_address>
         <run_address>0xb240</run_address>
         <size>0x435</size>
         <input_file_ref idref="fl-e"/>
      </object_component>
      <object_component id="oc-18e">
         <name>.debug_info</name>
         <load_address>0xb675</load_address>
         <run_address>0xb675</run_address>
         <size>0x551</size>
         <input_file_ref idref="fl-e"/>
      </object_component>
      <object_component id="oc-184">
         <name>.debug_info</name>
         <load_address>0xbbc6</load_address>
         <run_address>0xbbc6</run_address>
         <size>0x1de</size>
         <input_file_ref idref="fl-e"/>
      </object_component>
      <object_component id="oc-1d3">
         <name>.debug_info</name>
         <load_address>0xbda4</load_address>
         <run_address>0xbda4</run_address>
         <size>0x243</size>
         <input_file_ref idref="fl-e"/>
      </object_component>
      <object_component id="oc-20f">
         <name>.debug_info</name>
         <load_address>0xbfe7</load_address>
         <run_address>0xbfe7</run_address>
         <size>0x18e</size>
         <input_file_ref idref="fl-e"/>
      </object_component>
      <object_component id="oc-193">
         <name>.debug_info</name>
         <load_address>0xc175</load_address>
         <run_address>0xc175</run_address>
         <size>0x17a</size>
         <input_file_ref idref="fl-e"/>
      </object_component>
      <object_component id="oc-144">
         <name>.debug_info</name>
         <load_address>0xc2ef</load_address>
         <run_address>0xc2ef</run_address>
         <size>0x6a6</size>
         <input_file_ref idref="fl-e"/>
      </object_component>
      <object_component id="oc-149">
         <name>.debug_info</name>
         <load_address>0xc995</load_address>
         <run_address>0xc995</run_address>
         <size>0x13e</size>
         <input_file_ref idref="fl-e"/>
      </object_component>
      <object_component id="oc-15e">
         <name>.debug_info</name>
         <load_address>0xcad3</load_address>
         <run_address>0xcad3</run_address>
         <size>0xc8</size>
         <input_file_ref idref="fl-f"/>
      </object_component>
      <object_component id="oc-da">
         <name>.debug_info</name>
         <load_address>0xcb9b</load_address>
         <run_address>0xcb9b</run_address>
         <size>0x1dd</size>
         <input_file_ref idref="fl-f"/>
      </object_component>
      <object_component id="oc-1cb">
         <name>.debug_info</name>
         <load_address>0xcd78</load_address>
         <run_address>0xcd78</run_address>
         <size>0x446</size>
         <input_file_ref idref="fl-10"/>
      </object_component>
      <object_component id="oc-1c2">
         <name>.debug_info</name>
         <load_address>0xd1be</load_address>
         <run_address>0xd1be</run_address>
         <size>0xda</size>
         <input_file_ref idref="fl-10"/>
      </object_component>
      <object_component id="oc-10f">
         <name>.debug_info</name>
         <load_address>0xd298</load_address>
         <run_address>0xd298</run_address>
         <size>0xec7</size>
         <input_file_ref idref="fl-10"/>
      </object_component>
      <object_component id="oc-1c6">
         <name>.debug_info</name>
         <load_address>0xe15f</load_address>
         <run_address>0xe15f</run_address>
         <size>0x46</size>
         <input_file_ref idref="fl-10"/>
      </object_component>
      <object_component id="oc-1c0">
         <name>.debug_info</name>
         <load_address>0xe1a5</load_address>
         <run_address>0xe1a5</run_address>
         <size>0x100</size>
         <input_file_ref idref="fl-11"/>
      </object_component>
      <object_component id="oc-10a">
         <name>.debug_info</name>
         <load_address>0xe2a5</load_address>
         <run_address>0xe2a5</run_address>
         <size>0xd1b</size>
         <input_file_ref idref="fl-11"/>
      </object_component>
      <object_component id="oc-15a">
         <name>.debug_info</name>
         <load_address>0xefc0</load_address>
         <run_address>0xefc0</run_address>
         <size>0x1b2</size>
         <input_file_ref idref="fl-12"/>
      </object_component>
      <object_component id="oc-a9">
         <name>.debug_info</name>
         <load_address>0xf172</load_address>
         <run_address>0xf172</run_address>
         <size>0xde</size>
         <input_file_ref idref="fl-12"/>
      </object_component>
      <object_component id="oc-103">
         <name>.debug_info</name>
         <load_address>0xf250</load_address>
         <run_address>0xf250</run_address>
         <size>0xcf9</size>
         <input_file_ref idref="fl-12"/>
      </object_component>
      <object_component id="oc-2e">
         <name>.debug_info</name>
         <load_address>0xff49</load_address>
         <run_address>0xff49</run_address>
         <size>0x49d</size>
         <input_file_ref idref="fl-12"/>
      </object_component>
      <object_component id="oc-20a">
         <name>.debug_info</name>
         <load_address>0x103e6</load_address>
         <run_address>0x103e6</run_address>
         <size>0x91</size>
         <input_file_ref idref="fl-12"/>
      </object_component>
      <object_component id="oc-72">
         <name>.debug_info</name>
         <load_address>0x10477</load_address>
         <run_address>0x10477</run_address>
         <size>0x7eb</size>
         <input_file_ref idref="fl-13"/>
      </object_component>
      <object_component id="oc-34">
         <name>.debug_info</name>
         <load_address>0x10c62</load_address>
         <run_address>0x10c62</run_address>
         <size>0xfe</size>
         <input_file_ref idref="fl-15"/>
      </object_component>
      <object_component id="oc-11a">
         <name>.debug_info</name>
         <load_address>0x10d60</load_address>
         <run_address>0x10d60</run_address>
         <size>0x336</size>
         <input_file_ref idref="fl-16"/>
      </object_component>
      <object_component id="oc-125">
         <name>.debug_info</name>
         <load_address>0x11096</load_address>
         <run_address>0x11096</run_address>
         <size>0x103</size>
         <input_file_ref idref="fl-16"/>
      </object_component>
      <object_component id="oc-90">
         <name>.debug_info</name>
         <load_address>0x11199</load_address>
         <run_address>0x11199</run_address>
         <size>0x33e</size>
         <input_file_ref idref="fl-16"/>
      </object_component>
      <object_component id="oc-226">
         <name>.debug_info</name>
         <load_address>0x114d7</load_address>
         <run_address>0x114d7</run_address>
         <size>0xe7</size>
         <input_file_ref idref="fl-18"/>
      </object_component>
      <object_component id="oc-267">
         <name>.debug_info</name>
         <load_address>0x115be</load_address>
         <run_address>0x115be</run_address>
         <size>0x242</size>
         <input_file_ref idref="fl-18"/>
      </object_component>
      <object_component id="oc-189">
         <name>.debug_info</name>
         <load_address>0x11800</load_address>
         <run_address>0x11800</run_address>
         <size>0x2af</size>
         <input_file_ref idref="fl-18"/>
      </object_component>
      <object_component id="oc-39">
         <name>.debug_info</name>
         <load_address>0x11aaf</load_address>
         <run_address>0x11aaf</run_address>
         <size>0x130</size>
         <input_file_ref idref="fl-19"/>
      </object_component>
      <object_component id="oc-e3">
         <name>.debug_info</name>
         <load_address>0x11bdf</load_address>
         <run_address>0x11bdf</run_address>
         <size>0x35d</size>
         <input_file_ref idref="fl-1b"/>
      </object_component>
      <object_component id="oc-e6">
         <name>.debug_info</name>
         <load_address>0x11f3c</load_address>
         <run_address>0x11f3c</run_address>
         <size>0x4b7</size>
         <input_file_ref idref="fl-1c"/>
      </object_component>
      <object_component id="oc-7b">
         <name>.debug_info</name>
         <load_address>0x123f3</load_address>
         <run_address>0x123f3</run_address>
         <size>0x2b1a</size>
         <input_file_ref idref="fl-1c"/>
      </object_component>
      <object_component id="oc-1f">
         <name>.debug_info</name>
         <load_address>0x14f0d</load_address>
         <run_address>0x14f0d</run_address>
         <size>0x56c</size>
         <input_file_ref idref="fl-1d"/>
      </object_component>
      <object_component id="oc-a7">
         <name>.debug_info</name>
         <load_address>0x15479</load_address>
         <run_address>0x15479</run_address>
         <size>0x327</size>
         <input_file_ref idref="fl-1e"/>
      </object_component>
      <object_component id="oc-2b">
         <name>.debug_info</name>
         <load_address>0x157a0</load_address>
         <run_address>0x157a0</run_address>
         <size>0xd8</size>
         <input_file_ref idref="fl-1e"/>
      </object_component>
      <object_component id="oc-41">
         <name>.debug_info</name>
         <load_address>0x15878</load_address>
         <run_address>0x15878</run_address>
         <size>0x46a</size>
         <input_file_ref idref="fl-1e"/>
      </object_component>
      <object_component id="oc-46">
         <name>.debug_info</name>
         <load_address>0x15ce2</load_address>
         <run_address>0x15ce2</run_address>
         <size>0x1f3</size>
         <input_file_ref idref="fl-1e"/>
      </object_component>
      <object_component id="oc-153">
         <name>.debug_info</name>
         <load_address>0x15ed5</load_address>
         <run_address>0x15ed5</run_address>
         <size>0x4f</size>
         <input_file_ref idref="fl-1e"/>
      </object_component>
      <object_component id="oc-df">
         <name>.debug_info</name>
         <load_address>0x15f24</load_address>
         <run_address>0x15f24</run_address>
         <size>0x385</size>
         <input_file_ref idref="fl-1f"/>
      </object_component>
      <object_component id="oc-75">
         <name>.debug_info</name>
         <load_address>0x162a9</load_address>
         <run_address>0x162a9</run_address>
         <size>0x73c</size>
         <input_file_ref idref="fl-1f"/>
      </object_component>
      <object_component id="oc-fb">
         <name>.debug_info</name>
         <load_address>0x169e5</load_address>
         <run_address>0x169e5</run_address>
         <size>0x2ea</size>
         <input_file_ref idref="fl-24"/>
      </object_component>
      <object_component id="oc-89">
         <name>.debug_info</name>
         <load_address>0x16ccf</load_address>
         <run_address>0x16ccf</run_address>
         <size>0x191</size>
         <input_file_ref idref="fl-24"/>
      </object_component>
      <object_component id="oc-c7">
         <name>.debug_info</name>
         <load_address>0x16e60</load_address>
         <run_address>0x16e60</run_address>
         <size>0x84</size>
         <input_file_ref idref="fl-24"/>
      </object_component>
      <object_component id="oc-1a7">
         <name>.debug_info</name>
         <load_address>0x16ee4</load_address>
         <run_address>0x16ee4</run_address>
         <size>0x39</size>
         <input_file_ref idref="fl-24"/>
      </object_component>
      <object_component id="oc-1ac">
         <name>.debug_info</name>
         <load_address>0x16f1d</load_address>
         <run_address>0x16f1d</run_address>
         <size>0xcd</size>
         <input_file_ref idref="fl-24"/>
      </object_component>
      <object_component id="oc-55">
         <name>.debug_info</name>
         <load_address>0x16fea</load_address>
         <run_address>0x16fea</run_address>
         <size>0x13c</size>
         <input_file_ref idref="fl-25"/>
      </object_component>
      <object_component id="oc-d">
         <name>.debug_info</name>
         <load_address>0x17126</load_address>
         <run_address>0x17126</run_address>
         <size>0x1cb</size>
         <input_file_ref idref="fl-25"/>
      </object_component>
      <object_component id="oc-50">
         <name>.debug_info</name>
         <load_address>0x172f1</load_address>
         <run_address>0x172f1</run_address>
         <size>0x46</size>
         <input_file_ref idref="fl-25"/>
      </object_component>
      <object_component id="oc-c0">
         <name>.debug_info</name>
         <load_address>0x17337</load_address>
         <run_address>0x17337</run_address>
         <size>0x2c</size>
         <input_file_ref idref="fl-25"/>
      </object_component>
      <object_component id="oc-5d">
         <name>.debug_info</name>
         <load_address>0x17363</load_address>
         <run_address>0x17363</run_address>
         <size>0x135</size>
         <input_file_ref idref="fl-26"/>
      </object_component>
      <object_component id="oc-59">
         <name>.debug_info</name>
         <load_address>0x17498</load_address>
         <run_address>0x17498</run_address>
         <size>0x248</size>
         <input_file_ref idref="fl-26"/>
      </object_component>
      <object_component id="oc-14">
         <name>.debug_info</name>
         <load_address>0x176e0</load_address>
         <run_address>0x176e0</run_address>
         <size>0x1b2</size>
         <input_file_ref idref="fl-26"/>
      </object_component>
      <object_component id="oc-5e">
         <name>.debug_info</name>
         <load_address>0x17892</load_address>
         <run_address>0x17892</run_address>
         <size>0x39</size>
         <input_file_ref idref="fl-26"/>
      </object_component>
      <object_component id="oc-1a3">
         <name>.debug_info</name>
         <load_address>0x178cb</load_address>
         <run_address>0x178cb</run_address>
         <size>0x1e1</size>
         <input_file_ref idref="fl-28"/>
      </object_component>
      <object_component id="oc-f0">
         <name>.debug_info</name>
         <load_address>0x17aac</load_address>
         <run_address>0x17aac</run_address>
         <size>0x184</size>
         <input_file_ref idref="fl-28"/>
      </object_component>
      <object_component id="oc-229">
         <name>.debug_info</name>
         <load_address>0x17c30</load_address>
         <run_address>0x17c30</run_address>
         <size>0x2c</size>
         <input_file_ref idref="fl-28"/>
      </object_component>
      <object_component id="oc-122">
         <name>.debug_info</name>
         <load_address>0x17c5c</load_address>
         <run_address>0x17c5c</run_address>
         <size>0x235</size>
         <input_file_ref idref="fl-29"/>
      </object_component>
      <object_component id="oc-11c">
         <name>.debug_info</name>
         <load_address>0x17e91</load_address>
         <run_address>0x17e91</run_address>
         <size>0x186</size>
         <input_file_ref idref="fl-29"/>
      </object_component>
      <object_component id="oc-94">
         <name>.debug_info</name>
         <load_address>0x18017</load_address>
         <run_address>0x18017</run_address>
         <size>0x215</size>
         <input_file_ref idref="fl-29"/>
      </object_component>
      <object_component id="oc-4c">
         <name>.debug_info</name>
         <load_address>0x1822c</load_address>
         <run_address>0x1822c</run_address>
         <size>0x112</size>
         <input_file_ref idref="fl-2a"/>
      </object_component>
      <object_component id="oc-66">
         <name>.debug_info</name>
         <load_address>0x1833e</load_address>
         <run_address>0x1833e</run_address>
         <size>0x140</size>
         <input_file_ref idref="fl-2b"/>
      </object_component>
      <object_component id="oc-236">
         <name>.debug_info</name>
         <load_address>0x1847e</load_address>
         <run_address>0x1847e</run_address>
         <size>0x190</size>
         <input_file_ref idref="fl-2c"/>
      </object_component>
      <object_component id="oc-1b6">
         <name>.debug_info</name>
         <load_address>0x1860e</load_address>
         <run_address>0x1860e</run_address>
         <size>0x196</size>
         <input_file_ref idref="fl-2c"/>
      </object_component>
      <object_component id="oc-237">
         <name>.debug_info</name>
         <load_address>0x187a4</load_address>
         <run_address>0x187a4</run_address>
         <size>0x39</size>
         <input_file_ref idref="fl-2c"/>
      </object_component>
      <object_component id="oc-f7">
         <name>.debug_info</name>
         <load_address>0x187dd</load_address>
         <run_address>0x187dd</run_address>
         <size>0x146</size>
         <input_file_ref idref="fl-2d"/>
      </object_component>
      <object_component id="oc-1e2">
         <name>.debug_info</name>
         <load_address>0x18923</load_address>
         <run_address>0x18923</run_address>
         <size>0x125</size>
         <input_file_ref idref="fl-2f"/>
      </object_component>
      <object_component id="oc-11f">
         <name>.debug_info</name>
         <load_address>0x18a48</load_address>
         <run_address>0x18a48</run_address>
         <size>0x114</size>
         <input_file_ref idref="fl-2f"/>
      </object_component>
      <object_component id="oc-1de">
         <name>.debug_info</name>
         <load_address>0x18b5c</load_address>
         <run_address>0x18b5c</run_address>
         <size>0x220</size>
         <input_file_ref idref="fl-2f"/>
      </object_component>
      <object_component id="oc-2aa">
         <name>.debug_info</name>
         <load_address>0x18d7c</load_address>
         <run_address>0x18d7c</run_address>
         <size>0x9d</size>
      </object_component>
      <object_component id="oc-215">
         <name>.debug_line</name>
         <load_address>0x0</load_address>
         <run_address>0x0</run_address>
         <size>0x20</size>
         <input_file_ref idref="fl-2"/>
      </object_component>
      <object_component id="oc-164">
         <name>.debug_line</name>
         <load_address>0x20</load_address>
         <run_address>0x20</run_address>
         <size>0x5d</size>
         <input_file_ref idref="fl-2"/>
      </object_component>
      <object_component id="oc-a3">
         <name>.debug_line</name>
         <load_address>0x7d</load_address>
         <run_address>0x7d</run_address>
         <size>0x62</size>
         <input_file_ref idref="fl-2"/>
      </object_component>
      <object_component id="oc-118">
         <name>.debug_line</name>
         <load_address>0xdf</load_address>
         <run_address>0xdf</run_address>
         <size>0x20</size>
         <input_file_ref idref="fl-2"/>
      </object_component>
      <object_component id="oc-b7">
         <name>.debug_line</name>
         <load_address>0xff</load_address>
         <run_address>0xff</run_address>
         <size>0x5d</size>
         <input_file_ref idref="fl-2"/>
      </object_component>
      <object_component id="oc-131">
         <name>.debug_line</name>
         <load_address>0x15c</load_address>
         <run_address>0x15c</run_address>
         <size>0x66</size>
         <input_file_ref idref="fl-2"/>
      </object_component>
      <object_component id="oc-bc">
         <name>.debug_line</name>
         <load_address>0x1c2</load_address>
         <run_address>0x1c2</run_address>
         <size>0x60</size>
         <input_file_ref idref="fl-2"/>
      </object_component>
      <object_component id="oc-219">
         <name>.debug_line</name>
         <load_address>0x222</load_address>
         <run_address>0x222</run_address>
         <size>0x59</size>
         <input_file_ref idref="fl-2"/>
      </object_component>
      <object_component id="oc-151">
         <name>.debug_line</name>
         <load_address>0x27b</load_address>
         <run_address>0x27b</run_address>
         <size>0x5d</size>
         <input_file_ref idref="fl-2"/>
      </object_component>
      <object_component id="oc-251">
         <name>.debug_line</name>
         <load_address>0x2d8</load_address>
         <run_address>0x2d8</run_address>
         <size>0x20</size>
         <input_file_ref idref="fl-3"/>
      </object_component>
      <object_component id="oc-173">
         <name>.debug_line</name>
         <load_address>0x2f8</load_address>
         <run_address>0x2f8</run_address>
         <size>0x5d</size>
         <input_file_ref idref="fl-3"/>
      </object_component>
      <object_component id="oc-255">
         <name>.debug_line</name>
         <load_address>0x355</load_address>
         <run_address>0x355</run_address>
         <size>0x59</size>
         <input_file_ref idref="fl-3"/>
      </object_component>
      <object_component id="oc-26f">
         <name>.debug_line</name>
         <load_address>0x3ae</load_address>
         <run_address>0x3ae</run_address>
         <size>0x20</size>
         <input_file_ref idref="fl-4"/>
      </object_component>
      <object_component id="oc-1f2">
         <name>.debug_line</name>
         <load_address>0x3ce</load_address>
         <run_address>0x3ce</run_address>
         <size>0x5d</size>
         <input_file_ref idref="fl-4"/>
      </object_component>
      <object_component id="oc-273">
         <name>.debug_line</name>
         <load_address>0x42b</load_address>
         <run_address>0x42b</run_address>
         <size>0x59</size>
         <input_file_ref idref="fl-4"/>
      </object_component>
      <object_component id="oc-b0">
         <name>.debug_line</name>
         <load_address>0x484</load_address>
         <run_address>0x484</run_address>
         <size>0x78</size>
         <input_file_ref idref="fl-5"/>
      </object_component>
      <object_component id="oc-276">
         <name>.debug_line</name>
         <load_address>0x4fc</load_address>
         <run_address>0x4fc</run_address>
         <size>0x20</size>
         <input_file_ref idref="fl-6"/>
      </object_component>
      <object_component id="oc-27a">
         <name>.debug_line</name>
         <load_address>0x51c</load_address>
         <run_address>0x51c</run_address>
         <size>0x59</size>
         <input_file_ref idref="fl-6"/>
      </object_component>
      <object_component id="oc-1f7">
         <name>.debug_line</name>
         <load_address>0x575</load_address>
         <run_address>0x575</run_address>
         <size>0x5d</size>
         <input_file_ref idref="fl-6"/>
      </object_component>
      <object_component id="oc-27d">
         <name>.debug_line</name>
         <load_address>0x5d2</load_address>
         <run_address>0x5d2</run_address>
         <size>0x20</size>
         <input_file_ref idref="fl-7"/>
      </object_component>
      <object_component id="oc-281">
         <name>.debug_line</name>
         <load_address>0x5f2</load_address>
         <run_address>0x5f2</run_address>
         <size>0x5a</size>
         <input_file_ref idref="fl-7"/>
      </object_component>
      <object_component id="oc-1fc">
         <name>.debug_line</name>
         <load_address>0x64c</load_address>
         <run_address>0x64c</run_address>
         <size>0x5e</size>
         <input_file_ref idref="fl-7"/>
      </object_component>
      <object_component id="oc-284">
         <name>.debug_line</name>
         <load_address>0x6aa</load_address>
         <run_address>0x6aa</run_address>
         <size>0x20</size>
         <input_file_ref idref="fl-8"/>
      </object_component>
      <object_component id="oc-288">
         <name>.debug_line</name>
         <load_address>0x6ca</load_address>
         <run_address>0x6ca</run_address>
         <size>0x5a</size>
         <input_file_ref idref="fl-8"/>
      </object_component>
      <object_component id="oc-201">
         <name>.debug_line</name>
         <load_address>0x724</load_address>
         <run_address>0x724</run_address>
         <size>0x5e</size>
         <input_file_ref idref="fl-8"/>
      </object_component>
      <object_component id="oc-1a1">
         <name>.debug_line</name>
         <load_address>0x782</load_address>
         <run_address>0x782</run_address>
         <size>0x59</size>
         <input_file_ref idref="fl-9"/>
      </object_component>
      <object_component id="oc-81">
         <name>.debug_line</name>
         <load_address>0x7db</load_address>
         <run_address>0x7db</run_address>
         <size>0x289</size>
         <input_file_ref idref="fl-9"/>
      </object_component>
      <object_component id="oc-26">
         <name>.debug_line</name>
         <load_address>0xa64</load_address>
         <run_address>0xa64</run_address>
         <size>0x6e</size>
         <input_file_ref idref="fl-9"/>
      </object_component>
      <object_component id="oc-138">
         <name>.debug_line</name>
         <load_address>0xad2</load_address>
         <run_address>0xad2</run_address>
         <size>0x5d</size>
         <input_file_ref idref="fl-9"/>
      </object_component>
      <object_component id="oc-eb">
         <name>.debug_line</name>
         <load_address>0xb2f</load_address>
         <run_address>0xb2f</run_address>
         <size>0x59</size>
         <input_file_ref idref="fl-9"/>
      </object_component>
      <object_component id="oc-25f">
         <name>.debug_line</name>
         <load_address>0xb88</load_address>
         <run_address>0xb88</run_address>
         <size>0x20</size>
         <input_file_ref idref="fl-a"/>
      </object_component>
      <object_component id="oc-263">
         <name>.debug_line</name>
         <load_address>0xba8</load_address>
         <run_address>0xba8</run_address>
         <size>0x5b</size>
         <input_file_ref idref="fl-a"/>
      </object_component>
      <object_component id="oc-206">
         <name>.debug_line</name>
         <load_address>0xc03</load_address>
         <run_address>0xc03</run_address>
         <size>0x5f</size>
         <input_file_ref idref="fl-a"/>
      </object_component>
      <object_component id="oc-182">
         <name>.debug_line</name>
         <load_address>0xc62</load_address>
         <run_address>0xc62</run_address>
         <size>0x60</size>
         <input_file_ref idref="fl-a"/>
      </object_component>
      <object_component id="oc-220">
         <name>.debug_line</name>
         <load_address>0xcc2</load_address>
         <run_address>0xcc2</run_address>
         <size>0x5c</size>
         <input_file_ref idref="fl-a"/>
      </object_component>
      <object_component id="oc-22f">
         <name>.debug_line</name>
         <load_address>0xd1e</load_address>
         <run_address>0xd1e</run_address>
         <size>0x20</size>
         <input_file_ref idref="fl-b"/>
      </object_component>
      <object_component id="oc-101">
         <name>.debug_line</name>
         <load_address>0xd3e</load_address>
         <run_address>0xd3e</run_address>
         <size>0x196</size>
         <input_file_ref idref="fl-b"/>
      </object_component>
      <object_component id="oc-142">
         <name>.debug_line</name>
         <load_address>0xed4</load_address>
         <run_address>0xed4</run_address>
         <size>0x5d</size>
         <input_file_ref idref="fl-b"/>
      </object_component>
      <object_component id="oc-233">
         <name>.debug_line</name>
         <load_address>0xf31</load_address>
         <run_address>0xf31</run_address>
         <size>0x59</size>
         <input_file_ref idref="fl-b"/>
      </object_component>
      <object_component id="oc-258">
         <name>.debug_line</name>
         <load_address>0xf8a</load_address>
         <run_address>0xf8a</run_address>
         <size>0x66</size>
         <input_file_ref idref="fl-c"/>
      </object_component>
      <object_component id="oc-d2">
         <name>.debug_line</name>
         <load_address>0xff0</load_address>
         <run_address>0xff0</run_address>
         <size>0x66</size>
         <input_file_ref idref="fl-c"/>
      </object_component>
      <object_component id="oc-17d">
         <name>.debug_line</name>
         <load_address>0x1056</load_address>
         <run_address>0x1056</run_address>
         <size>0x5d</size>
         <input_file_ref idref="fl-c"/>
      </object_component>
      <object_component id="oc-25c">
         <name>.debug_line</name>
         <load_address>0x10b3</load_address>
         <run_address>0x10b3</run_address>
         <size>0x59</size>
         <input_file_ref idref="fl-c"/>
      </object_component>
      <object_component id="oc-24a">
         <name>.debug_line</name>
         <load_address>0x110c</load_address>
         <run_address>0x110c</run_address>
         <size>0x20</size>
         <input_file_ref idref="fl-d"/>
      </object_component>
      <object_component id="oc-169">
         <name>.debug_line</name>
         <load_address>0x112c</load_address>
         <run_address>0x112c</run_address>
         <size>0x60</size>
         <input_file_ref idref="fl-d"/>
      </object_component>
      <object_component id="oc-24e">
         <name>.debug_line</name>
         <load_address>0x118c</load_address>
         <run_address>0x118c</run_address>
         <size>0x5c</size>
         <input_file_ref idref="fl-d"/>
      </object_component>
      <object_component id="oc-1e9">
         <name>.debug_line</name>
         <load_address>0x11e8</load_address>
         <run_address>0x11e8</run_address>
         <size>0x3c</size>
         <input_file_ref idref="fl-e"/>
      </object_component>
      <object_component id="oc-9d">
         <name>.debug_line</name>
         <load_address>0x1224</load_address>
         <run_address>0x1224</run_address>
         <size>0x23d</size>
         <input_file_ref idref="fl-e"/>
      </object_component>
      <object_component id="oc-16e">
         <name>.debug_line</name>
         <load_address>0x1461</load_address>
         <run_address>0x1461</run_address>
         <size>0x5d</size>
         <input_file_ref idref="fl-e"/>
      </object_component>
      <object_component id="oc-1d1">
         <name>.debug_line</name>
         <load_address>0x14be</load_address>
         <run_address>0x14be</run_address>
         <size>0x5d</size>
         <input_file_ref idref="fl-e"/>
      </object_component>
      <object_component id="oc-1ed">
         <name>.debug_line</name>
         <load_address>0x151b</load_address>
         <run_address>0x151b</run_address>
         <size>0x5d</size>
         <input_file_ref idref="fl-e"/>
      </object_component>
      <object_component id="oc-12c">
         <name>.debug_line</name>
         <load_address>0x1578</load_address>
         <run_address>0x1578</run_address>
         <size>0x5d</size>
         <input_file_ref idref="fl-e"/>
      </object_component>
      <object_component id="oc-19e">
         <name>.debug_line</name>
         <load_address>0x15d5</load_address>
         <run_address>0x15d5</run_address>
         <size>0x62</size>
         <input_file_ref idref="fl-e"/>
      </object_component>
      <object_component id="oc-1be">
         <name>.debug_line</name>
         <load_address>0x1637</load_address>
         <run_address>0x1637</run_address>
         <size>0x59</size>
         <input_file_ref idref="fl-e"/>
      </object_component>
      <object_component id="oc-178">
         <name>.debug_line</name>
         <load_address>0x1690</load_address>
         <run_address>0x1690</run_address>
         <size>0x5d</size>
         <input_file_ref idref="fl-e"/>
      </object_component>
      <object_component id="oc-13d">
         <name>.debug_line</name>
         <load_address>0x16ed</load_address>
         <run_address>0x16ed</run_address>
         <size>0x5f</size>
         <input_file_ref idref="fl-e"/>
      </object_component>
      <object_component id="oc-191">
         <name>.debug_line</name>
         <load_address>0x174c</load_address>
         <run_address>0x174c</run_address>
         <size>0x5c</size>
         <input_file_ref idref="fl-e"/>
      </object_component>
      <object_component id="oc-187">
         <name>.debug_line</name>
         <load_address>0x17a8</load_address>
         <run_address>0x17a8</run_address>
         <size>0x5f</size>
         <input_file_ref idref="fl-e"/>
      </object_component>
      <object_component id="oc-1d6">
         <name>.debug_line</name>
         <load_address>0x1807</load_address>
         <run_address>0x1807</run_address>
         <size>0x5d</size>
         <input_file_ref idref="fl-e"/>
      </object_component>
      <object_component id="oc-212">
         <name>.debug_line</name>
         <load_address>0x1864</load_address>
         <run_address>0x1864</run_address>
         <size>0x59</size>
         <input_file_ref idref="fl-e"/>
      </object_component>
      <object_component id="oc-196">
         <name>.debug_line</name>
         <load_address>0x18bd</load_address>
         <run_address>0x18bd</run_address>
         <size>0x5d</size>
         <input_file_ref idref="fl-e"/>
      </object_component>
      <object_component id="oc-147">
         <name>.debug_line</name>
         <load_address>0x191a</load_address>
         <run_address>0x191a</run_address>
         <size>0x60</size>
         <input_file_ref idref="fl-e"/>
      </object_component>
      <object_component id="oc-14c">
         <name>.debug_line</name>
         <load_address>0x197a</load_address>
         <run_address>0x197a</run_address>
         <size>0x5f</size>
         <input_file_ref idref="fl-e"/>
      </object_component>
      <object_component id="oc-21c">
         <name>.debug_line</name>
         <load_address>0x19d9</load_address>
         <run_address>0x19d9</run_address>
         <size>0x20</size>
         <input_file_ref idref="fl-f"/>
      </object_component>
      <object_component id="oc-d9">
         <name>.debug_line</name>
         <load_address>0x19f9</load_address>
         <run_address>0x19f9</run_address>
         <size>0xd7</size>
         <input_file_ref idref="fl-f"/>
      </object_component>
      <object_component id="oc-241">
         <name>.debug_line</name>
         <load_address>0x1ad0</load_address>
         <run_address>0x1ad0</run_address>
         <size>0x126</size>
         <input_file_ref idref="fl-10"/>
      </object_component>
      <object_component id="oc-23f">
         <name>.debug_line</name>
         <load_address>0x1bf6</load_address>
         <run_address>0x1bf6</run_address>
         <size>0x35</size>
         <input_file_ref idref="fl-10"/>
      </object_component>
      <object_component id="oc-112">
         <name>.debug_line</name>
         <load_address>0x1c2b</load_address>
         <run_address>0x1c2b</run_address>
         <size>0x3d1</size>
         <input_file_ref idref="fl-10"/>
      </object_component>
      <object_component id="oc-1c9">
         <name>.debug_line</name>
         <load_address>0x1ffc</load_address>
         <run_address>0x1ffc</run_address>
         <size>0x5f</size>
         <input_file_ref idref="fl-10"/>
      </object_component>
      <object_component id="oc-23d">
         <name>.debug_line</name>
         <load_address>0x205b</load_address>
         <run_address>0x205b</run_address>
         <size>0x20</size>
         <input_file_ref idref="fl-11"/>
      </object_component>
      <object_component id="oc-109">
         <name>.debug_line</name>
         <load_address>0x207b</load_address>
         <run_address>0x207b</run_address>
         <size>0x2f2</size>
         <input_file_ref idref="fl-11"/>
      </object_component>
      <object_component id="oc-209">
         <name>.debug_line</name>
         <load_address>0x236d</load_address>
         <run_address>0x236d</run_address>
         <size>0x9d</size>
         <input_file_ref idref="fl-12"/>
      </object_component>
      <object_component id="oc-159">
         <name>.debug_line</name>
         <load_address>0x240a</load_address>
         <run_address>0x240a</run_address>
         <size>0x33</size>
         <input_file_ref idref="fl-12"/>
      </object_component>
      <object_component id="oc-106">
         <name>.debug_line</name>
         <load_address>0x243d</load_address>
         <run_address>0x243d</run_address>
         <size>0x308</size>
         <input_file_ref idref="fl-12"/>
      </object_component>
      <object_component id="oc-31">
         <name>.debug_line</name>
         <load_address>0x2745</load_address>
         <run_address>0x2745</run_address>
         <size>0x14d</size>
         <input_file_ref idref="fl-12"/>
      </object_component>
      <object_component id="oc-20d">
         <name>.debug_line</name>
         <load_address>0x2892</load_address>
         <run_address>0x2892</run_address>
         <size>0x33</size>
         <input_file_ref idref="fl-12"/>
      </object_component>
      <object_component id="oc-70">
         <name>.debug_line</name>
         <load_address>0x28c5</load_address>
         <run_address>0x28c5</run_address>
         <size>0x2e4</size>
         <input_file_ref idref="fl-13"/>
      </object_component>
      <object_component id="oc-37">
         <name>.debug_line</name>
         <load_address>0x2ba9</load_address>
         <run_address>0x2ba9</run_address>
         <size>0x4f</size>
         <input_file_ref idref="fl-15"/>
      </object_component>
      <object_component id="oc-1cd">
         <name>.debug_line</name>
         <load_address>0x2bf8</load_address>
         <run_address>0x2bf8</run_address>
         <size>0x143</size>
         <input_file_ref idref="fl-16"/>
      </object_component>
      <object_component id="oc-1e7">
         <name>.debug_line</name>
         <load_address>0x2d3b</load_address>
         <run_address>0x2d3b</run_address>
         <size>0x38</size>
         <input_file_ref idref="fl-16"/>
      </object_component>
      <object_component id="oc-8d">
         <name>.debug_line</name>
         <load_address>0x2d73</load_address>
         <run_address>0x2d73</run_address>
         <size>0xf4</size>
         <input_file_ref idref="fl-16"/>
      </object_component>
      <object_component id="oc-266">
         <name>.debug_line</name>
         <load_address>0x2e67</load_address>
         <run_address>0x2e67</run_address>
         <size>0x20</size>
         <input_file_ref idref="fl-18"/>
      </object_component>
      <object_component id="oc-26a">
         <name>.debug_line</name>
         <load_address>0x2e87</load_address>
         <run_address>0x2e87</run_address>
         <size>0x5d</size>
         <input_file_ref idref="fl-18"/>
      </object_component>
      <object_component id="oc-18c">
         <name>.debug_line</name>
         <load_address>0x2ee4</load_address>
         <run_address>0x2ee4</run_address>
         <size>0x5d</size>
         <input_file_ref idref="fl-18"/>
      </object_component>
      <object_component id="oc-3c">
         <name>.debug_line</name>
         <load_address>0x2f41</load_address>
         <run_address>0x2f41</run_address>
         <size>0x4b</size>
         <input_file_ref idref="fl-19"/>
      </object_component>
      <object_component id="oc-e1">
         <name>.debug_line</name>
         <load_address>0x2f8c</load_address>
         <run_address>0x2f8c</run_address>
         <size>0x125</size>
         <input_file_ref idref="fl-1b"/>
      </object_component>
      <object_component id="oc-19a">
         <name>.debug_line</name>
         <load_address>0x30b1</load_address>
         <run_address>0x30b1</run_address>
         <size>0xdd</size>
         <input_file_ref idref="fl-1c"/>
      </object_component>
      <object_component id="oc-7e">
         <name>.debug_line</name>
         <load_address>0x318e</load_address>
         <run_address>0x318e</run_address>
         <size>0xc24</size>
         <input_file_ref idref="fl-1c"/>
      </object_component>
      <object_component id="oc-22">
         <name>.debug_line</name>
         <load_address>0x3db2</load_address>
         <run_address>0x3db2</run_address>
         <size>0xed</size>
         <input_file_ref idref="fl-1d"/>
      </object_component>
      <object_component id="oc-134">
         <name>.debug_line</name>
         <load_address>0x3e9f</load_address>
         <run_address>0x3e9f</run_address>
         <size>0x96</size>
         <input_file_ref idref="fl-1e"/>
      </object_component>
      <object_component id="oc-a6">
         <name>.debug_line</name>
         <load_address>0x3f35</load_address>
         <run_address>0x3f35</run_address>
         <size>0x37</size>
         <input_file_ref idref="fl-1e"/>
      </object_component>
      <object_component id="oc-40">
         <name>.debug_line</name>
         <load_address>0x3f6c</load_address>
         <run_address>0x3f6c</run_address>
         <size>0x1c5</size>
         <input_file_ref idref="fl-1e"/>
      </object_component>
      <object_component id="oc-45">
         <name>.debug_line</name>
         <load_address>0x4131</load_address>
         <run_address>0x4131</run_address>
         <size>0xb2</size>
         <input_file_ref idref="fl-1e"/>
      </object_component>
      <object_component id="oc-156">
         <name>.debug_line</name>
         <load_address>0x41e3</load_address>
         <run_address>0x41e3</run_address>
         <size>0x37</size>
         <input_file_ref idref="fl-1e"/>
      </object_component>
      <object_component id="oc-160">
         <name>.debug_line</name>
         <load_address>0x421a</load_address>
         <run_address>0x421a</run_address>
         <size>0xdc</size>
         <input_file_ref idref="fl-1f"/>
      </object_component>
      <object_component id="oc-78">
         <name>.debug_line</name>
         <load_address>0x42f6</load_address>
         <run_address>0x42f6</run_address>
         <size>0x234</size>
         <input_file_ref idref="fl-1f"/>
      </object_component>
      <object_component id="oc-1a6">
         <name>.debug_line</name>
         <load_address>0x452a</load_address>
         <run_address>0x452a</run_address>
         <size>0xa9</size>
         <input_file_ref idref="fl-24"/>
      </object_component>
      <object_component id="oc-88">
         <name>.debug_line</name>
         <load_address>0x45d3</load_address>
         <run_address>0x45d3</run_address>
         <size>0x91</size>
         <input_file_ref idref="fl-24"/>
      </object_component>
      <object_component id="oc-ca">
         <name>.debug_line</name>
         <load_address>0x4664</load_address>
         <run_address>0x4664</run_address>
         <size>0x20</size>
         <input_file_ref idref="fl-24"/>
      </object_component>
      <object_component id="oc-1aa">
         <name>.debug_line</name>
         <load_address>0x4684</load_address>
         <run_address>0x4684</run_address>
         <size>0x2e</size>
         <input_file_ref idref="fl-24"/>
      </object_component>
      <object_component id="oc-1af">
         <name>.debug_line</name>
         <load_address>0x46b2</load_address>
         <run_address>0x46b2</run_address>
         <size>0x8b</size>
         <input_file_ref idref="fl-24"/>
      </object_component>
      <object_component id="oc-c6">
         <name>.debug_line</name>
         <load_address>0x473d</load_address>
         <run_address>0x473d</run_address>
         <size>0x8a</size>
         <input_file_ref idref="fl-25"/>
      </object_component>
      <object_component id="oc-11">
         <name>.debug_line</name>
         <load_address>0x47c7</load_address>
         <run_address>0x47c7</run_address>
         <size>0x58</size>
         <input_file_ref idref="fl-25"/>
      </object_component>
      <object_component id="oc-53">
         <name>.debug_line</name>
         <load_address>0x481f</load_address>
         <run_address>0x481f</run_address>
         <size>0x3a</size>
         <input_file_ref idref="fl-25"/>
      </object_component>
      <object_component id="oc-c3">
         <name>.debug_line</name>
         <load_address>0x4859</load_address>
         <run_address>0x4859</run_address>
         <size>0x8a</size>
         <input_file_ref idref="fl-25"/>
      </object_component>
      <object_component id="oc-ce">
         <name>.debug_line</name>
         <load_address>0x48e3</load_address>
         <run_address>0x48e3</run_address>
         <size>0x8a</size>
         <input_file_ref idref="fl-26"/>
      </object_component>
      <object_component id="oc-58">
         <name>.debug_line</name>
         <load_address>0x496d</load_address>
         <run_address>0x496d</run_address>
         <size>0x9e</size>
         <input_file_ref idref="fl-26"/>
      </object_component>
      <object_component id="oc-17">
         <name>.debug_line</name>
         <load_address>0x4a0b</load_address>
         <run_address>0x4a0b</run_address>
         <size>0x4b</size>
         <input_file_ref idref="fl-26"/>
      </object_component>
      <object_component id="oc-61">
         <name>.debug_line</name>
         <load_address>0x4a56</load_address>
         <run_address>0x4a56</run_address>
         <size>0x39</size>
         <input_file_ref idref="fl-26"/>
      </object_component>
      <object_component id="oc-228">
         <name>.debug_line</name>
         <load_address>0x4a8f</load_address>
         <run_address>0x4a8f</run_address>
         <size>0x98</size>
         <input_file_ref idref="fl-28"/>
      </object_component>
      <object_component id="oc-ef">
         <name>.debug_line</name>
         <load_address>0x4b27</load_address>
         <run_address>0x4b27</run_address>
         <size>0x78</size>
         <input_file_ref idref="fl-28"/>
      </object_component>
      <object_component id="oc-22c">
         <name>.debug_line</name>
         <load_address>0x4b9f</load_address>
         <run_address>0x4b9f</run_address>
         <size>0x2e</size>
         <input_file_ref idref="fl-28"/>
      </object_component>
      <object_component id="oc-1e5">
         <name>.debug_line</name>
         <load_address>0x4bcd</load_address>
         <run_address>0x4bcd</run_address>
         <size>0xf2</size>
         <input_file_ref idref="fl-29"/>
      </object_component>
      <object_component id="oc-1d9">
         <name>.debug_line</name>
         <load_address>0x4cbf</load_address>
         <run_address>0x4cbf</run_address>
         <size>0x2a</size>
         <input_file_ref idref="fl-29"/>
      </object_component>
      <object_component id="oc-93">
         <name>.debug_line</name>
         <load_address>0x4ce9</load_address>
         <run_address>0x4ce9</run_address>
         <size>0x86</size>
         <input_file_ref idref="fl-29"/>
[...]
      </symbol>
      <symbol id="sm-444">
         <name>_coreEnableFlashEcc_</name>
         <value>0x7c1c</value>
         <object_component_ref idref="oc-6f"/>
      </symbol>
      <symbol id="sm-445">
         <name>_disable_FIQ_interrupt_</name>
         <value>0x7cd0</value>
         <object_component_ref idref="oc-6f"/>
      </symbol>
      <symbol id="sm-446">
         <name>_coreGetAuxiliaryInstructionFault_</name>
         <value>0x7cb4</value>
         <object_component_ref idref="oc-6f"/>
      </symbol>
      <symbol id="sm-447">
         <name>_coreInitStackPointer_</name>
         <value>0x7b58</value>
         <object_component_ref idref="oc-6f"/>
      </symbol>
      <symbol id="sm-448">
         <name>_esmCcmErrorsClear_</name>
         <value>0x7ce8</value>
         <object_component_ref idref="oc-6f"/>
      </symbol>
      <symbol id="sm-449">
         <name>_gotoCPUIdle_</name>
         <value>0x7bac</value>
         <object_component_ref idref="oc-6f"/>
      </symbol>
      <symbol id="sm-44a">
         <name>_coreEnableIrqVicOffset_</name>
         <value>0x7c40</value>
         <object_component_ref idref="oc-6f"/>
      </symbol>
      <symbol id="sm-44b">
         <name>_coreGetInstructionFault_</name>
         <value>0x7c64</value>
         <object_component_ref idref="oc-6f"/>
      </symbol>
      <symbol id="sm-44c">
         <name>_coreEnableVfp_</name>
         <value>0x7bc4</value>
         <object_component_ref idref="oc-6f"/>
      </symbol>
      <symbol id="sm-44d">
         <name>_coreClearAuxiliaryDataFault_</name>
         <value>0x7ca8</value>
         <object_component_ref idref="oc-6f"/>
      </symbol>
      <symbol id="sm-44e">
         <name>_coreEnableEventBusExport_</name>
         <value>0x7bdc</value>
         <object_component_ref idref="oc-6f"/>
      </symbol>
      <symbol id="sm-45b">
         <name>resetEntry</name>
         <value>0x0</value>
         <object_component_ref idref="oc-33"/>
      </symbol>
      <symbol id="sm-489">
         <name>UART_RX_RDY</name>
         <value>0x8001540</value>
         <object_component_ref idref="oc-124"/>
      </symbol>
      <symbol id="sm-48a">
         <name>main</name>
         <value>0x7680</value>
         <object_component_ref idref="oc-8c"/>
      </symbol>
      <symbol id="sm-48b">
         <name>RTI_TIMEOUT</name>
         <value>0x8001544</value>
         <object_component_ref idref="oc-124"/>
      </symbol>
      <symbol id="sm-4a4">
         <name>phantomInterrupt</name>
         <value>0x8b1c</value>
         <object_component_ref idref="oc-38"/>
      </symbol>
      <symbol id="sm-4ae">
         <name>_pmuResetCounters_</name>
         <value>0x8810</value>
         <object_component_ref idref="oc-e0"/>
      </symbol>
      <symbol id="sm-4af">
         <name>_pmuGetEventCount_</name>
         <value>0x8844</value>
         <object_component_ref idref="oc-e0"/>
      </symbol>
      <symbol id="sm-4b0">
         <name>_pmuResetEventCounters_</name>
         <value>0x8800</value>
         <object_component_ref idref="oc-e0"/>
      </symbol>
      <symbol id="sm-4b1">
         <name>_pmuStopCounters_</name>
         <value>0x8828</value>
         <object_component_ref idref="oc-e0"/>
      </symbol>
      <symbol id="sm-4b2">
         <name>_pmuInit_</name>
         <value>0x8784</value>
         <object_component_ref idref="oc-e0"/>
      </symbol>
      <symbol id="sm-4b3">
         <name>_pmuGetOverflow_</name>
         <value>0x8850</value>
         <object_component_ref idref="oc-e0"/>
      </symbol>
      <symbol id="sm-4b4">
         <name>_pmuResetCycleCounter_</name>
         <value>0x87f0</value>
         <object_component_ref idref="oc-e0"/>
      </symbol>
      <symbol id="sm-4b5">
         <name>_pmuSetCountEvent_</name>
         <value>0x8830</value>
         <object_component_ref idref="oc-e0"/>
      </symbol>
      <symbol id="sm-4b6">
         <name>_pmuGetCycleCount_</name>
         <value>0x883c</value>
         <object_component_ref idref="oc-e0"/>
      </symbol>
      <symbol id="sm-4b7">
         <name>_pmuEnableCountersGlobal_</name>
         <value>0x87d0</value>
         <object_component_ref idref="oc-e0"/>
      </symbol>
      <symbol id="sm-4b8">
         <name>_pmuDisableCountersGlobal_</name>
         <value>0x87e0</value>
         <object_component_ref idref="oc-e0"/>
      </symbol>
      <symbol id="sm-4b9">
         <name>_pmuStartCounters_</name>
         <value>0x8820</value>
         <object_component_ref idref="oc-e0"/>
      </symbol>
      <symbol id="sm-64a">
         <name>pbistSelfCheck</name>
         <value>0x2cc</value>
         <object_component_ref idref="oc-7a"/>
      </symbol>
      <symbol id="sm-64b">
         <name>fmcBus1ParityCheck</name>
         <value>0x1f18</value>
         <object_component_ref idref="oc-7a"/>
      </symbol>
      <symbol id="sm-64c">
         <name>can1ParityCheck</name>
         <value>0x1410</value>
         <object_component_ref idref="oc-7a"/>
      </symbol>
      <symbol id="sm-64d">
         <name>enableParity</name>
         <value>0x2710</value>
         <object_component_ref idref="oc-7a"/>
      </symbol>
      <symbol id="sm-64e">
         <name>dmaParityCheck</name>
         <value>0xeac</value>
         <object_component_ref idref="oc-7a"/>
      </symbol>
      <symbol id="sm-64f">
         <name>custom_dabort</name>
         <value>0xdf4</value>
         <object_component_ref idref="oc-7a"/>
      </symbol>
      <symbol id="sm-650">
         <name>memoryInit</name>
         <value>0x174</value>
         <object_component_ref idref="oc-7a"/>
      </symbol>
      <symbol id="sm-651">
         <name>stcSelfCheck</name>
         <value>0x1b8</value>
         <object_component_ref idref="oc-7a"/>
      </symbol>
      <symbol id="sm-652">
         <name>efcGetConfigValue</name>
         <value>0x229c</value>
         <object_component_ref idref="oc-7a"/>
      </symbol>
      <symbol id="sm-653">
         <name>het1ParityCheck</name>
         <value>0xf58</value>
         <object_component_ref idref="oc-7a"/>
      </symbol>
      <symbol id="sm-654">
         <name>adc1ParityCheck</name>
         <value>0x126c</value>
         <object_component_ref idref="oc-7a"/>
      </symbol>
      <symbol id="sm-655">
         <name>checkefcSelfTest</name>
         <value>0x7bc</value>
         <object_component_ref idref="oc-7a"/>
      </symbol>
      <symbol id="sm-656">
         <name>checkRAMECC</name>
         <value>0x15fc</value>
         <object_component_ref idref="oc-7a"/>
      </symbol>
      <symbol id="sm-657">
         <name>stcSelfCheckFail</name>
         <value>0xdf8</value>
         <object_component_ref idref="oc-7a"/>
      </symbol>
      <symbol id="sm-658">
         <name>ccmSelfCheck</name>
         <value>0x30</value>
         <object_component_ref idref="oc-7a"/>
      </symbol>
      <symbol id="sm-659">
         <name>efcCheck</name>
         <value>0x660</value>
         <object_component_ref idref="oc-7a"/>
      </symbol>
      <symbol id="sm-65a">
         <name>het2ParityCheck</name>
         <value>0x10c0</value>
         <object_component_ref idref="oc-7a"/>
      </symbol>
      <symbol id="sm-65b">
         <name>adc2ParityCheck</name>
         <value>0x1358</value>
         <object_component_ref idref="oc-7a"/>
      </symbol>
      <symbol id="sm-65c">
         <name>cpuSelfTest</name>
         <value>0x234</value>
         <object_component_ref idref="oc-7a"/>
      </symbol>
      <symbol id="sm-65d">
         <name>htu1ParityCheck</name>
         <value>0x1004</value>
         <object_component_ref idref="oc-7a"/>
      </symbol>
      <symbol id="sm-65e">
         <name>checkFlashECC</name>
         <value>0xd18</value>
         <object_component_ref idref="oc-7a"/>
      </symbol>
      <symbol id="sm-65f">
         <name>cpuSelfTestFail</name>
         <value>0xdfc</value>
         <object_component_ref idref="oc-7a"/>
      </symbol>
      <symbol id="sm-660">
         <name>checkPLL1Slip</name>
         <value>0x1ae0</value>
         <object_component_ref idref="oc-7a"/>
      </symbol>
      <symbol id="sm-661">
         <name>mibspi1ParityCheck</name>
         <value>0x14e8</value>
         <object_component_ref idref="oc-7a"/>
      </symbol>
      <symbol id="sm-662">
         <name>ccmr4GetConfigValue</name>
         <value>0x2334</value>
         <object_component_ref idref="oc-7a"/>
      </symbol>
      <symbol id="sm-663">
         <name>htu2ParityCheck</name>
         <value>0x11bc</value>
         <object_component_ref idref="oc-7a"/>
      </symbol>
      <symbol id="sm-664">
         <name>pbistPortTestStatus</name>
         <value>0x608</value>
         <object_component_ref idref="oc-7a"/>
      </symbol>
      <symbol id="sm-665">
         <name>checkFlashEEPROMECC</name>
         <value>0x1948</value>
         <object_component_ref idref="oc-7a"/>
      </symbol>
      <symbol id="sm-666">
         <name>pbistGetConfigValue</name>
         <value>0x20b8</value>
         <object_component_ref idref="oc-7a"/>
      </symbol>
      <symbol id="sm-667">
         <name>vimParityCheck</name>
         <value>0xe00</value>
         <object_component_ref idref="oc-7a"/>
      </symbol>
      <symbol id="sm-668">
         <name>pbistIsTestCompleted</name>
         <value>0x5a8</value>
         <object_component_ref idref="oc-7a"/>
      </symbol>
      <symbol id="sm-669">
         <name>disableParity</name>
         <value>0x2780</value>
         <object_component_ref idref="oc-7a"/>
      </symbol>
      <symbol id="sm-66a">
         <name>pbistRun</name>
         <value>0x4ac</value>
         <object_component_ref idref="oc-7a"/>
      </symbol>
      <symbol id="sm-66b">
         <name>pbistFail</name>
         <value>0x203c</value>
         <object_component_ref idref="oc-7a"/>
      </symbol>
      <symbol id="sm-66c">
         <name>selftestFailNotification</name>
         <value>0x20</value>
         <object_component_ref idref="oc-7a"/>
      </symbol>
      <symbol id="sm-66d">
         <name>errata_PBIST_4</name>
         <value>0x23ac</value>
         <object_component_ref idref="oc-7a"/>
      </symbol>
      <symbol id="sm-66e">
         <name>efcSelfTest</name>
         <value>0x794</value>
         <object_component_ref idref="oc-7a"/>
      </symbol>
      <symbol id="sm-66f">
         <name>checkB1RAMECC</name>
         <value>0xb28</value>
         <object_component_ref idref="oc-7a"/>
      </symbol>
      <symbol id="sm-670">
         <name>pbistStop</name>
         <value>0x578</value>
         <object_component_ref idref="oc-7a"/>
      </symbol>
      <symbol id="sm-671">
         <name>checkRAMAddrParity</name>
         <value>0x1c94</value>
         <object_component_ref idref="oc-7a"/>
      </symbol>
      <symbol id="sm-672">
         <name>checkB0RAMECC</name>
         <value>0x938</value>
         <object_component_ref idref="oc-7a"/>
      </symbol>
      <symbol id="sm-673">
         <name>stcGetConfigValue</name>
         <value>0x2200</value>
         <object_component_ref idref="oc-7a"/>
      </symbol>
      <symbol id="sm-674">
         <name>pbistIsTestPassed</name>
         <value>0x5d4</value>
         <object_component_ref idref="oc-7a"/>
      </symbol>
      <symbol id="sm-675">
         <name>checkClockMonitor</name>
         <value>0x1860</value>
         <object_component_ref idref="oc-7a"/>
      </symbol>
      <symbol id="sm-676">
         <name>fmcECCcheck</name>
         <value>0x898</value>
         <object_component_ref idref="oc-7a"/>
      </symbol>
      <symbol id="sm-677">
         <name>fmcBus2Check</name>
         <value>0x85c</value>
         <object_component_ref idref="oc-7a"/>
      </symbol>
      <symbol id="sm-678">
         <name>checkRAMUERRTest</name>
         <value>0x1da8</value>
         <object_component_ref idref="oc-7a"/>
      </symbol>
      <symbol id="sm-679">
         <name>efcStuckZeroTest</name>
         <value>0x6e8</value>
         <object_component_ref idref="oc-7a"/>
      </symbol>
      <symbol id="sm-67a">
         <name>checkPLL2Slip</name>
         <value>0x1bd4</value>
         <object_component_ref idref="oc-7a"/>
      </symbol>
      <symbol id="sm-6a0">
         <name>_c_int00</name>
         <value>0x8064</value>
         <object_component_ref idref="oc-1e"/>
      </symbol>
      <symbol id="sm-74f">
         <name>vimChannelMap</name>
         <value>0x43a0</value>
         <object_component_ref idref="oc-3f"/>
      </symbol>
      <symbol id="sm-750">
         <name>vimInit</name>
         <value>0x42cc</value>
         <object_component_ref idref="oc-3f"/>
      </symbol>
      <symbol id="sm-751">
         <name>vimEnableInterrupt</name>
         <value>0x4444</value>
         <object_component_ref idref="oc-3f"/>
      </symbol>
      <symbol id="sm-752">
         <name>vimDisableInterrupt</name>
         <value>0x460c</value>
         <object_component_ref idref="oc-3f"/>
      </symbol>
      <symbol id="sm-753">
         <name>vimGetConfigValue</name>
         <value>0x46b8</value>
         <object_component_ref idref="oc-3f"/>
      </symbol>
      <symbol id="sm-754">
         <name>vimParityErrorHandler</name>
         <value>0x7d98</value>
         <object_component_ref idref="oc-3e"/>
      </symbol>
      <symbol id="sm-7ae">
         <name>systemGetConfigValue</name>
         <value>0x3b04</value>
         <object_component_ref idref="oc-74"/>
      </symbol>
      <symbol id="sm-7af">
         <name>trimLPO</name>
         <value>0x3800</value>
         <object_component_ref idref="oc-74"/>
      </symbol>
      <symbol id="sm-7b0">
         <name>systemInit</name>
         <value>0x3a04</value>
         <object_component_ref idref="oc-74"/>
      </symbol>
      <symbol id="sm-7b1">
         <name>tcmflashGetConfigValue</name>
         <value>0x3f18</value>
         <object_component_ref idref="oc-74"/>
      </symbol>
      <symbol id="sm-7b2">
         <name>sramGetConfigValue</name>
         <value>0x40c4</value>
         <object_component_ref idref="oc-74"/>
      </symbol>
      <symbol id="sm-7b3">
         <name>periphInit</name>
         <value>0x3888</value>
         <object_component_ref idref="oc-74"/>
      </symbol>
      <symbol id="sm-7b4">
         <name>setupFlash</name>
         <value>0x3848</value>
         <object_component_ref idref="oc-74"/>
      </symbol>
      <symbol id="sm-7b5">
         <name>setupPLL</name>
         <value>0x37a0</value>
         <object_component_ref idref="oc-74"/>
      </symbol>
      <symbol id="sm-7b6">
         <name>mapClocks</name>
         <value>0x38dc</value>
         <object_component_ref idref="oc-74"/>
      </symbol>
      <symbol id="sm-7b7">
         <name>systemPowerDown</name>
         <value>0x3ad4</value>
         <object_component_ref idref="oc-74"/>
      </symbol>
      <symbol id="sm-7e1">
         <name>__TI_auto_init</name>
         <value>0x897d</value>
         <object_component_ref idref="oc-86"/>
      </symbol>
      <symbol id="sm-7f8">
         <name>__TI_decompress_none</name>
         <value>0x8b09</value>
         <object_component_ref idref="oc-c"/>
      </symbol>
      <symbol id="sm-81a">
         <name>__TI_decompress_rle24</name>
         <value>0x8b17</value>
         <object_component_ref idref="oc-12"/>
      </symbol>
      <symbol id="sm-835">
         <name>copy_in</name>
         <value>0x8aa9</value>
         <object_component_ref idref="oc-ee"/>
      </symbol>
      <symbol id="sm-856">
         <name>C$$EXIT</name>
         <value>0x8a59</value>
         <object_component_ref idref="oc-92"/>
      </symbol>
      <symbol id="sm-857">
         <name>abort</name>
         <value>0x8a5d</value>
         <object_component_ref idref="oc-92"/>
      </symbol>
      <symbol id="sm-858">
         <name>exit</name>
         <value>0x8a65</value>
         <object_component_ref idref="oc-92"/>
      </symbol>
      <symbol id="sm-859">
         <name>__TI_dtors_ptr</name>
         <value>0x8001530</value>
         <object_component_ref idref="oc-11b"/>
      </symbol>
      <symbol id="sm-85a">
         <name>__TI_cleanup_ptr</name>
         <value>0x800152c</value>
         <object_component_ref idref="oc-11b"/>
      </symbol>
      <symbol id="sm-85b">
         <name>__TI_enable_exit_profile_output</name>
         <value>0x8001534</value>
         <object_component_ref idref="oc-11b"/>
      </symbol>
      <symbol id="sm-876">
         <name>memcpy</name>
         <value>0x8865</value>
         <object_component_ref idref="oc-4a"/>
      </symbol>
      <symbol id="sm-877">
         <name>__aeabi_memcpy</name>
         <value>0x8865</value>
         <object_component_ref idref="oc-4a"/>
      </symbol>
      <symbol id="sm-878">
         <name>__aeabi_memcpy8</name>
         <value>0x8865</value>
         <object_component_ref idref="oc-4a"/>
      </symbol>
      <symbol id="sm-879">
         <name>__aeabi_memcpy4</name>
         <value>0x8865</value>
         <object_component_ref idref="oc-4a"/>
      </symbol>
      <symbol id="sm-888">
         <name>__aeabi_memset</name>
         <value>0x8903</value>
         <object_component_ref idref="oc-63"/>
      </symbol>
      <symbol id="sm-889">
         <name>memset</name>
         <value>0x8909</value>
         <object_component_ref idref="oc-63"/>
      </symbol>
      <symbol id="sm-88a">
         <name>__aeabi_memset8</name>
         <value>0x8903</value>
         <object_component_ref idref="oc-63"/>
      </symbol>
      <symbol id="sm-88b">
         <name>__aeabi_memset4</name>
         <value>0x8903</value>
         <object_component_ref idref="oc-63"/>
      </symbol>
      <symbol id="sm-88c">
         <name>__aeabi_memclr8</name>
         <value>0x8901</value>
         <object_component_ref idref="oc-63"/>
      </symbol>
      <symbol id="sm-88d">
         <name>__aeabi_memclr4</name>
         <value>0x8901</value>
         <object_component_ref idref="oc-63"/>
      </symbol>
      <symbol id="sm-88e">
         <name>__aeabi_memclr</name>
         <value>0x8901</value>
         <object_component_ref idref="oc-63"/>
      </symbol>
      <symbol id="sm-8af">
         <name>floorl</name>
         <value>0x86a5</value>
         <object_component_ref idref="oc-1b3"/>
      </symbol>
      <symbol id="sm-8b0">
         <name>floor</name>
         <value>0x86a5</value>
         <object_component_ref idref="oc-1b3"/>
      </symbol>
      <symbol id="sm-8ba">
         <name>_system_post_cinit</name>
         <value>0x897b</value>
         <object_component_ref idref="oc-f4"/>
      </symbol>
      <symbol id="sm-8d4">
         <name>_nop</name>
         <value>0x8b03</value>
         <object_component_ref idref="oc-1da"/>
      </symbol>
      <symbol id="sm-8d5">
         <name>_lock</name>
         <value>0x8001538</value>
         <object_component_ref idref="oc-11e"/>
      </symbol>
      <symbol id="sm-8d6">
         <name>_unlock</name>
         <value>0x800153c</value>
         <object_component_ref idref="oc-11e"/>
      </symbol>
      <symbol id="sm-8d7">
         <name>_register_lock</name>
         <value>0x8afb</value>
         <object_component_ref idref="oc-1da"/>
      </symbol>
      <symbol id="sm-8d8">
         <name>_register_unlock</name>
         <value>0x8af5</value>
         <object_component_ref idref="oc-1da"/>
      </symbol>
      <symbol id="sm-8da">
         <name>__TI_static_base__</name>
         <value>0x0</value>
      </symbol>
      <symbol id="sm-8dd">
         <name>SHT$$INIT_ARRAY$$Base</name>
         <value>0x0</value>
      </symbol>
      <symbol id="sm-8de">
         <name>SHT$$INIT_ARRAY$$Limit</name>
         <value>0x0</value>
      </symbol>
   </symbol_table>
   <title>Link successful</title>
</link_info>
