******************************************************************************
                  TI ARM Linker PC v15.12.7                    
******************************************************************************
>> Linked Mon Mar 12 18:59:52 2018

OUTPUT FILE NAME:   <BMS_Master_Code.out>
ENTRY POINT SYMBOL: "_c_int00"  address: 000081e8


MEMORY CONFIGURATION

         name            origin    length      used     unused   attr    fill
----------------------  --------  ---------  --------  --------  ----  --------
  VECTORS               00000000   00000020  00000020  00000000     X
  FLASH0                00000020   0013ffe0  00009230  00136db0  R  X
  STACKS                08000000   00001500  00000000  00001500  RW  
  RAM                   08001500   0002eb00  00000056  0002eaaa  RW  


SEGMENT ALLOCATION MAP

run origin  load origin   length   init length attrs members
----------  ----------- ---------- ----------- ----- -------
00000000    00000000    00009254   00009254    r-x
  00000000    00000000    00000020   00000020    r-x .intvecs
  00000020    00000020    00008df4   00008df4    r-x .text
  00008e14    00008e14    00000400   00000400    r-- .const
  00009218    00009218    0000003c   0000003c    r-- .cinit
08001500    08001500    00000056   00000000    rw-
  08001500    08001500    00000040   00000000    rw- .bss
  08001540    08001540    00000016   00000000    rw- .data


SECTION ALLOCATION MAP

 output                                  attributes/
section   page    origin      length       input sections
--------  ----  ----------  ----------   ----------------
.intvecs   0    00000000    00000020     
                  00000000    00000020     sys_intvecs.obj (.intvecs)

.text      0    00000020    00008df4     
                  00000020    000028c0     sys_selftest.obj (.text)
                  000028e0    00001410     pl455.obj (.text)
                  00003cf0    00000b2c     system.obj (.text)
                  0000481c    00000a54     sys_vim.obj (.text)
                  00005270    00000a2c     sci.obj (.text)
                  00005c9c    000008bc     pinmux.obj (.text)
                  00006558    00000638     rti.obj (.text)
                  00006b90    000005e8     esm.obj (.text)
                  00007178    000005d4     sci.obj (.text:retain)
                  0000774c    00000484     gio.obj (.text)
                  00007bd0    0000034c     sys_core.obj (.text)
                  00007f1c    000002cc     sys_vim.obj (.text:retain)
                  000081e8    00000254     sys_startup.obj (.text:retain)
                  0000843c    000001f0     notification.obj (.text)
                  0000862c    00000124     rti.obj (.text:retain)
                  00008750    00000114     esm.obj (.text:retain)
                  00008864    000000e8     dabort.obj (.text)
                  0000894c    000000e0     rtsv7R4_T_be_v3D16_eabi.lib : s_floor.obj (.text)
                  00008a2c    000000e0     sys_pmu.obj (.text)
                  00008b0c    0000009c     rtsv7R4_T_be_v3D16_eabi.lib : memcpy_t2.obj (.text)
                  00008ba8    0000007a                                 : memset_t2.obj (.text)
                  00008c22    00000002                                 : startup.obj (.text)
                  00008c24    00000070                                 : autoinit.obj (.text)
                  00008c94    0000006a                                 : copy_decompress_rle.obj (.text)
                  00008cfe    00000002     --HOLE-- [fill = 0]
                  00008d00    00000050                                 : exit.obj (.text)
                  00008d50    0000004c                                 : cpy_tbl.obj (.text)
                  00008d9c    0000004c     sys_main.obj (.text)
                  00008de8    00000014     rtsv7R4_T_be_v3D16_eabi.lib : _lock.obj (.text)
                  00008dfc    0000000e                                 : copy_decompress_none.obj (.text:decompress:none)
                  00008e0a    00000006                                 : copy_decompress_rle.obj (.text:decompress:rle24)
                  00008e10    00000004     sys_phantom.obj (.text:retain)

.const     0    00008e14    00000400     
                  00008e14    00000200     pl455.obj (.const:crc16_table)
                  00009014    00000200     sys_vim.obj (.const:s_vim_init)

.cinit     0    00009218    0000003c     
                  00009218    00000014     (.cinit..data.load) [load image, compression = rle]
                  0000922c    00000004     --HOLE-- [fill = 0]
                  00009230    00000009     (.cinit..bss.load) [load image, compression = rle]
                  00009239    00000003     --HOLE-- [fill = 0]
                  0000923c    00000008     (__TI_handler_table)
                  00009244    00000010     (__TI_cinit_table)

.bss       0    08001500    00000040     UNINITIALIZED
                  08001500    00000028     sci.obj (.bss:g_sciTransfer_t)
                  08001528    00000012     (.common:sample_data)
                  0800153a    00000002     --HOLE--
                  0800153c    00000004     pl455.obj (.bss)

.data      0    08001540    00000016     UNINITIALIZED
                  08001540    0000000c     rtsv7R4_T_be_v3D16_eabi.lib : exit.obj (.data:$O1$$)
                  0800154c    00000008                                 : _lock.obj (.data:$O1$$)
                  08001554    00000002     sys_main.obj (.data)

MODULE SUMMARY

       Module                     code    ro data   rw data
       ------                     ----    -------   -------
    .\bq_pack\
       pl455.obj                  5136    512       4      
    +--+--------------------------+-------+---------+---------+
       Total:                     5136    512       4      
                                                           
    .\source\
       sys_selftest.obj           10432   0         0      
       sci.obj                    4096    0         40     
       sys_vim.obj                3360    512       0      
       system.obj                 2860    0         0      
       pinmux.obj                 2236    0         0      
       rti.obj                    1884    0         0      
       esm.obj                    1788    0         0      
       gio.obj                    1156    0         0      
       sys_core.obj               844     0         0      
       sys_startup.obj            596     0         0      
       notification.obj           496     0         0      
       dabort.obj                 232     0         0      
       sys_pmu.obj                224     0         0      
       sys_main.obj               76      0         20     
       sys_intvecs.obj            32      0         0      
       sys_phantom.obj            4       0         0      
    +--+--------------------------+-------+---------+---------+
       Total:                     30316   512       60     
                                                           
    C:/ti/ccsv6/tools/compiler/ti-cgt-arm_15.12.7.LTS/lib/rtsv7R4_T_be_v3D16_eabi.lib
       s_floor.obj                224     0         0      
       memcpy_t2.obj              156     0         0      
       memset_t2.obj              122     0         0      
       autoinit.obj               112     0         0      
       copy_decompress_rle.obj    112     0         0      
       exit.obj                   80      0         12     
       cpy_tbl.obj                76      0         0      
       _lock.obj                  20      0         8      
       copy_decompress_none.obj   14      0         0      
       startup.obj                2       0         0      
    +--+--------------------------+-------+---------+---------+
       Total:                     918     0         20     
                                                           
       Linker Generated:          0       53        0      
    +--+--------------------------+-------+---------+---------+
       Grand Total:               36370   1077      84     


LINKER GENERATED COPY TABLES

__TI_cinit_table @ 00009244 records: 2, size/record: 8, table size: 16
	.data: load addr=00009218, load size=00000014 bytes, run addr=08001540, run size=00000016 bytes, compression=rle
	.bss: load addr=00009230, load size=00000009 bytes, run addr=08001500, run size=00000040 bytes, compression=rle


LINKER GENERATED HANDLER TABLE

__TI_handler_table @ 0000923c records: 2, size/record: 4, table size: 8
	index: 0, handler: __TI_decompress_rle24
	index: 1, handler: __TI_decompress_none


GLOBAL SYMBOLS: SORTED ALPHABETICALLY BY Name 

address   name                                
-------   ----                                
00003b08  B2SDWORD                            
00003b5c  B2SINT24                            
00003ad0  B2SWORD                             
00008d01  C$$EXIT                             
00003b9c  CRC16                               
00002e28  CommClear                           
00002e8c  CommReset                           
00002ee0  GetFaultStat                        
000068c4  IsdwdKeySequenceCorrect             
08001555  RTI_TIMEOUT                         
00002edc  ResetPL455                          
UNDEFED   SHT$$INIT_ARRAY$$Base               
UNDEFED   SHT$$INIT_ARRAY$$Limit              
08001554  UART_RX_RDY                         
00009244  __TI_CINIT_Base                     
00009254  __TI_CINIT_Limit                    
0000923c  __TI_Handler_Table_Base             
00009244  __TI_Handler_Table_Limit            
00007f14  __TI_PINIT_Base                     
00007f18  __TI_PINIT_Limit                    
00008c25  __TI_auto_init                      
08001540  __TI_cleanup_ptr                    
00008dfd  __TI_decompress_none                
00008e0b  __TI_decompress_rle24               
08001544  __TI_dtors_ptr                      
08001548  __TI_enable_exit_profile_output     
ffffffff  __TI_pprof_out_hndl                 
ffffffff  __TI_prof_data_size                 
ffffffff  __TI_prof_data_start                
00000000  __TI_static_base__                  
00008ba9  __aeabi_memclr                      
00008ba9  __aeabi_memclr4                     
00008ba9  __aeabi_memclr8                     
00008b0d  __aeabi_memcpy                      
00008b0d  __aeabi_memcpy4                     
00008b0d  __aeabi_memcpy8                     
00008bab  __aeabi_memset                      
00008bab  __aeabi_memset4                     
00008bab  __aeabi_memset8                     
ffffffff  __binit__                           
ffffffff  __c_args__                          
000081e8  _c_int00                            
00007e2c  _coreClearAuxiliaryDataFault_       
00007e40  _coreClearAuxiliaryInstructionFault_
00007e04  _coreClearDataFaultAddress_         
00007ddc  _coreClearDataFault_                
00007e18  _coreClearInstructionFaultAddress_  
00007df0  _coreClearInstructionFault_         
00007d70  _coreDisableEventBusExport_         
00007db4  _coreDisableFlashEcc_               
00007d90  _coreDisableRamEcc_                 
00007d60  _coreEnableEventBusExport_          
00007da0  _coreEnableFlashEcc_                
00007dc4  _coreEnableIrqVicOffset_            
00007d80  _coreEnableRamEcc_                  
00007d48  _coreEnableVfp_                     
00007e24  _coreGetAuxiliaryDataFault_         
00007e38  _coreGetAuxiliaryInstructionFault_  
00007dfc  _coreGetDataFaultAddress_           
00007dd4  _coreGetDataFault_                  
00007e10  _coreGetInstructionFaultAddress_    
00007de8  _coreGetInstructionFault_           
00007bd0  _coreInitRegisters_                 
00007cdc  _coreInitStackPointer_              
00008864  _dabort                             
00007e54  _disable_FIQ_interrupt_             
00007e5c  _disable_IRQ_interrupt_             
00007e4c  _disable_interrupt_                 
00007e64  _enable_interrupt_                  
00007ef4  _errata_CORTEXR4_57_                
00007f04  _errata_CORTEXR4_66_                
00007e6c  _esmCcmErrorsClear_                 
00007d28  _getCPSRValue_                      
00007d30  _gotoCPUIdle_                       
0800154c  _lock                               
00008df7  _nop                                
00008a88  _pmuDisableCountersGlobal_          
00008a78  _pmuEnableCountersGlobal_           
00008ae4  _pmuGetCycleCount_                  
00008aec  _pmuGetEventCount_                  
00008af8  _pmuGetOverflow_                    
00008a2c  _pmuInit_                           
00008ab8  _pmuResetCounters_                  
00008a98  _pmuResetCycleCounter_              
00008aa8  _pmuResetEventCounters_             
00008ad8  _pmuSetCountEvent_                  
00008ac8  _pmuStartCounters_                  
00008ad0  _pmuStopCounters_                   
00008def  _register_lock                      
00008de9  _register_unlock                    
00008c23  _system_post_cinit                  
08001550  _unlock                             
00008d05  abort                               
0000126c  adc1ParityCheck                     
00001358  adc2ParityCheck                     
000084b0  adcNotification                     
ffffffff  binit                               
000028e0  bq_InitialiseStack                  
00003934  bq_ReadFrameReq                     
00003750  bq_ReadReg                          
00002d50  bq_Sample_SGL                       
00003984  bq_WaitRespFrame                    
00002d1c  bq_Wakeup                           
00003528  bq_WriteFrame                       
00002f38  bq_WriteReg                         
00001410  can1ParityCheck                     
000084c4  canErrorNotification                
000084ec  canMessageNotification              
000084d8  canStatusChangeNotification         
00000030  ccmSelfCheck                        
00002334  ccmr4GetConfigValue                 
00000938  checkB0RAMECC                       
00000b28  checkB1RAMECC                       
00001860  checkClockMonitor                   
00000d18  checkFlashECC                       
00001948  checkFlashEEPROMECC                 
00001ae0  checkPLL1Slip                       
00001bd4  checkPLL2Slip                       
00001c94  checkRAMAddrParity                  
000015fc  checkRAMECC                         
00001da8  checkRAMUERRTest                    
000007bc  checkefcSelfTest                    
00008d51  copy_in                             
00000234  cpuSelfTest                         
00000dfc  cpuSelfTestFail                     
00008e14  crc16_table                         
000085b0  crcNotification                     
00000df4  custom_dabort                       
00008500  dccNotification                     
00003c2c  delayms                             
00003c74  delayus                             
00002780  disableParity                       
00008610  dmaGroupANotification               
00000eac  dmaParityCheck                      
0000692c  dwdClearFlag                        
00006860  dwdCounterEnable                    
000068a8  dwdGenerateSysReset                 
000068f8  dwdGetStatus                        
0000693c  dwdGetViolationStatus               
000067e4  dwdInit                             
0000688c  dwdReset                            
00006870  dwdSetPreload                       
00006854  dwwdGetCurrentDownCounter           
0000680c  dwwdInit                            
000085fc  ecapNotification                    
00008588  edgeNotification                    
00000660  efcCheck                            
0000229c  efcGetConfigValue                   
00000794  efcSelfTest                         
000006e8  efcStuckZeroTest                    
00002710  enableParity                        
000085e8  eqepNotification                    
000023ac  errata_PBIST_4                      
00006d1c  esmActivateNormalOperation          
00006e00  esmClearStatus                      
00006e4c  esmClearStatusBuffer                
00006ce0  esmDisableError                     
00006d58  esmDisableInterrupt                 
00006cb4  esmEnableError                      
00006d2c  esmEnableInterrupt                  
00006f4c  esmEnterSelfTest                    
00006c98  esmError                            
00007024  esmGetConfigValue                   
00006e88  esmGetStatus                        
00006f14  esmGetStatusBuffer                  
0000843c  esmGroup1Notification               
0000844c  esmGroup2Notification               
00008750  esmHighInterrupt                    
00006b90  esmInit                             
00006fd4  esmSelfTestStatus                   
00006e68  esmSetCounterPreloadValue           
00006d84  esmSetInterruptLevel                
00006d0c  esmTriggerErrorPinReset             
000085c4  etpwmNotification                   
000085d4  etpwmTripNotification               
00008d0d  exit                                
0000894d  floor                               
0000894d  floorl                              
00001f18  fmcBus1ParityCheck                  
0000085c  fmcBus2Check                        
00000898  fmcECCcheck                         
000079ac  gioDisableNotification              
00007944  gioEnableNotification               
000078ac  gioGetBit                           
00007a14  gioGetConfigValue                   
000078d4  gioGetPort                          
0000774c  gioInit                             
00008514  gioNotification                     
0000783c  gioSetBit                           
0000781c  gioSetDirection                     
0000788c  gioSetPort                          
000078ec  gioToggleBit                        
00000f58  het1ParityCheck                     
000010c0  het2ParityCheck                     
0000859c  hetNotification                     
00001004  htu1ParityCheck                     
000011bc  htu2ParityCheck                     
00007518  linHighLevelInterrupt               
00008d9c  main                                
00003e2c  mapClocks                           
00008b0d  memcpy                              
00000174  memoryInit                          
0000845c  memoryPort0TestFailNotification     
00008478  memoryPort1TestFailNotification     
00008bb1  memset                              
000014e8  mibspi1ParityCheck                  
0000853c  mibspiGroupNotification             
00008528  mibspiNotification                  
00005c9c  muxInit                             
0000203c  pbistFail                           
000020b8  pbistGetConfigValue                 
000005a8  pbistIsTestCompleted                
000005d4  pbistIsTestPassed                   
00000608  pbistPortTestStatus                 
000004ac  pbistRun                            
000002cc  pbistSelfCheck                      
00000578  pbistStop                           
00003dd8  periphInit                          
00008e10  phantomInterrupt                    
00006138  pinmuxGetConfigValue                
00008570  pwmNotification                     
00000000  resetEntry                          
0000862c  rtiCompare0Interrupt                
00008674  rtiCompare1Interrupt                
000086bc  rtiCompare2Interrupt                
00008704  rtiCompare3Interrupt                
000069ec  rtiDisableNotification              
000069c4  rtiEnableNotification               
00006a08  rtiGetConfigValue                   
00006758  rtiGetCurrentTick                   
00006730  rtiGetPeriod                        
00006558  rtiInit                             
00008494  rtiNotification                     
000066a4  rtiResetCounter                     
00006708  rtiSetPeriod                        
0000664c  rtiStartCounter                     
00006678  rtiStopCounter                      
08001528  sample_data                         
00005820  sciDisableLoopback                  
000058ac  sciDisableNotification              
000057ec  sciEnableLoopback                   
00005844  sciEnableNotification               
00005914  sciEnterResetState                  
00005934  sciExitResetState                   
00005954  sciGetConfigValue                   
00007178  sciHighLevelInterrupt               
00005270  sciInit                             
0000569c  sciIsIdleDetected                   
00005680  sciIsRxReady                        
00005500  sciIsTxReady                        
00007348  sciLowLevelInterrupt                
00008550  sciNotification                     
00005714  sciReceive                          
000056e8  sciReceiveByte                      
000056b8  sciRxError                          
0000554c  sciSend                             
0000551c  sciSendByte                         
00005464  sciSetBaudrate                      
00005444  sciSetFunctional                    
00005aac  scilinGetConfigValue                
00000020  selftestFailNotification            
00003d98  setupFlash                          
00003cf0  setupPLL                            
00004614  sramGetConfigValue                  
00002200  stcGetConfigValue                   
000001b8  stcSelfCheck                        
00000df8  stcSelfCheckFail                    
00004054  systemGetConfigValue                
00003f54  systemInit                          
00004024  systemPowerDown                     
00004468  tcmflashGetConfigValue              
00003d50  trimLPO                             
000048f0  vimChannelMap                       
00004b5c  vimDisableInterrupt                 
00004994  vimEnableInterrupt                  
00004c08  vimGetConfigValue                   
0000481c  vimInit                             
00000e00  vimParityCheck                      
00007f1c  vimParityErrorHandler               


GLOBAL SYMBOLS: SORTED BY Symbol Address 

address   name                                
-------   ----                                
00000000  __TI_static_base__                  
00000000  resetEntry                          
00000020  selftestFailNotification            
00000030  ccmSelfCheck                        
00000174  memoryInit                          
000001b8  stcSelfCheck                        
00000234  cpuSelfTest                         
000002cc  pbistSelfCheck                      
000004ac  pbistRun                            
00000578  pbistStop                           
000005a8  pbistIsTestCompleted                
000005d4  pbistIsTestPassed                   
00000608  pbistPortTestStatus                 
00000660  efcCheck                            
000006e8  efcStuckZeroTest                    
00000794  efcSelfTest                         
000007bc  checkefcSelfTest                    
0000085c  fmcBus2Check                        
00000898  fmcECCcheck                         
00000938  checkB0RAMECC                       
00000b28  checkB1RAMECC                       
00000d18  checkFlashECC                       
00000df4  custom_dabort                       
00000df8  stcSelfCheckFail                    
00000dfc  cpuSelfTestFail                     
00000e00  vimParityCheck                      
00000eac  dmaParityCheck                      
00000f58  het1ParityCheck                     
00001004  htu1ParityCheck                     
000010c0  het2ParityCheck                     
000011bc  htu2ParityCheck                     
0000126c  adc1ParityCheck                     
00001358  adc2ParityCheck                     
00001410  can1ParityCheck                     
000014e8  mibspi1ParityCheck                  
000015fc  checkRAMECC                         
00001860  checkClockMonitor                   
00001948  checkFlashEEPROMECC                 
00001ae0  checkPLL1Slip                       
00001bd4  checkPLL2Slip                       
00001c94  checkRAMAddrParity                  
00001da8  checkRAMUERRTest                    
00001f18  fmcBus1ParityCheck                  
0000203c  pbistFail                           
000020b8  pbistGetConfigValue                 
00002200  stcGetConfigValue                   
0000229c  efcGetConfigValue                   
00002334  ccmr4GetConfigValue                 
000023ac  errata_PBIST_4                      
00002710  enableParity                        
00002780  disableParity                       
000028e0  bq_InitialiseStack                  
00002d1c  bq_Wakeup                           
00002d50  bq_Sample_SGL                       
00002e28  CommClear                           
00002e8c  CommReset                           
00002edc  ResetPL455                          
00002ee0  GetFaultStat                        
00002f38  bq_WriteReg                         
00003528  bq_WriteFrame                       
00003750  bq_ReadReg                          
00003934  bq_ReadFrameReq                     
00003984  bq_WaitRespFrame                    
00003ad0  B2SWORD                             
00003b08  B2SDWORD                            
00003b5c  B2SINT24                            
00003b9c  CRC16                               
00003c2c  delayms                             
00003c74  delayus                             
00003cf0  setupPLL                            
00003d50  trimLPO                             
00003d98  setupFlash                          
00003dd8  periphInit                          
00003e2c  mapClocks                           
00003f54  systemInit                          
00004024  systemPowerDown                     
00004054  systemGetConfigValue                
00004468  tcmflashGetConfigValue              
00004614  sramGetConfigValue                  
0000481c  vimInit                             
000048f0  vimChannelMap                       
00004994  vimEnableInterrupt                  
00004b5c  vimDisableInterrupt                 
00004c08  vimGetConfigValue                   
00005270  sciInit                             
00005444  sciSetFunctional                    
00005464  sciSetBaudrate                      
00005500  sciIsTxReady                        
0000551c  sciSendByte                         
0000554c  sciSend                             
00005680  sciIsRxReady                        
0000569c  sciIsIdleDetected                   
000056b8  sciRxError                          
000056e8  sciReceiveByte                      
00005714  sciReceive                          
000057ec  sciEnableLoopback                   
00005820  sciDisableLoopback                  
00005844  sciEnableNotification               
000058ac  sciDisableNotification              
00005914  sciEnterResetState                  
00005934  sciExitResetState                   
00005954  sciGetConfigValue                   
00005aac  scilinGetConfigValue                
00005c9c  muxInit                             
00006138  pinmuxGetConfigValue                
00006558  rtiInit                             
0000664c  rtiStartCounter                     
00006678  rtiStopCounter                      
000066a4  rtiResetCounter                     
00006708  rtiSetPeriod                        
00006730  rtiGetPeriod                        
00006758  rtiGetCurrentTick                   
000067e4  dwdInit                             
0000680c  dwwdInit                            
00006854  dwwdGetCurrentDownCounter           
00006860  dwdCounterEnable                    
00006870  dwdSetPreload                       
0000688c  dwdReset                            
000068a8  dwdGenerateSysReset                 
000068c4  IsdwdKeySequenceCorrect             
000068f8  dwdGetStatus                        
0000692c  dwdClearFlag                        
0000693c  dwdGetViolationStatus               
000069c4  rtiEnableNotification               
000069ec  rtiDisableNotification              
00006a08  rtiGetConfigValue                   
00006b90  esmInit                             
00006c98  esmError                            
00006cb4  esmEnableError                      
00006ce0  esmDisableError                     
00006d0c  esmTriggerErrorPinReset             
00006d1c  esmActivateNormalOperation          
00006d2c  esmEnableInterrupt                  
00006d58  esmDisableInterrupt                 
00006d84  esmSetInterruptLevel                
00006e00  esmClearStatus                      
00006e4c  esmClearStatusBuffer                
00006e68  esmSetCounterPreloadValue           
00006e88  esmGetStatus                        
00006f14  esmGetStatusBuffer                  
00006f4c  esmEnterSelfTest                    
00006fd4  esmSelfTestStatus                   
00007024  esmGetConfigValue                   
00007178  sciHighLevelInterrupt               
00007348  sciLowLevelInterrupt                
00007518  linHighLevelInterrupt               
0000774c  gioInit                             
0000781c  gioSetDirection                     
0000783c  gioSetBit                           
0000788c  gioSetPort                          
000078ac  gioGetBit                           
000078d4  gioGetPort                          
000078ec  gioToggleBit                        
00007944  gioEnableNotification               
000079ac  gioDisableNotification              
00007a14  gioGetConfigValue                   
00007bd0  _coreInitRegisters_                 
00007cdc  _coreInitStackPointer_              
00007d28  _getCPSRValue_                      
00007d30  _gotoCPUIdle_                       
00007d48  _coreEnableVfp_                     
00007d60  _coreEnableEventBusExport_          
00007d70  _coreDisableEventBusExport_         
00007d80  _coreEnableRamEcc_                  
00007d90  _coreDisableRamEcc_                 
00007da0  _coreEnableFlashEcc_                
00007db4  _coreDisableFlashEcc_               
00007dc4  _coreEnableIrqVicOffset_            
00007dd4  _coreGetDataFault_                  
00007ddc  _coreClearDataFault_                
00007de8  _coreGetInstructionFault_           
00007df0  _coreClearInstructionFault_         
00007dfc  _coreGetDataFaultAddress_           
00007e04  _coreClearDataFaultAddress_         
00007e10  _coreGetInstructionFaultAddress_    
00007e18  _coreClearInstructionFaultAddress_  
00007e24  _coreGetAuxiliaryDataFault_         
00007e2c  _coreClearAuxiliaryDataFault_       
00007e38  _coreGetAuxiliaryInstructionFault_  
00007e40  _coreClearAuxiliaryInstructionFault_
00007e4c  _disable_interrupt_                 
00007e54  _disable_FIQ_interrupt_             
00007e5c  _disable_IRQ_interrupt_             
00007e64  _enable_interrupt_                  
00007e6c  _esmCcmErrorsClear_                 
00007ef4  _errata_CORTEXR4_57_                
00007f04  _errata_CORTEXR4_66_                
00007f14  __TI_PINIT_Base                     
00007f18  __TI_PINIT_Limit                    
00007f1c  vimParityErrorHandler               
000081e8  _c_int00                            
0000843c  esmGroup1Notification               
0000844c  esmGroup2Notification               
0000845c  memoryPort0TestFailNotification     
00008478  memoryPort1TestFailNotification     
00008494  rtiNotification                     
000084b0  adcNotification                     
000084c4  canErrorNotification                
000084d8  canStatusChangeNotification         
000084ec  canMessageNotification              
00008500  dccNotification                     
00008514  gioNotification                     
00008528  mibspiNotification                  
0000853c  mibspiGroupNotification             
00008550  sciNotification                     
00008570  pwmNotification                     
00008588  edgeNotification                    
0000859c  hetNotification                     
000085b0  crcNotification                     
000085c4  etpwmNotification                   
000085d4  etpwmTripNotification               
000085e8  eqepNotification                    
000085fc  ecapNotification                    
00008610  dmaGroupANotification               
0000862c  rtiCompare0Interrupt                
00008674  rtiCompare1Interrupt                
000086bc  rtiCompare2Interrupt                
00008704  rtiCompare3Interrupt                
00008750  esmHighInterrupt                    
00008864  _dabort                             
0000894d  floor                               
0000894d  floorl                              
00008a2c  _pmuInit_                           
00008a78  _pmuEnableCountersGlobal_           
00008a88  _pmuDisableCountersGlobal_          
00008a98  _pmuResetCycleCounter_              
00008aa8  _pmuResetEventCounters_             
00008ab8  _pmuResetCounters_                  
00008ac8  _pmuStartCounters_                  
00008ad0  _pmuStopCounters_                   
00008ad8  _pmuSetCountEvent_                  
00008ae4  _pmuGetCycleCount_                  
00008aec  _pmuGetEventCount_                  
00008af8  _pmuGetOverflow_                    
00008b0d  __aeabi_memcpy                      
00008b0d  __aeabi_memcpy4                     
00008b0d  __aeabi_memcpy8                     
00008b0d  memcpy                              
00008ba9  __aeabi_memclr                      
00008ba9  __aeabi_memclr4                     
00008ba9  __aeabi_memclr8                     
00008bab  __aeabi_memset                      
00008bab  __aeabi_memset4                     
00008bab  __aeabi_memset8                     
00008bb1  memset                              
00008c23  _system_post_cinit                  
00008c25  __TI_auto_init                      
00008d01  C$$EXIT                             
00008d05  abort                               
00008d0d  exit                                
00008d51  copy_in                             
00008d9c  main                                
00008de9  _register_unlock                    
00008def  _register_lock                      
00008df7  _nop                                
00008dfd  __TI_decompress_none                
00008e0b  __TI_decompress_rle24               
00008e10  phantomInterrupt                    
00008e14  crc16_table                         
0000923c  __TI_Handler_Table_Base             
00009244  __TI_CINIT_Base                     
00009244  __TI_Handler_Table_Limit            
00009254  __TI_CINIT_Limit                    
08001528  sample_data                         
08001540  __TI_cleanup_ptr                    
08001544  __TI_dtors_ptr                      
08001548  __TI_enable_exit_profile_output     
0800154c  _lock                               
08001550  _unlock                             
08001554  UART_RX_RDY                         
08001555  RTI_TIMEOUT                         
ffffffff  __TI_pprof_out_hndl                 
ffffffff  __TI_prof_data_size                 
ffffffff  __TI_prof_data_start                
ffffffff  __binit__                           
ffffffff  __c_args__                          
ffffffff  binit                               
UNDEFED   SHT$$INIT_ARRAY$$Base               
UNDEFED   SHT$$INIT_ARRAY$$Limit              

[279 symbols]
