******************************************************************************
                  TI ARM Linker PC v15.12.7                    
******************************************************************************
>> Linked Wed Feb 21 18:58:05 2018

OUTPUT FILE NAME:   <BMS_Master_Code.out>
ENTRY POINT SYMBOL: "_c_int00"  address: 000079a4


MEMORY CONFIGURATION

         name            origin    length      used     unused   attr    fill
----------------------  --------  ---------  --------  --------  ----  --------
  VECTORS               00000000   00000020  00000020  00000000     X
  FLASH0                00000020   0013ffe0  0000898c  00137654  R  X
  STACKS                08000000   00001500  00000000  00001500  RW  
  RAM                   08001500   0002eb00  0000007c  0002ea84  RW  


SEGMENT ALLOCATION MAP

run origin  load origin   length   init length attrs members
----------  ----------- ---------- ----------- ----- -------
00000000    00000000    000089ac   000089ac    r-x
  00000000    00000000    00000020   00000020    r-x .intvecs
  00000020    00000020    00008520   00008520    r-x .text
  00008540    00008540    00000400   00000400    r-- .const
  00008940    00008940    0000006c   0000006c    r-- .cinit
08001500    08001500    0000007c   00000000    rw-
  08001500    08001500    00000050   00000000    rw- .data
  08001550    08001550    0000002c   00000000    rw- .bss


SECTION ALLOCATION MAP

 output                                  attributes/
section   page    origin      length       input sections
--------  ----  ----------  ----------   ----------------
.intvecs   0    00000000    00000020     
                  00000000    00000020     sys_intvecs.obj (.intvecs)

.text      0    00000020    00008520     
                  00000020    000028c0     sys_selftest.obj (.text)
                  000028e0    000011a0     pl455.obj (.text)
                  00003a80    00000b2c     system.obj (.text)
                  000045ac    00000a54     sys_vim.obj (.text)
                  00005000    00000a2c     sci.obj (.text)
                  00005a2c    000008bc     pinmux.obj (.text)
                  000062e8    00000638     rti.obj (.text)
                  00006920    000005e8     esm.obj (.text)
                  00006f08    00000484     gio.obj (.text)
                  0000738c    0000034c     sys_core.obj (.text)
                  000076d8    000002cc     sys_vim.obj (.text:retain)
                  000079a4    00000254     sys_startup.obj (.text:retain)
                  00007bf8    000001d0     notification.obj (.text)
                  00007dc8    00000114     esm.obj (.text:retain)
                  00007edc    00000100     sys_main.obj (.text)
                  00007fdc    000000e8     dabort.obj (.text)
                  000080c4    000000e0     rtsv7R4_T_be_v3D16_eabi.lib : s_floor.obj (.text)
                  000081a4    000000e0     sys_pmu.obj (.text)
                  00008284    0000009c     rtsv7R4_T_be_v3D16_eabi.lib : memcpy_t2.obj (.text)
                  00008320    0000007a                                 : memset_t2.obj (.text)
                  0000839a    00000002                                 : startup.obj (.text)
                  0000839c    00000070                                 : autoinit.obj (.text)
                  0000840c    0000006a                                 : copy_decompress_rle.obj (.text)
                  00008476    00000002     --HOLE-- [fill = 0]
                  00008478    00000050                                 : exit.obj (.text)
                  000084c8    0000004c                                 : cpy_tbl.obj (.text)
                  00008514    00000014                                 : _lock.obj (.text)
                  00008528    0000000e                                 : copy_decompress_none.obj (.text:decompress:none)
                  00008536    00000006                                 : copy_decompress_rle.obj (.text:decompress:rle24)
                  0000853c    00000004     sys_phantom.obj (.text:retain)

.const     0    00008540    00000400     
                  00008540    00000200     pl455.obj (.const:crc16_table)
                  00008740    00000200     sys_vim.obj (.const:s_vim_init)

.cinit     0    00008940    0000006c     
                  00008940    00000045     (.cinit..data.load) [load image, compression = rle]
                  00008985    00000003     --HOLE-- [fill = 0]
                  00008988    00000009     (.cinit..bss.load) [load image, compression = rle]
                  00008991    00000003     --HOLE-- [fill = 0]
                  00008994    00000008     (__TI_handler_table)
                  0000899c    00000010     (__TI_cinit_table)

.data      0    08001500    00000050     UNINITIALIZED
                  08001500    00000013     sys_main.obj (.data:TEXT3)
                  08001513    00000012     sys_main.obj (.data:TEXT2)
                  08001525    00000003     --HOLE--
                  08001528    0000000c     rtsv7R4_T_be_v3D16_eabi.lib : exit.obj (.data:$O1$$)
                  08001534    0000000a     sys_main.obj (.data:TEXT1)
                  0800153e    00000002     --HOLE--
                  08001540    00000008     rtsv7R4_T_be_v3D16_eabi.lib : _lock.obj (.data:$O1$$)
                  08001548    00000008     sys_main.obj (.data)

.bss       0    08001550    0000002c     UNINITIALIZED
                  08001550    00000028     sci.obj (.bss:g_sciTransfer_t)
                  08001578    00000004     pl455.obj (.bss)

MODULE SUMMARY

       Module                     code    ro data   rw data
       ------                     ----    -------   -------
    .\source\
       sys_selftest.obj           10432   0         0      
       pl455.obj                  4512    512       4      
       sys_vim.obj                3360    512       0      
       system.obj                 2860    0         0      
       sci.obj                    2604    0         40     
       pinmux.obj                 2236    0         0      
       esm.obj                    1788    0         0      
       rti.obj                    1592    0         0      
       gio.obj                    1156    0         0      
       sys_core.obj               844     0         0      
       sys_startup.obj            596     0         0      
       notification.obj           464     0         0      
       sys_main.obj               256     0         55     
       dabort.obj                 232     0         0      
       sys_pmu.obj                224     0         0      
       sys_intvecs.obj            32      0         0      
       sys_phantom.obj            4       0         0      
    +--+--------------------------+-------+---------+---------+
       Total:                     33192   1024      99     
                                                           
    C:/ti/ccsv6/tools/compiler/ti-cgt-arm_15.12.7.LTS/lib/rtsv7R4_T_be_v3D16_eabi.lib
       s_floor.obj                224     0         0      
       memcpy_t2.obj              156     0         0      
       memset_t2.obj              122     0         0      
       autoinit.obj               112     0         0      
       copy_decompress_rle.obj    112     0         0      
       exit.obj                   80      0         12     
       cpy_tbl.obj                76      0         0      
       _lock.obj                  20      0         8      
       copy_decompress_none.obj   14      0         0      
       startup.obj                2       0         0      
    +--+--------------------------+-------+---------+---------+
       Total:                     918     0         20     
                                                           
       Linker Generated:          0       102       0      
    +--+--------------------------+-------+---------+---------+
       Grand Total:               34110   1126      119    


LINKER GENERATED COPY TABLES

__TI_cinit_table @ 0000899c records: 2, size/record: 8, table size: 16
	.data: load addr=00008940, load size=00000045 bytes, run addr=08001500, run size=00000050 bytes, compression=rle
	.bss: load addr=00008988, load size=00000009 bytes, run addr=08001550, run size=0000002c bytes, compression=rle


LINKER GENERATED HANDLER TABLE

__TI_handler_table @ 00008994 records: 2, size/record: 4, table size: 8
	index: 0, handler: __TI_decompress_rle24
	index: 1, handler: __TI_decompress_none


GLOBAL SYMBOLS: SORTED ALPHABETICALLY BY Name 

address   name                                
-------   ----                                
00002b34  AutoAddress                         
000037e0  B2SDWORD                            
00003834  B2SINT24                            
000037a8  B2SWORD                             
00008479  C$$EXIT                             
00003878  CRC16                               
00002ae4  ClearAllFaults                      
00002918  CommClear                           
0000297c  CommReset                           
00002bd8  EnableAllComs                       
000029f4  ForceWakeup                         
000029cc  GetFaultStat                        
00006654  IsdwdKeySequenceCorrect             
00002ab8  MaskCheckSumFault                   
00002a60  PowerAllDown                        
0800154c  RTI_TIMEOUT                         
00003610  ReadFrameReq                        
0000342c  ReadReg                             
000028e0  ResetPL455                          
UNDEFED   SHT$$INIT_ARRAY$$Base               
UNDEFED   SHT$$INIT_ARRAY$$Limit              
08001534  TEXT1                               
08001513  TEXT2                               
08001500  TEXT3                               
08001548  UART_RX_RDY                         
00003660  WaitRespFrame                       
000028e4  WakePL455                           
00003204  WriteFrame                          
00002c14  WriteReg                            
0000899c  __TI_CINIT_Base                     
000089ac  __TI_CINIT_Limit                    
00008994  __TI_Handler_Table_Base             
0000899c  __TI_Handler_Table_Limit            
000076d0  __TI_PINIT_Base                     
000076d4  __TI_PINIT_Limit                    
0000839d  __TI_auto_init                      
08001528  __TI_cleanup_ptr                    
00008529  __TI_decompress_none                
00008537  __TI_decompress_rle24               
0800152c  __TI_dtors_ptr                      
08001530  __TI_enable_exit_profile_output     
ffffffff  __TI_pprof_out_hndl                 
ffffffff  __TI_prof_data_size                 
ffffffff  __TI_prof_data_start                
00000000  __TI_static_base__                  
00008321  __aeabi_memclr                      
00008321  __aeabi_memclr4                     
00008321  __aeabi_memclr8                     
00008285  __aeabi_memcpy                      
00008285  __aeabi_memcpy4                     
00008285  __aeabi_memcpy8                     
00008323  __aeabi_memset                      
00008323  __aeabi_memset4                     
00008323  __aeabi_memset8                     
ffffffff  __binit__                           
ffffffff  __c_args__                          
000079a4  _c_int00                            
000075e8  _coreClearAuxiliaryDataFault_       
000075fc  _coreClearAuxiliaryInstructionFault_
000075c0  _coreClearDataFaultAddress_         
00007598  _coreClearDataFault_                
000075d4  _coreClearInstructionFaultAddress_  
000075ac  _coreClearInstructionFault_         
0000752c  _coreDisableEventBusExport_         
00007570  _coreDisableFlashEcc_               
0000754c  _coreDisableRamEcc_                 
0000751c  _coreEnableEventBusExport_          
0000755c  _coreEnableFlashEcc_                
00007580  _coreEnableIrqVicOffset_            
0000753c  _coreEnableRamEcc_                  
00007504  _coreEnableVfp_                     
000075e0  _coreGetAuxiliaryDataFault_         
000075f4  _coreGetAuxiliaryInstructionFault_  
000075b8  _coreGetDataFaultAddress_           
00007590  _coreGetDataFault_                  
000075cc  _coreGetInstructionFaultAddress_    
000075a4  _coreGetInstructionFault_           
0000738c  _coreInitRegisters_                 
00007498  _coreInitStackPointer_              
00007fdc  _dabort                             
00007610  _disable_FIQ_interrupt_             
00007618  _disable_IRQ_interrupt_             
00007608  _disable_interrupt_                 
00007620  _enable_interrupt_                  
000076b0  _errata_CORTEXR4_57_                
000076c0  _errata_CORTEXR4_66_                
00007628  _esmCcmErrorsClear_                 
000074e4  _getCPSRValue_                      
000074ec  _gotoCPUIdle_                       
08001540  _lock                               
00008523  _nop                                
00008200  _pmuDisableCountersGlobal_          
000081f0  _pmuEnableCountersGlobal_           
0000825c  _pmuGetCycleCount_                  
00008264  _pmuGetEventCount_                  
00008270  _pmuGetOverflow_                    
000081a4  _pmuInit_                           
00008230  _pmuResetCounters_                  
00008210  _pmuResetCycleCounter_              
00008220  _pmuResetEventCounters_             
00008250  _pmuSetCountEvent_                  
00008240  _pmuStartCounters_                  
00008248  _pmuStopCounters_                   
0000851b  _register_lock                      
00008515  _register_unlock                    
0000839b  _system_post_cinit                  
08001544  _unlock                             
0000847d  abort                               
0000126c  adc1ParityCheck                     
00001358  adc2ParityCheck                     
00007c60  adcNotification                     
ffffffff  binit                               
00001410  can1ParityCheck                     
00007c74  canErrorNotification                
00007c9c  canMessageNotification              
00007c88  canStatusChangeNotification         
00000030  ccmSelfCheck                        
00002334  ccmr4GetConfigValue                 
00000938  checkB0RAMECC                       
00000b28  checkB1RAMECC                       
00001860  checkClockMonitor                   
00000d18  checkFlashECC                       
00001948  checkFlashEEPROMECC                 
00001ae0  checkPLL1Slip                       
00001bd4  checkPLL2Slip                       
00001c94  checkRAMAddrParity                  
000015fc  checkRAMECC                         
00001da8  checkRAMUERRTest                    
000007bc  checkefcSelfTest                    
000084c9  copy_in                             
00000234  cpuSelfTest                         
00000dfc  cpuSelfTestFail                     
00008540  crc16_table                         
00007d54  crcNotification                     
00000df4  custom_dabort                       
00007cb0  dccNotification                     
00003918  delayms                             
00003968  delayus                             
00002780  disableParity                       
00007db4  dmaGroupANotification               
00000eac  dmaParityCheck                      
000066bc  dwdClearFlag                        
000065f0  dwdCounterEnable                    
00006638  dwdGenerateSysReset                 
00006688  dwdGetStatus                        
000066cc  dwdGetViolationStatus               
00006574  dwdInit                             
0000661c  dwdReset                            
00006600  dwdSetPreload                       
000065e4  dwwdGetCurrentDownCounter           
0000659c  dwwdInit                            
00007da0  ecapNotification                    
00007d2c  edgeNotification                    
00000660  efcCheck                            
0000229c  efcGetConfigValue                   
00000794  efcSelfTest                         
000006e8  efcStuckZeroTest                    
00002710  enableParity                        
00007d8c  eqepNotification                    
000023ac  errata_PBIST_4                      
00006aac  esmActivateNormalOperation          
00006b90  esmClearStatus                      
00006bdc  esmClearStatusBuffer                
00006a70  esmDisableError                     
00006ae8  esmDisableInterrupt                 
00006a44  esmEnableError                      
00006abc  esmEnableInterrupt                  
00006cdc  esmEnterSelfTest                    
00006a28  esmError                            
00006db4  esmGetConfigValue                   
00006c18  esmGetStatus                        
00006ca4  esmGetStatusBuffer                  
00007bf8  esmGroup1Notification               
00007c08  esmGroup2Notification               
00007dc8  esmHighInterrupt                    
00006920  esmInit                             
00006d64  esmSelfTestStatus                   
00006bf8  esmSetCounterPreloadValue           
00006b14  esmSetInterruptLevel                
00006a9c  esmTriggerErrorPinReset             
00007d68  etpwmNotification                   
00007d78  etpwmTripNotification               
00008485  exit                                
000080c5  floor                               
000080c5  floorl                              
00001f18  fmcBus1ParityCheck                  
0000085c  fmcBus2Check                        
00000898  fmcECCcheck                         
00007168  gioDisableNotification              
00007100  gioEnableNotification               
00007068  gioGetBit                           
000071d0  gioGetConfigValue                   
00007090  gioGetPort                          
00006f08  gioInit                             
00007cc4  gioNotification                     
00006ff8  gioSetBit                           
00006fd8  gioSetDirection                     
00007048  gioSetPort                          
000070a8  gioToggleBit                        
00000f58  het1ParityCheck                     
000010c0  het2ParityCheck                     
00007d40  hetNotification                     
00001004  htu1ParityCheck                     
000011bc  htu2ParityCheck                     
00007edc  main                                
00003bbc  mapClocks                           
00008285  memcpy                              
00000174  memoryInit                          
00007c18  memoryPort0TestFailNotification     
00007c34  memoryPort1TestFailNotification     
00008329  memset                              
000014e8  mibspi1ParityCheck                  
00007cec  mibspiGroupNotification             
00007cd8  mibspiNotification                  
00005a2c  muxInit                             
0000203c  pbistFail                           
000020b8  pbistGetConfigValue                 
000005a8  pbistIsTestCompleted                
000005d4  pbistIsTestPassed                   
00000608  pbistPortTestStatus                 
000004ac  pbistRun                            
000002cc  pbistSelfCheck                      
00000578  pbistStop                           
00003b68  periphInit                          
0000853c  phantomInterrupt                    
00005ec8  pinmuxGetConfigValue                
000039b8  pl455_ctor                          
00007d14  pwmNotification                     
00000000  resetEntry                          
0000677c  rtiDisableNotification              
00006754  rtiEnableNotification               
00006798  rtiGetConfigValue                   
000064e8  rtiGetCurrentTick                   
000064c0  rtiGetPeriod                        
000062e8  rtiInit                             
00007c50  rtiNotification                     
00006434  rtiResetCounter                     
00006498  rtiSetPeriod                        
000063dc  rtiStartCounter                     
00006408  rtiStopCounter                      
000055b0  sciDisableLoopback                  
0000563c  sciDisableNotification              
00007f4c  sciDisplayText                      
0000557c  sciEnableLoopback                   
000055d4  sciEnableNotification               
000056a4  sciEnterResetState                  
000056c4  sciExitResetState                   
000056e4  sciGetConfigValue                   
00005000  sciInit                             
0000542c  sciIsIdleDetected                   
00005410  sciIsRxReady                        
00005290  sciIsTxReady                        
00007d00  sciNotification                     
000054a4  sciReceive                          
00005478  sciReceiveByte                      
00005448  sciRxError                          
000052dc  sciSend                             
000052ac  sciSendByte                         
000051f4  sciSetBaudrate                      
000051d4  sciSetFunctional                    
0000583c  scilinGetConfigValue                
00000020  selftestFailNotification            
00003b28  setupFlash                          
00003a80  setupPLL                            
000043a4  sramGetConfigValue                  
00002200  stcGetConfigValue                   
000001b8  stcSelfCheck                        
00000df8  stcSelfCheckFail                    
00003de4  systemGetConfigValue                
00003ce4  systemInit                          
00003db4  systemPowerDown                     
000041f8  tcmflashGetConfigValue              
00003ae0  trimLPO                             
00004680  vimChannelMap                       
000048ec  vimDisableInterrupt                 
00004724  vimEnableInterrupt                  
00004998  vimGetConfigValue                   
000045ac  vimInit                             
00000e00  vimParityCheck                      
000076d8  vimParityErrorHandler               
00007fac  wait                                


GLOBAL SYMBOLS: SORTED BY Symbol Address 

address   name                                
-------   ----                                
00000000  __TI_static_base__                  
00000000  resetEntry                          
00000020  selftestFailNotification            
00000030  ccmSelfCheck                        
00000174  memoryInit                          
000001b8  stcSelfCheck                        
00000234  cpuSelfTest                         
000002cc  pbistSelfCheck                      
000004ac  pbistRun                            
00000578  pbistStop                           
000005a8  pbistIsTestCompleted                
000005d4  pbistIsTestPassed                   
00000608  pbistPortTestStatus                 
00000660  efcCheck                            
000006e8  efcStuckZeroTest                    
00000794  efcSelfTest                         
000007bc  checkefcSelfTest                    
0000085c  fmcBus2Check                        
00000898  fmcECCcheck                         
00000938  checkB0RAMECC                       
00000b28  checkB1RAMECC                       
00000d18  checkFlashECC                       
00000df4  custom_dabort                       
00000df8  stcSelfCheckFail                    
00000dfc  cpuSelfTestFail                     
00000e00  vimParityCheck                      
00000eac  dmaParityCheck                      
00000f58  het1ParityCheck                     
00001004  htu1ParityCheck                     
000010c0  het2ParityCheck                     
000011bc  htu2ParityCheck                     
0000126c  adc1ParityCheck                     
00001358  adc2ParityCheck                     
00001410  can1ParityCheck                     
000014e8  mibspi1ParityCheck                  
000015fc  checkRAMECC                         
00001860  checkClockMonitor                   
00001948  checkFlashEEPROMECC                 
00001ae0  checkPLL1Slip                       
00001bd4  checkPLL2Slip                       
00001c94  checkRAMAddrParity                  
00001da8  checkRAMUERRTest                    
00001f18  fmcBus1ParityCheck                  
0000203c  pbistFail                           
000020b8  pbistGetConfigValue                 
00002200  stcGetConfigValue                   
0000229c  efcGetConfigValue                   
00002334  ccmr4GetConfigValue                 
000023ac  errata_PBIST_4                      
00002710  enableParity                        
00002780  disableParity                       
000028e0  ResetPL455                          
000028e4  WakePL455                           
00002918  CommClear                           
0000297c  CommReset                           
000029cc  GetFaultStat                        
000029f4  ForceWakeup                         
00002a60  PowerAllDown                        
00002ab8  MaskCheckSumFault                   
00002ae4  ClearAllFaults                      
00002b34  AutoAddress                         
00002bd8  EnableAllComs                       
00002c14  WriteReg                            
00003204  WriteFrame                          
0000342c  ReadReg                             
00003610  ReadFrameReq                        
00003660  WaitRespFrame                       
000037a8  B2SWORD                             
000037e0  B2SDWORD                            
00003834  B2SINT24                            
00003878  CRC16                               
00003918  delayms                             
00003968  delayus                             
000039b8  pl455_ctor                          
00003a80  setupPLL                            
00003ae0  trimLPO                             
00003b28  setupFlash                          
00003b68  periphInit                          
00003bbc  mapClocks                           
00003ce4  systemInit                          
00003db4  systemPowerDown                     
00003de4  systemGetConfigValue                
000041f8  tcmflashGetConfigValue              
000043a4  sramGetConfigValue                  
000045ac  vimInit                             
00004680  vimChannelMap                       
00004724  vimEnableInterrupt                  
000048ec  vimDisableInterrupt                 
00004998  vimGetConfigValue                   
00005000  sciInit                             
000051d4  sciSetFunctional                    
000051f4  sciSetBaudrate                      
00005290  sciIsTxReady                        
000052ac  sciSendByte                         
000052dc  sciSend                             
00005410  sciIsRxReady                        
0000542c  sciIsIdleDetected                   
00005448  sciRxError                          
00005478  sciReceiveByte                      
000054a4  sciReceive                          
0000557c  sciEnableLoopback                   
000055b0  sciDisableLoopback                  
000055d4  sciEnableNotification               
0000563c  sciDisableNotification              
000056a4  sciEnterResetState                  
000056c4  sciExitResetState                   
000056e4  sciGetConfigValue                   
0000583c  scilinGetConfigValue                
00005a2c  muxInit                             
00005ec8  pinmuxGetConfigValue                
000062e8  rtiInit                             
000063dc  rtiStartCounter                     
00006408  rtiStopCounter                      
00006434  rtiResetCounter                     
00006498  rtiSetPeriod                        
000064c0  rtiGetPeriod                        
000064e8  rtiGetCurrentTick                   
00006574  dwdInit                             
0000659c  dwwdInit                            
000065e4  dwwdGetCurrentDownCounter           
000065f0  dwdCounterEnable                    
00006600  dwdSetPreload                       
0000661c  dwdReset                            
00006638  dwdGenerateSysReset                 
00006654  IsdwdKeySequenceCorrect             
00006688  dwdGetStatus                        
000066bc  dwdClearFlag                        
000066cc  dwdGetViolationStatus               
00006754  rtiEnableNotification               
0000677c  rtiDisableNotification              
00006798  rtiGetConfigValue                   
00006920  esmInit                             
00006a28  esmError                            
00006a44  esmEnableError                      
00006a70  esmDisableError                     
00006a9c  esmTriggerErrorPinReset             
00006aac  esmActivateNormalOperation          
00006abc  esmEnableInterrupt                  
00006ae8  esmDisableInterrupt                 
00006b14  esmSetInterruptLevel                
00006b90  esmClearStatus                      
00006bdc  esmClearStatusBuffer                
00006bf8  esmSetCounterPreloadValue           
00006c18  esmGetStatus                        
00006ca4  esmGetStatusBuffer                  
00006cdc  esmEnterSelfTest                    
00006d64  esmSelfTestStatus                   
00006db4  esmGetConfigValue                   
00006f08  gioInit                             
00006fd8  gioSetDirection                     
00006ff8  gioSetBit                           
00007048  gioSetPort                          
00007068  gioGetBit                           
00007090  gioGetPort                          
000070a8  gioToggleBit                        
00007100  gioEnableNotification               
00007168  gioDisableNotification              
000071d0  gioGetConfigValue                   
0000738c  _coreInitRegisters_                 
00007498  _coreInitStackPointer_              
000074e4  _getCPSRValue_                      
000074ec  _gotoCPUIdle_                       
00007504  _coreEnableVfp_                     
0000751c  _coreEnableEventBusExport_          
0000752c  _coreDisableEventBusExport_         
0000753c  _coreEnableRamEcc_                  
0000754c  _coreDisableRamEcc_                 
0000755c  _coreEnableFlashEcc_                
00007570  _coreDisableFlashEcc_               
00007580  _coreEnableIrqVicOffset_            
00007590  _coreGetDataFault_                  
00007598  _coreClearDataFault_                
000075a4  _coreGetInstructionFault_           
000075ac  _coreClearInstructionFault_         
000075b8  _coreGetDataFaultAddress_           
000075c0  _coreClearDataFaultAddress_         
000075cc  _coreGetInstructionFaultAddress_    
000075d4  _coreClearInstructionFaultAddress_  
000075e0  _coreGetAuxiliaryDataFault_         
000075e8  _coreClearAuxiliaryDataFault_       
000075f4  _coreGetAuxiliaryInstructionFault_  
000075fc  _coreClearAuxiliaryInstructionFault_
00007608  _disable_interrupt_                 
00007610  _disable_FIQ_interrupt_             
00007618  _disable_IRQ_interrupt_             
00007620  _enable_interrupt_                  
00007628  _esmCcmErrorsClear_                 
000076b0  _errata_CORTEXR4_57_                
000076c0  _errata_CORTEXR4_66_                
000076d0  __TI_PINIT_Base                     
000076d4  __TI_PINIT_Limit                    
000076d8  vimParityErrorHandler               
000079a4  _c_int00                            
00007bf8  esmGroup1Notification               
00007c08  esmGroup2Notification               
00007c18  memoryPort0TestFailNotification     
00007c34  memoryPort1TestFailNotification     
00007c50  rtiNotification                     
00007c60  adcNotification                     
00007c74  canErrorNotification                
00007c88  canStatusChangeNotification         
00007c9c  canMessageNotification              
00007cb0  dccNotification                     
00007cc4  gioNotification                     
00007cd8  mibspiNotification                  
00007cec  mibspiGroupNotification             
00007d00  sciNotification                     
00007d14  pwmNotification                     
00007d2c  edgeNotification                    
00007d40  hetNotification                     
00007d54  crcNotification                     
00007d68  etpwmNotification                   
00007d78  etpwmTripNotification               
00007d8c  eqepNotification                    
00007da0  ecapNotification                    
00007db4  dmaGroupANotification               
00007dc8  esmHighInterrupt                    
00007edc  main                                
00007f4c  sciDisplayText                      
00007fac  wait                                
00007fdc  _dabort                             
000080c5  floor                               
000080c5  floorl                              
000081a4  _pmuInit_                           
000081f0  _pmuEnableCountersGlobal_           
00008200  _pmuDisableCountersGlobal_          
00008210  _pmuResetCycleCounter_              
00008220  _pmuResetEventCounters_             
00008230  _pmuResetCounters_                  
00008240  _pmuStartCounters_                  
00008248  _pmuStopCounters_                   
00008250  _pmuSetCountEvent_                  
0000825c  _pmuGetCycleCount_                  
00008264  _pmuGetEventCount_                  
00008270  _pmuGetOverflow_                    
00008285  __aeabi_memcpy                      
00008285  __aeabi_memcpy4                     
00008285  __aeabi_memcpy8                     
00008285  memcpy                              
00008321  __aeabi_memclr                      
00008321  __aeabi_memclr4                     
00008321  __aeabi_memclr8                     
00008323  __aeabi_memset                      
00008323  __aeabi_memset4                     
00008323  __aeabi_memset8                     
00008329  memset                              
0000839b  _system_post_cinit                  
0000839d  __TI_auto_init                      
00008479  C$$EXIT                             
0000847d  abort                               
00008485  exit                                
000084c9  copy_in                             
00008515  _register_unlock                    
0000851b  _register_lock                      
00008523  _nop                                
00008529  __TI_decompress_none                
00008537  __TI_decompress_rle24               
0000853c  phantomInterrupt                    
00008540  crc16_table                         
00008994  __TI_Handler_Table_Base             
0000899c  __TI_CINIT_Base                     
0000899c  __TI_Handler_Table_Limit            
000089ac  __TI_CINIT_Limit                    
08001500  TEXT3                               
08001513  TEXT2                               
08001528  __TI_cleanup_ptr                    
0800152c  __TI_dtors_ptr                      
08001530  __TI_enable_exit_profile_output     
08001534  TEXT1                               
08001540  _lock                               
08001544  _unlock                             
08001548  UART_RX_RDY                         
0800154c  RTI_TIMEOUT                         
ffffffff  __TI_pprof_out_hndl                 
ffffffff  __TI_prof_data_size                 
ffffffff  __TI_prof_data_start                
ffffffff  __binit__                           
ffffffff  __c_args__                          
ffffffff  binit                               
UNDEFED   SHT$$INIT_ARRAY$$Base               
UNDEFED   SHT$$INIT_ARRAY$$Limit              

[281 symbols]
