******************************************************************************
                  TI ARM Linker PC v15.12.7                    
******************************************************************************
>> Linked Thu Feb 22 13:54:28 2018

OUTPUT FILE NAME:   <BMS_Master_Code.out>
ENTRY POINT SYMBOL: "_c_int00"  address: 0000631c


MEMORY CONFIGURATION

         name            origin    length      used     unused   attr    fill
----------------------  --------  ---------  --------  --------  ----  --------
  VECTORS               00000000   00000020  00000020  00000000     X
  FLASH0                00000020   0013ffe0  0000705c  00138f84  R  X
  STACKS                08000000   00001500  00000000  00001500  RW  
  RAM                   08001500   0002eb00  0000003d  0002eac3  RW  


SEGMENT ALLOCATION MAP

run origin  load origin   length   init length attrs members
----------  ----------- ---------- ----------- ----- -------
00000000    00000000    0000707c   0000707c    r-x
  00000000    00000000    00000020   00000020    r-x .intvecs
  00000020    00000020    00006e20   00006e20    r-x .text
  00006e40    00006e40    00000200   00000200    r-- .const
  00007040    00007040    0000003c   0000003c    r-- .cinit
08001500    08001500    00000040   00000000    rw-
  08001500    08001500    00000029   00000000    rw- .bss
  0800152c    0800152c    00000014   00000000    rw- .data


SECTION ALLOCATION MAP

 output                                  attributes/
section   page    origin      length       input sections
--------  ----  ----------  ----------   ----------------
.intvecs   0    00000000    00000020     
                  00000000    00000020     sys_intvecs.obj (.intvecs)

.text      0    00000020    00006e20     
                  00000020    000028c0     sys_selftest.obj (.text)
                  000028e0    00000b2c     system.obj (.text)
                  0000340c    00000a54     sys_vim.obj (.text)
                  00003e60    00000a2c     sci.obj (.text)
                  0000488c    000008bc     pinmux.obj (.text)
                  00005148    000005e8     esm.obj (.text)
                  00005730    000005d4     sci.obj (.text:retain)
                  00005d04    0000034c     sys_core.obj (.text)
                  00006050    000002cc     sys_vim.obj (.text:retain)
                  0000631c    00000254     sys_startup.obj (.text:retain)
                  00006570    000001d0     notification.obj (.text)
                  00006740    00000114     esm.obj (.text:retain)
                  00006854    000000e8     dabort.obj (.text)
                  0000693c    000000e0     rtsv7R4_T_be_v3D16_eabi.lib : s_floor.obj (.text)
                  00006a1c    000000e0     sys_pmu.obj (.text)
                  00006afc    0000009c     rtsv7R4_T_be_v3D16_eabi.lib : memcpy_t2.obj (.text)
                  00006b98    00000088     sys_main.obj (.text)
                  00006c20    0000007a     rtsv7R4_T_be_v3D16_eabi.lib : memset_t2.obj (.text)
                  00006c9a    00000002                                 : startup.obj (.text)
                  00006c9c    00000070                                 : autoinit.obj (.text)
                  00006d0c    0000006a                                 : copy_decompress_rle.obj (.text)
                  00006d76    00000002     --HOLE-- [fill = 0]
                  00006d78    00000050                                 : exit.obj (.text)
                  00006dc8    0000004c                                 : cpy_tbl.obj (.text)
                  00006e14    00000014                                 : _lock.obj (.text)
                  00006e28    0000000e                                 : copy_decompress_none.obj (.text:decompress:none)
                  00006e36    00000006                                 : copy_decompress_rle.obj (.text:decompress:rle24)
                  00006e3c    00000004     sys_phantom.obj (.text:retain)

.const     0    00006e40    00000200     
                  00006e40    00000200     sys_vim.obj (.const:s_vim_init)

.cinit     0    00007040    0000003c     
                  00007040    00000012     (.cinit..data.load) [load image, compression = rle]
                  00007052    00000006     --HOLE-- [fill = 0]
                  00007058    00000009     (.cinit..bss.load) [load image, compression = rle]
                  00007061    00000003     --HOLE-- [fill = 0]
                  00007064    00000008     (__TI_handler_table)
                  0000706c    00000010     (__TI_cinit_table)

.bss       0    08001500    00000029     UNINITIALIZED
                  08001500    00000028     sci.obj (.bss:g_sciTransfer_t)
                  08001528    00000001     sys_main.obj (.bss)

.data      0    0800152c    00000014     UNINITIALIZED
                  0800152c    0000000c     rtsv7R4_T_be_v3D16_eabi.lib : exit.obj (.data:$O1$$)
                  08001538    00000008                                 : _lock.obj (.data:$O1$$)

MODULE SUMMARY

       Module                     code    ro data   rw data
       ------                     ----    -------   -------
    .\source\
       sys_selftest.obj           10432   0         0      
       sci.obj                    4096    0         40     
       sys_vim.obj                3360    512       0      
       system.obj                 2860    0         0      
       pinmux.obj                 2236    0         0      
       esm.obj                    1788    0         0      
       sys_core.obj               844     0         0      
       sys_startup.obj            596     0         0      
       notification.obj           464     0         0      
       dabort.obj                 232     0         0      
       sys_pmu.obj                224     0         0      
       sys_main.obj               136     0         1      
       sys_intvecs.obj            32      0         0      
       sys_phantom.obj            4       0         0      
    +--+--------------------------+-------+---------+---------+
       Total:                     27304   512       41     
                                                           
    C:/ti/ccsv6/tools/compiler/ti-cgt-arm_15.12.7.LTS/lib/rtsv7R4_T_be_v3D16_eabi.lib
       s_floor.obj                224     0         0      
       memcpy_t2.obj              156     0         0      
       memset_t2.obj              122     0         0      
       autoinit.obj               112     0         0      
       copy_decompress_rle.obj    112     0         0      
       exit.obj                   80      0         12     
       cpy_tbl.obj                76      0         0      
       _lock.obj                  20      0         8      
       copy_decompress_none.obj   14      0         0      
       startup.obj                2       0         0      
    +--+--------------------------+-------+---------+---------+
       Total:                     918     0         20     
                                                           
       Linker Generated:          0       51        0      
    +--+--------------------------+-------+---------+---------+
       Grand Total:               28222   563       61     


LINKER GENERATED COPY TABLES

__TI_cinit_table @ 0000706c records: 2, size/record: 8, table size: 16
	.data: load addr=00007040, load size=00000012 bytes, run addr=0800152c, run size=00000014 bytes, compression=rle
	.bss: load addr=00007058, load size=00000009 bytes, run addr=08001500, run size=00000029 bytes, compression=rle


LINKER GENERATED HANDLER TABLE

__TI_handler_table @ 00007064 records: 2, size/record: 4, table size: 8
	index: 0, handler: __TI_decompress_rle24
	index: 1, handler: __TI_decompress_none


GLOBAL SYMBOLS: SORTED ALPHABETICALLY BY Name 

address   name                                
-------   ----                                
00006d79  C$$EXIT                             
UNDEFED   SHT$$INIT_ARRAY$$Base               
UNDEFED   SHT$$INIT_ARRAY$$Limit              
0000706c  __TI_CINIT_Base                     
0000707c  __TI_CINIT_Limit                    
00007064  __TI_Handler_Table_Base             
0000706c  __TI_Handler_Table_Limit            
00006048  __TI_PINIT_Base                     
0000604c  __TI_PINIT_Limit                    
00006c9d  __TI_auto_init                      
0800152c  __TI_cleanup_ptr                    
00006e29  __TI_decompress_none                
00006e37  __TI_decompress_rle24               
08001530  __TI_dtors_ptr                      
08001534  __TI_enable_exit_profile_output     
ffffffff  __TI_pprof_out_hndl                 
ffffffff  __TI_prof_data_size                 
ffffffff  __TI_prof_data_start                
00000000  __TI_static_base__                  
00006c21  __aeabi_memclr                      
00006c21  __aeabi_memclr4                     
00006c21  __aeabi_memclr8                     
00006afd  __aeabi_memcpy                      
00006afd  __aeabi_memcpy4                     
00006afd  __aeabi_memcpy8                     
00006c23  __aeabi_memset                      
00006c23  __aeabi_memset4                     
00006c23  __aeabi_memset8                     
ffffffff  __binit__                           
ffffffff  __c_args__                          
0000631c  _c_int00                            
00005f60  _coreClearAuxiliaryDataFault_       
00005f74  _coreClearAuxiliaryInstructionFault_
00005f38  _coreClearDataFaultAddress_         
00005f10  _coreClearDataFault_                
00005f4c  _coreClearInstructionFaultAddress_  
00005f24  _coreClearInstructionFault_         
00005ea4  _coreDisableEventBusExport_         
00005ee8  _coreDisableFlashEcc_               
00005ec4  _coreDisableRamEcc_                 
00005e94  _coreEnableEventBusExport_          
00005ed4  _coreEnableFlashEcc_                
00005ef8  _coreEnableIrqVicOffset_            
00005eb4  _coreEnableRamEcc_                  
00005e7c  _coreEnableVfp_                     
00005f58  _coreGetAuxiliaryDataFault_         
00005f6c  _coreGetAuxiliaryInstructionFault_  
00005f30  _coreGetDataFaultAddress_           
00005f08  _coreGetDataFault_                  
00005f44  _coreGetInstructionFaultAddress_    
00005f1c  _coreGetInstructionFault_           
00005d04  _coreInitRegisters_                 
00005e10  _coreInitStackPointer_              
00006854  _dabort                             
00005f88  _disable_FIQ_interrupt_             
00005f90  _disable_IRQ_interrupt_             
00005f80  _disable_interrupt_                 
00005f98  _enable_interrupt_                  
00006028  _errata_CORTEXR4_57_                
00006038  _errata_CORTEXR4_66_                
00005fa0  _esmCcmErrorsClear_                 
00005e5c  _getCPSRValue_                      
00005e64  _gotoCPUIdle_                       
08001538  _lock                               
00006e23  _nop                                
00006a78  _pmuDisableCountersGlobal_          
00006a68  _pmuEnableCountersGlobal_           
00006ad4  _pmuGetCycleCount_                  
00006adc  _pmuGetEventCount_                  
00006ae8  _pmuGetOverflow_                    
00006a1c  _pmuInit_                           
00006aa8  _pmuResetCounters_                  
00006a88  _pmuResetCycleCounter_              
00006a98  _pmuResetEventCounters_             
00006ac8  _pmuSetCountEvent_                  
00006ab8  _pmuStartCounters_                  
00006ac0  _pmuStopCounters_                   
00006e1b  _register_lock                      
00006e15  _register_unlock                    
00006c9b  _system_post_cinit                  
0800153c  _unlock                             
00006d7d  abort                               
0000126c  adc1ParityCheck                     
00001358  adc2ParityCheck                     
000065d8  adcNotification                     
ffffffff  binit                               
00001410  can1ParityCheck                     
000065ec  canErrorNotification                
00006614  canMessageNotification              
00006600  canStatusChangeNotification         
00000030  ccmSelfCheck                        
00002334  ccmr4GetConfigValue                 
00000938  checkB0RAMECC                       
00000b28  checkB1RAMECC                       
00001860  checkClockMonitor                   
00000d18  checkFlashECC                       
00001948  checkFlashEEPROMECC                 
00001ae0  checkPLL1Slip                       
00001bd4  checkPLL2Slip                       
00001c94  checkRAMAddrParity                  
000015fc  checkRAMECC                         
00001da8  checkRAMUERRTest                    
000007bc  checkefcSelfTest                    
00006dc9  copy_in                             
00000234  cpuSelfTest                         
00000dfc  cpuSelfTestFail                     
000066cc  crcNotification                     
00000df4  custom_dabort                       
00006628  dccNotification                     
00002780  disableParity                       
0000672c  dmaGroupANotification               
00000eac  dmaParityCheck                      
00006718  ecapNotification                    
000066a4  edgeNotification                    
00000660  efcCheck                            
0000229c  efcGetConfigValue                   
00000794  efcSelfTest                         
000006e8  efcStuckZeroTest                    
00002710  enableParity                        
00006704  eqepNotification                    
000023ac  errata_PBIST_4                      
000052d4  esmActivateNormalOperation          
000053b8  esmClearStatus                      
00005404  esmClearStatusBuffer                
00005298  esmDisableError                     
00005310  esmDisableInterrupt                 
0000526c  esmEnableError                      
000052e4  esmEnableInterrupt                  
00005504  esmEnterSelfTest                    
00005250  esmError                            
000055dc  esmGetConfigValue                   
00005440  esmGetStatus                        
000054cc  esmGetStatusBuffer                  
00006570  esmGroup1Notification               
00006580  esmGroup2Notification               
00006740  esmHighInterrupt                    
00005148  esmInit                             
0000558c  esmSelfTestStatus                   
00005420  esmSetCounterPreloadValue           
0000533c  esmSetInterruptLevel                
000052c4  esmTriggerErrorPinReset             
000066e0  etpwmNotification                   
000066f0  etpwmTripNotification               
00006d85  exit                                
0000693d  floor                               
0000693d  floorl                              
00001f18  fmcBus1ParityCheck                  
0000085c  fmcBus2Check                        
00000898  fmcECCcheck                         
0000663c  gioNotification                     
00000f58  het1ParityCheck                     
000010c0  het2ParityCheck                     
000066b8  hetNotification                     
00001004  htu1ParityCheck                     
000011bc  htu2ParityCheck                     
00005ad0  linHighLevelInterrupt               
00006b98  main                                
00002a1c  mapClocks                           
00006afd  memcpy                              
00000174  memoryInit                          
00006590  memoryPort0TestFailNotification     
000065ac  memoryPort1TestFailNotification     
00006c29  memset                              
000014e8  mibspi1ParityCheck                  
00006664  mibspiGroupNotification             
00006650  mibspiNotification                  
0000488c  muxInit                             
0000203c  pbistFail                           
000020b8  pbistGetConfigValue                 
000005a8  pbistIsTestCompleted                
000005d4  pbistIsTestPassed                   
00000608  pbistPortTestStatus                 
000004ac  pbistRun                            
000002cc  pbistSelfCheck                      
00000578  pbistStop                           
000029c8  periphInit                          
00006e3c  phantomInterrupt                    
00004d28  pinmuxGetConfigValue                
0000668c  pwmNotification                     
00000000  resetEntry                          
000065c8  rtiNotification                     
00004410  sciDisableLoopback                  
0000449c  sciDisableNotification              
000043dc  sciEnableLoopback                   
00004434  sciEnableNotification               
00004504  sciEnterResetState                  
00004524  sciExitResetState                   
00004544  sciGetConfigValue                   
00005730  sciHighLevelInterrupt               
00003e60  sciInit                             
0000428c  sciIsIdleDetected                   
00004270  sciIsRxReady                        
000040f0  sciIsTxReady                        
00005900  sciLowLevelInterrupt                
00006bd0  sciNotification                     
00004304  sciReceive                          
000042d8  sciReceiveByte                      
000042a8  sciRxError                          
0000413c  sciSend                             
0000410c  sciSendByte                         
00004054  sciSetBaudrate                      
00004034  sciSetFunctional                    
0000469c  scilinGetConfigValue                
00000020  selftestFailNotification            
00002988  setupFlash                          
000028e0  setupPLL                            
00003204  sramGetConfigValue                  
00002200  stcGetConfigValue                   
000001b8  stcSelfCheck                        
00000df8  stcSelfCheckFail                    
00002c44  systemGetConfigValue                
00002b44  systemInit                          
00002c14  systemPowerDown                     
00003058  tcmflashGetConfigValue              
00002940  trimLPO                             
000034e0  vimChannelMap                       
0000374c  vimDisableInterrupt                 
00003584  vimEnableInterrupt                  
000037f8  vimGetConfigValue                   
0000340c  vimInit                             
00000e00  vimParityCheck                      
00006050  vimParityErrorHandler               


GLOBAL SYMBOLS: SORTED BY Symbol Address 

address   name                                
-------   ----                                
00000000  __TI_static_base__                  
00000000  resetEntry                          
00000020  selftestFailNotification            
00000030  ccmSelfCheck                        
00000174  memoryInit                          
000001b8  stcSelfCheck                        
00000234  cpuSelfTest                         
000002cc  pbistSelfCheck                      
000004ac  pbistRun                            
00000578  pbistStop                           
000005a8  pbistIsTestCompleted                
000005d4  pbistIsTestPassed                   
00000608  pbistPortTestStatus                 
00000660  efcCheck                            
000006e8  efcStuckZeroTest                    
00000794  efcSelfTest                         
000007bc  checkefcSelfTest                    
0000085c  fmcBus2Check                        
00000898  fmcECCcheck                         
00000938  checkB0RAMECC                       
00000b28  checkB1RAMECC                       
00000d18  checkFlashECC                       
00000df4  custom_dabort                       
00000df8  stcSelfCheckFail                    
00000dfc  cpuSelfTestFail                     
00000e00  vimParityCheck                      
00000eac  dmaParityCheck                      
00000f58  het1ParityCheck                     
00001004  htu1ParityCheck                     
000010c0  het2ParityCheck                     
000011bc  htu2ParityCheck                     
0000126c  adc1ParityCheck                     
00001358  adc2ParityCheck                     
00001410  can1ParityCheck                     
000014e8  mibspi1ParityCheck                  
000015fc  checkRAMECC                         
00001860  checkClockMonitor                   
00001948  checkFlashEEPROMECC                 
00001ae0  checkPLL1Slip                       
00001bd4  checkPLL2Slip                       
00001c94  checkRAMAddrParity                  
00001da8  checkRAMUERRTest                    
00001f18  fmcBus1ParityCheck                  
0000203c  pbistFail                           
000020b8  pbistGetConfigValue                 
00002200  stcGetConfigValue                   
0000229c  efcGetConfigValue                   
00002334  ccmr4GetConfigValue                 
000023ac  errata_PBIST_4                      
00002710  enableParity                        
00002780  disableParity                       
000028e0  setupPLL                            
00002940  trimLPO                             
00002988  setupFlash                          
000029c8  periphInit                          
00002a1c  mapClocks                           
00002b44  systemInit                          
00002c14  systemPowerDown                     
00002c44  systemGetConfigValue                
00003058  tcmflashGetConfigValue              
00003204  sramGetConfigValue                  
0000340c  vimInit                             
000034e0  vimChannelMap                       
00003584  vimEnableInterrupt                  
0000374c  vimDisableInterrupt                 
000037f8  vimGetConfigValue                   
00003e60  sciInit                             
00004034  sciSetFunctional                    
00004054  sciSetBaudrate                      
000040f0  sciIsTxReady                        
0000410c  sciSendByte                         
0000413c  sciSend                             
00004270  sciIsRxReady                        
0000428c  sciIsIdleDetected                   
000042a8  sciRxError                          
000042d8  sciReceiveByte                      
00004304  sciReceive                          
000043dc  sciEnableLoopback                   
00004410  sciDisableLoopback                  
00004434  sciEnableNotification               
0000449c  sciDisableNotification              
00004504  sciEnterResetState                  
00004524  sciExitResetState                   
00004544  sciGetConfigValue                   
0000469c  scilinGetConfigValue                
0000488c  muxInit                             
00004d28  pinmuxGetConfigValue                
00005148  esmInit                             
00005250  esmError                            
0000526c  esmEnableError                      
00005298  esmDisableError                     
000052c4  esmTriggerErrorPinReset             
000052d4  esmActivateNormalOperation          
000052e4  esmEnableInterrupt                  
00005310  esmDisableInterrupt                 
0000533c  esmSetInterruptLevel                
000053b8  esmClearStatus                      
00005404  esmClearStatusBuffer                
00005420  esmSetCounterPreloadValue           
00005440  esmGetStatus                        
000054cc  esmGetStatusBuffer                  
00005504  esmEnterSelfTest                    
0000558c  esmSelfTestStatus                   
000055dc  esmGetConfigValue                   
00005730  sciHighLevelInterrupt               
00005900  sciLowLevelInterrupt                
00005ad0  linHighLevelInterrupt               
00005d04  _coreInitRegisters_                 
00005e10  _coreInitStackPointer_              
00005e5c  _getCPSRValue_                      
00005e64  _gotoCPUIdle_                       
00005e7c  _coreEnableVfp_                     
00005e94  _coreEnableEventBusExport_          
00005ea4  _coreDisableEventBusExport_         
00005eb4  _coreEnableRamEcc_                  
00005ec4  _coreDisableRamEcc_                 
00005ed4  _coreEnableFlashEcc_                
00005ee8  _coreDisableFlashEcc_               
00005ef8  _coreEnableIrqVicOffset_            
00005f08  _coreGetDataFault_                  
00005f10  _coreClearDataFault_                
00005f1c  _coreGetInstructionFault_           
00005f24  _coreClearInstructionFault_         
00005f30  _coreGetDataFaultAddress_           
00005f38  _coreClearDataFaultAddress_         
00005f44  _coreGetInstructionFaultAddress_    
00005f4c  _coreClearInstructionFaultAddress_  
00005f58  _coreGetAuxiliaryDataFault_         
00005f60  _coreClearAuxiliaryDataFault_       
00005f6c  _coreGetAuxiliaryInstructionFault_  
00005f74  _coreClearAuxiliaryInstructionFault_
00005f80  _disable_interrupt_                 
00005f88  _disable_FIQ_interrupt_             
00005f90  _disable_IRQ_interrupt_             
00005f98  _enable_interrupt_                  
00005fa0  _esmCcmErrorsClear_                 
00006028  _errata_CORTEXR4_57_                
00006038  _errata_CORTEXR4_66_                
00006048  __TI_PINIT_Base                     
0000604c  __TI_PINIT_Limit                    
00006050  vimParityErrorHandler               
0000631c  _c_int00                            
00006570  esmGroup1Notification               
00006580  esmGroup2Notification               
00006590  memoryPort0TestFailNotification     
000065ac  memoryPort1TestFailNotification     
000065c8  rtiNotification                     
000065d8  adcNotification                     
000065ec  canErrorNotification                
00006600  canStatusChangeNotification         
00006614  canMessageNotification              
00006628  dccNotification                     
0000663c  gioNotification                     
00006650  mibspiNotification                  
00006664  mibspiGroupNotification             
0000668c  pwmNotification                     
000066a4  edgeNotification                    
000066b8  hetNotification                     
000066cc  crcNotification                     
000066e0  etpwmNotification                   
000066f0  etpwmTripNotification               
00006704  eqepNotification                    
00006718  ecapNotification                    
0000672c  dmaGroupANotification               
00006740  esmHighInterrupt                    
00006854  _dabort                             
0000693d  floor                               
0000693d  floorl                              
00006a1c  _pmuInit_                           
00006a68  _pmuEnableCountersGlobal_           
00006a78  _pmuDisableCountersGlobal_          
00006a88  _pmuResetCycleCounter_              
00006a98  _pmuResetEventCounters_             
00006aa8  _pmuResetCounters_                  
00006ab8  _pmuStartCounters_                  
00006ac0  _pmuStopCounters_                   
00006ac8  _pmuSetCountEvent_                  
00006ad4  _pmuGetCycleCount_                  
00006adc  _pmuGetEventCount_                  
00006ae8  _pmuGetOverflow_                    
00006afd  __aeabi_memcpy                      
00006afd  __aeabi_memcpy4                     
00006afd  __aeabi_memcpy8                     
00006afd  memcpy                              
00006b98  main                                
00006bd0  sciNotification                     
00006c21  __aeabi_memclr                      
00006c21  __aeabi_memclr4                     
00006c21  __aeabi_memclr8                     
00006c23  __aeabi_memset                      
00006c23  __aeabi_memset4                     
00006c23  __aeabi_memset8                     
00006c29  memset                              
00006c9b  _system_post_cinit                  
00006c9d  __TI_auto_init                      
00006d79  C$$EXIT                             
00006d7d  abort                               
00006d85  exit                                
00006dc9  copy_in                             
00006e15  _register_unlock                    
00006e1b  _register_lock                      
00006e23  _nop                                
00006e29  __TI_decompress_none                
00006e37  __TI_decompress_rle24               
00006e3c  phantomInterrupt                    
00007064  __TI_Handler_Table_Base             
0000706c  __TI_CINIT_Base                     
0000706c  __TI_Handler_Table_Limit            
0000707c  __TI_CINIT_Limit                    
0800152c  __TI_cleanup_ptr                    
08001530  __TI_dtors_ptr                      
08001534  __TI_enable_exit_profile_output     
08001538  _lock                               
0800153c  _unlock                             
ffffffff  __TI_pprof_out_hndl                 
ffffffff  __TI_prof_data_size                 
ffffffff  __TI_prof_data_start                
ffffffff  __binit__                           
ffffffff  __c_args__                          
ffffffff  binit                               
UNDEFED   SHT$$INIT_ARRAY$$Base               
UNDEFED   SHT$$INIT_ARRAY$$Limit              

[222 symbols]
