******************************************************************************
                  TI ARM Linker PC v15.12.7                    
******************************************************************************
>> Linked Mon Feb 19 21:27:44 2018

OUTPUT FILE NAME:   <BMS_Master_Code.out>
ENTRY POINT SYMBOL: "_c_int00"  address: 0000531c


MEMORY CONFIGURATION

         name            origin    length      used     unused   attr    fill
----------------------  --------  ---------  --------  --------  ----  --------
  VECTORS               00000000   00000020  00000020  00000000     X
  FLASH0                00000020   0013ffe0  00005ee8  0013a0f8  R  X
  STACKS                08000000   00001500  00000000  00001500  RW  
  RAM                   08001500   0002eb00  00000014  0002eaec  RW  


SEGMENT ALLOCATION MAP

run origin  load origin   length   init length attrs members
----------  ----------- ---------- ----------- ----- -------
00000000    00000000    00005f0c   00005f0c    r-x
  00000000    00000000    00000020   00000020    r-x .intvecs
  00000020    00000020    00005cc4   00005cc4    r-x .text
  00005ce4    00005ce4    00000200   00000200    r-- .const
  00005ee8    00005ee8    00000024   00000024    r-- .cinit
08001500    08001500    00000014   00000000    rw-
  08001500    08001500    00000014   00000000    rw- .data


SECTION ALLOCATION MAP

 output                                  attributes/
section   page    origin      length       input sections
--------  ----  ----------  ----------   ----------------
.intvecs   0    00000000    00000020     
                  00000000    00000020     sys_intvecs.obj (.intvecs)

.text      0    00000020    00005cc4     
                  00000020    000028c0     sys_selftest.obj (.text)
                  000028e0    00000b2c     system.obj (.text)
                  0000340c    00000a54     sys_vim.obj (.text)
                  00003e60    000008bc     pinmux.obj (.text)
                  0000471c    000005e8     esm.obj (.text)
                  00004d04    0000034c     sys_core.obj (.text)
                  00005050    000002cc     sys_vim.obj (.text:retain)
                  0000531c    00000254     sys_startup.obj (.text:retain)
                  00005570    000001d0     notification.obj (.text)
                  00005740    00000114     esm.obj (.text:retain)
                  00005854    000000e8     dabort.obj (.text)
                  0000593c    000000e0     sys_pmu.obj (.text)
                  00005a1c    0000009c     rtsv7R4_T_be_v3D16_eabi.lib : memcpy_t2.obj (.text)
                  00005ab8    0000007a                                 : memset_t2.obj (.text)
                  00005b32    00000002                                 : startup.obj (.text)
                  00005b34    00000070                                 : autoinit.obj (.text)
                  00005ba4    0000006a                                 : copy_decompress_rle.obj (.text)
                  00005c0e    00000002     --HOLE-- [fill = 0]
                  00005c10    00000050                                 : exit.obj (.text)
                  00005c60    0000004c                                 : cpy_tbl.obj (.text)
                  00005cac    00000014                                 : _lock.obj (.text)
                  00005cc0    0000000e                                 : copy_decompress_none.obj (.text:decompress:none)
                  00005cce    00000002     --HOLE-- [fill = 0]
                  00005cd0    00000008     sys_main.obj (.text)
                  00005cd8    00000006     rtsv7R4_T_be_v3D16_eabi.lib : copy_decompress_rle.obj (.text:decompress:rle24)
                  00005cde    00000002     --HOLE-- [fill = 0]
                  00005ce0    00000004     sys_phantom.obj (.text:retain)

.const     0    00005ce4    00000200     
                  00005ce4    00000200     sys_vim.obj (.const:s_vim_init)

.cinit     0    00005ee8    00000024     
                  00005ee8    00000012     (.cinit..data.load) [load image, compression = rle]
                  00005efa    00000002     --HOLE-- [fill = 0]
                  00005efc    00000008     (__TI_handler_table)
                  00005f04    00000008     (__TI_cinit_table)

.data      0    08001500    00000014     UNINITIALIZED
                  08001500    0000000c     rtsv7R4_T_be_v3D16_eabi.lib : exit.obj (.data:$O1$$)
                  0800150c    00000008                                 : _lock.obj (.data:$O1$$)

MODULE SUMMARY

       Module                     code    ro data   rw data
       ------                     ----    -------   -------
    .\source\
       sys_selftest.obj           10432   0         0      
       sys_vim.obj                3360    512       0      
       system.obj                 2860    0         0      
       pinmux.obj                 2236    0         0      
       esm.obj                    1788    0         0      
       sys_core.obj               844     0         0      
       sys_startup.obj            596     0         0      
       notification.obj           464     0         0      
       dabort.obj                 232     0         0      
       sys_pmu.obj                224     0         0      
       sys_intvecs.obj            32      0         0      
       sys_main.obj               8       0         0      
       sys_phantom.obj            4       0         0      
    +--+--------------------------+-------+---------+---------+
       Total:                     23080   512       0      
                                                           
    C:/ti/ccsv6/tools/compiler/ti-cgt-arm_15.12.7.LTS/lib/rtsv7R4_T_be_v3D16_eabi.lib
       memcpy_t2.obj              156     0         0      
       memset_t2.obj              122     0         0      
       autoinit.obj               112     0         0      
       copy_decompress_rle.obj    112     0         0      
       exit.obj                   80      0         12     
       cpy_tbl.obj                76      0         0      
       _lock.obj                  20      0         8      
       copy_decompress_none.obj   14      0         0      
       startup.obj                2       0         0      
    +--+--------------------------+-------+---------+---------+
       Total:                     694     0         20     
                                                           
       Linker Generated:          0       34        0      
    +--+--------------------------+-------+---------+---------+
       Grand Total:               23774   546       20     


LINKER GENERATED COPY TABLES

__TI_cinit_table @ 00005f04 records: 1, size/record: 8, table size: 8
	.data: load addr=00005ee8, load size=00000012 bytes, run addr=08001500, run size=00000014 bytes, compression=rle


LINKER GENERATED HANDLER TABLE

__TI_handler_table @ 00005efc records: 2, size/record: 4, table size: 8
	index: 0, handler: __TI_decompress_rle24
	index: 1, handler: __TI_decompress_none


GLOBAL SYMBOLS: SORTED ALPHABETICALLY BY Name 

address   name                                
-------   ----                                
00005c11  C$$EXIT                             
UNDEFED   SHT$$INIT_ARRAY$$Base               
UNDEFED   SHT$$INIT_ARRAY$$Limit              
00005f04  __TI_CINIT_Base                     
00005f0c  __TI_CINIT_Limit                    
00005efc  __TI_Handler_Table_Base             
00005f04  __TI_Handler_Table_Limit            
00005048  __TI_PINIT_Base                     
0000504c  __TI_PINIT_Limit                    
00005b35  __TI_auto_init                      
08001500  __TI_cleanup_ptr                    
00005cc1  __TI_decompress_none                
00005cd9  __TI_decompress_rle24               
08001504  __TI_dtors_ptr                      
08001508  __TI_enable_exit_profile_output     
ffffffff  __TI_pprof_out_hndl                 
ffffffff  __TI_prof_data_size                 
ffffffff  __TI_prof_data_start                
00000000  __TI_static_base__                  
00005ab9  __aeabi_memclr                      
00005ab9  __aeabi_memclr4                     
00005ab9  __aeabi_memclr8                     
00005a1d  __aeabi_memcpy                      
00005a1d  __aeabi_memcpy4                     
00005a1d  __aeabi_memcpy8                     
00005abb  __aeabi_memset                      
00005abb  __aeabi_memset4                     
00005abb  __aeabi_memset8                     
ffffffff  __binit__                           
ffffffff  __c_args__                          
0000531c  _c_int00                            
00004f60  _coreClearAuxiliaryDataFault_       
00004f74  _coreClearAuxiliaryInstructionFault_
00004f38  _coreClearDataFaultAddress_         
00004f10  _coreClearDataFault_                
00004f4c  _coreClearInstructionFaultAddress_  
00004f24  _coreClearInstructionFault_         
00004ea4  _coreDisableEventBusExport_         
00004ee8  _coreDisableFlashEcc_               
00004ec4  _coreDisableRamEcc_                 
00004e94  _coreEnableEventBusExport_          
00004ed4  _coreEnableFlashEcc_                
00004ef8  _coreEnableIrqVicOffset_            
00004eb4  _coreEnableRamEcc_                  
00004e7c  _coreEnableVfp_                     
00004f58  _coreGetAuxiliaryDataFault_         
00004f6c  _coreGetAuxiliaryInstructionFault_  
00004f30  _coreGetDataFaultAddress_           
00004f08  _coreGetDataFault_                  
00004f44  _coreGetInstructionFaultAddress_    
00004f1c  _coreGetInstructionFault_           
00004d04  _coreInitRegisters_                 
00004e10  _coreInitStackPointer_              
00005854  _dabort                             
00004f88  _disable_FIQ_interrupt_             
00004f90  _disable_IRQ_interrupt_             
00004f80  _disable_interrupt_                 
00004f98  _enable_interrupt_                  
00005028  _errata_CORTEXR4_57_                
00005038  _errata_CORTEXR4_66_                
00004fa0  _esmCcmErrorsClear_                 
00004e5c  _getCPSRValue_                      
00004e64  _gotoCPUIdle_                       
0800150c  _lock                               
00005cbb  _nop                                
00005998  _pmuDisableCountersGlobal_          
00005988  _pmuEnableCountersGlobal_           
000059f4  _pmuGetCycleCount_                  
000059fc  _pmuGetEventCount_                  
00005a08  _pmuGetOverflow_                    
0000593c  _pmuInit_                           
000059c8  _pmuResetCounters_                  
000059a8  _pmuResetCycleCounter_              
000059b8  _pmuResetEventCounters_             
000059e8  _pmuSetCountEvent_                  
000059d8  _pmuStartCounters_                  
000059e0  _pmuStopCounters_                   
00005cb3  _register_lock                      
00005cad  _register_unlock                    
00005b33  _system_post_cinit                  
08001510  _unlock                             
00005c15  abort                               
0000126c  adc1ParityCheck                     
00001358  adc2ParityCheck                     
000055d8  adcNotification                     
ffffffff  binit                               
00001410  can1ParityCheck                     
000055ec  canErrorNotification                
00005614  canMessageNotification              
00005600  canStatusChangeNotification         
00000030  ccmSelfCheck                        
00002334  ccmr4GetConfigValue                 
00000938  checkB0RAMECC                       
00000b28  checkB1RAMECC                       
00001860  checkClockMonitor                   
00000d18  checkFlashECC                       
00001948  checkFlashEEPROMECC                 
00001ae0  checkPLL1Slip                       
00001bd4  checkPLL2Slip                       
00001c94  checkRAMAddrParity                  
000015fc  checkRAMECC                         
00001da8  checkRAMUERRTest                    
000007bc  checkefcSelfTest                    
00005c61  copy_in                             
00000234  cpuSelfTest                         
00000dfc  cpuSelfTestFail                     
000056cc  crcNotification                     
00000df4  custom_dabort                       
00005628  dccNotification                     
00002780  disableParity                       
0000572c  dmaGroupANotification               
00000eac  dmaParityCheck                      
00005718  ecapNotification                    
000056a4  edgeNotification                    
00000660  efcCheck                            
0000229c  efcGetConfigValue                   
00000794  efcSelfTest                         
000006e8  efcStuckZeroTest                    
00002710  enableParity                        
00005704  eqepNotification                    
000023ac  errata_PBIST_4                      
000048a8  esmActivateNormalOperation          
0000498c  esmClearStatus                      
000049d8  esmClearStatusBuffer                
0000486c  esmDisableError                     
000048e4  esmDisableInterrupt                 
00004840  esmEnableError                      
000048b8  esmEnableInterrupt                  
00004ad8  esmEnterSelfTest                    
00004824  esmError                            
00004bb0  esmGetConfigValue                   
00004a14  esmGetStatus                        
00004aa0  esmGetStatusBuffer                  
00005570  esmGroup1Notification               
00005580  esmGroup2Notification               
00005740  esmHighInterrupt                    
0000471c  esmInit                             
00004b60  esmSelfTestStatus                   
000049f4  esmSetCounterPreloadValue           
00004910  esmSetInterruptLevel                
00004898  esmTriggerErrorPinReset             
000056e0  etpwmNotification                   
000056f0  etpwmTripNotification               
00005c1d  exit                                
00001f18  fmcBus1ParityCheck                  
0000085c  fmcBus2Check                        
00000898  fmcECCcheck                         
0000563c  gioNotification                     
00000f58  het1ParityCheck                     
000010c0  het2ParityCheck                     
000056b8  hetNotification                     
00001004  htu1ParityCheck                     
000011bc  htu2ParityCheck                     
00005cd0  main                                
00002a1c  mapClocks                           
00005a1d  memcpy                              
00000174  memoryInit                          
00005590  memoryPort0TestFailNotification     
000055ac  memoryPort1TestFailNotification     
00005ac1  memset                              
000014e8  mibspi1ParityCheck                  
00005664  mibspiGroupNotification             
00005650  mibspiNotification                  
00003e60  muxInit                             
0000203c  pbistFail                           
000020b8  pbistGetConfigValue                 
000005a8  pbistIsTestCompleted                
000005d4  pbistIsTestPassed                   
00000608  pbistPortTestStatus                 
000004ac  pbistRun                            
000002cc  pbistSelfCheck                      
00000578  pbistStop                           
000029c8  periphInit                          
00005ce0  phantomInterrupt                    
000042fc  pinmuxGetConfigValue                
0000568c  pwmNotification                     
00000000  resetEntry                          
000055c8  rtiNotification                     
00005678  sciNotification                     
00000020  selftestFailNotification            
00002988  setupFlash                          
000028e0  setupPLL                            
00003204  sramGetConfigValue                  
00002200  stcGetConfigValue                   
000001b8  stcSelfCheck                        
00000df8  stcSelfCheckFail                    
00002c44  systemGetConfigValue                
00002b44  systemInit                          
00002c14  systemPowerDown                     
00003058  tcmflashGetConfigValue              
00002940  trimLPO                             
000034e0  vimChannelMap                       
0000374c  vimDisableInterrupt                 
00003584  vimEnableInterrupt                  
000037f8  vimGetConfigValue                   
0000340c  vimInit                             
00000e00  vimParityCheck                      
00005050  vimParityErrorHandler               


GLOBAL SYMBOLS: SORTED BY Symbol Address 

address   name                                
-------   ----                                
00000000  __TI_static_base__                  
00000000  resetEntry                          
00000020  selftestFailNotification            
00000030  ccmSelfCheck                        
00000174  memoryInit                          
000001b8  stcSelfCheck                        
00000234  cpuSelfTest                         
000002cc  pbistSelfCheck                      
000004ac  pbistRun                            
00000578  pbistStop                           
000005a8  pbistIsTestCompleted                
000005d4  pbistIsTestPassed                   
00000608  pbistPortTestStatus                 
00000660  efcCheck                            
000006e8  efcStuckZeroTest                    
00000794  efcSelfTest                         
000007bc  checkefcSelfTest                    
0000085c  fmcBus2Check                        
00000898  fmcECCcheck                         
00000938  checkB0RAMECC                       
00000b28  checkB1RAMECC                       
00000d18  checkFlashECC                       
00000df4  custom_dabort                       
00000df8  stcSelfCheckFail                    
00000dfc  cpuSelfTestFail                     
00000e00  vimParityCheck                      
00000eac  dmaParityCheck                      
00000f58  het1ParityCheck                     
00001004  htu1ParityCheck                     
000010c0  het2ParityCheck                     
000011bc  htu2ParityCheck                     
0000126c  adc1ParityCheck                     
00001358  adc2ParityCheck                     
00001410  can1ParityCheck                     
000014e8  mibspi1ParityCheck                  
000015fc  checkRAMECC                         
00001860  checkClockMonitor                   
00001948  checkFlashEEPROMECC                 
00001ae0  checkPLL1Slip                       
00001bd4  checkPLL2Slip                       
00001c94  checkRAMAddrParity                  
00001da8  checkRAMUERRTest                    
00001f18  fmcBus1ParityCheck                  
0000203c  pbistFail                           
000020b8  pbistGetConfigValue                 
00002200  stcGetConfigValue                   
0000229c  efcGetConfigValue                   
00002334  ccmr4GetConfigValue                 
000023ac  errata_PBIST_4                      
00002710  enableParity                        
00002780  disableParity                       
000028e0  setupPLL                            
00002940  trimLPO                             
00002988  setupFlash                          
000029c8  periphInit                          
00002a1c  mapClocks                           
00002b44  systemInit                          
00002c14  systemPowerDown                     
00002c44  systemGetConfigValue                
00003058  tcmflashGetConfigValue              
00003204  sramGetConfigValue                  
0000340c  vimInit                             
000034e0  vimChannelMap                       
00003584  vimEnableInterrupt                  
0000374c  vimDisableInterrupt                 
000037f8  vimGetConfigValue                   
00003e60  muxInit                             
000042fc  pinmuxGetConfigValue                
0000471c  esmInit                             
00004824  esmError                            
00004840  esmEnableError                      
0000486c  esmDisableError                     
00004898  esmTriggerErrorPinReset             
000048a8  esmActivateNormalOperation          
000048b8  esmEnableInterrupt                  
000048e4  esmDisableInterrupt                 
00004910  esmSetInterruptLevel                
0000498c  esmClearStatus                      
000049d8  esmClearStatusBuffer                
000049f4  esmSetCounterPreloadValue           
00004a14  esmGetStatus                        
00004aa0  esmGetStatusBuffer                  
00004ad8  esmEnterSelfTest                    
00004b60  esmSelfTestStatus                   
00004bb0  esmGetConfigValue                   
00004d04  _coreInitRegisters_                 
00004e10  _coreInitStackPointer_              
00004e5c  _getCPSRValue_                      
00004e64  _gotoCPUIdle_                       
00004e7c  _coreEnableVfp_                     
00004e94  _coreEnableEventBusExport_          
00004ea4  _coreDisableEventBusExport_         
00004eb4  _coreEnableRamEcc_                  
00004ec4  _coreDisableRamEcc_                 
00004ed4  _coreEnableFlashEcc_                
00004ee8  _coreDisableFlashEcc_               
00004ef8  _coreEnableIrqVicOffset_            
00004f08  _coreGetDataFault_                  
00004f10  _coreClearDataFault_                
00004f1c  _coreGetInstructionFault_           
00004f24  _coreClearInstructionFault_         
00004f30  _coreGetDataFaultAddress_           
00004f38  _coreClearDataFaultAddress_         
00004f44  _coreGetInstructionFaultAddress_    
00004f4c  _coreClearInstructionFaultAddress_  
00004f58  _coreGetAuxiliaryDataFault_         
00004f60  _coreClearAuxiliaryDataFault_       
00004f6c  _coreGetAuxiliaryInstructionFault_  
00004f74  _coreClearAuxiliaryInstructionFault_
00004f80  _disable_interrupt_                 
00004f88  _disable_FIQ_interrupt_             
00004f90  _disable_IRQ_interrupt_             
00004f98  _enable_interrupt_                  
00004fa0  _esmCcmErrorsClear_                 
00005028  _errata_CORTEXR4_57_                
00005038  _errata_CORTEXR4_66_                
00005048  __TI_PINIT_Base                     
0000504c  __TI_PINIT_Limit                    
00005050  vimParityErrorHandler               
0000531c  _c_int00                            
00005570  esmGroup1Notification               
00005580  esmGroup2Notification               
00005590  memoryPort0TestFailNotification     
000055ac  memoryPort1TestFailNotification     
000055c8  rtiNotification                     
000055d8  adcNotification                     
000055ec  canErrorNotification                
00005600  canStatusChangeNotification         
00005614  canMessageNotification              
00005628  dccNotification                     
0000563c  gioNotification                     
00005650  mibspiNotification                  
00005664  mibspiGroupNotification             
00005678  sciNotification                     
0000568c  pwmNotification                     
000056a4  edgeNotification                    
000056b8  hetNotification                     
000056cc  crcNotification                     
000056e0  etpwmNotification                   
000056f0  etpwmTripNotification               
00005704  eqepNotification                    
00005718  ecapNotification                    
0000572c  dmaGroupANotification               
00005740  esmHighInterrupt                    
00005854  _dabort                             
0000593c  _pmuInit_                           
00005988  _pmuEnableCountersGlobal_           
00005998  _pmuDisableCountersGlobal_          
000059a8  _pmuResetCycleCounter_              
000059b8  _pmuResetEventCounters_             
000059c8  _pmuResetCounters_                  
000059d8  _pmuStartCounters_                  
000059e0  _pmuStopCounters_                   
000059e8  _pmuSetCountEvent_                  
000059f4  _pmuGetCycleCount_                  
000059fc  _pmuGetEventCount_                  
00005a08  _pmuGetOverflow_                    
00005a1d  __aeabi_memcpy                      
00005a1d  __aeabi_memcpy4                     
00005a1d  __aeabi_memcpy8                     
00005a1d  memcpy                              
00005ab9  __aeabi_memclr                      
00005ab9  __aeabi_memclr4                     
00005ab9  __aeabi_memclr8                     
00005abb  __aeabi_memset                      
00005abb  __aeabi_memset4                     
00005abb  __aeabi_memset8                     
00005ac1  memset                              
00005b33  _system_post_cinit                  
00005b35  __TI_auto_init                      
00005c11  C$$EXIT                             
00005c15  abort                               
00005c1d  exit                                
00005c61  copy_in                             
00005cad  _register_unlock                    
00005cb3  _register_lock                      
00005cbb  _nop                                
00005cc1  __TI_decompress_none                
00005cd0  main                                
00005cd9  __TI_decompress_rle24               
00005ce0  phantomInterrupt                    
00005efc  __TI_Handler_Table_Base             
00005f04  __TI_CINIT_Base                     
00005f04  __TI_Handler_Table_Limit            
00005f0c  __TI_CINIT_Limit                    
08001500  __TI_cleanup_ptr                    
08001504  __TI_dtors_ptr                      
08001508  __TI_enable_exit_profile_output     
0800150c  _lock                               
08001510  _unlock                             
ffffffff  __TI_pprof_out_hndl                 
ffffffff  __TI_prof_data_size                 
ffffffff  __TI_prof_data_start                
ffffffff  __binit__                           
ffffffff  __c_args__                          
ffffffff  binit                               
UNDEFED   SHT$$INIT_ARRAY$$Base               
UNDEFED   SHT$$INIT_ARRAY$$Limit              

[198 symbols]
