******************************************************************************
                  TI ARM Linker PC v15.12.7                    
******************************************************************************
>> Linked Tue Mar 13 15:06:50 2018

OUTPUT FILE NAME:   <BMS_Master_Code.out>
ENTRY POINT SYMBOL: "_c_int00"  address: 0000833c


MEMORY CONFIGURATION

         name            origin    length      used     unused   attr    fill
----------------------  --------  ---------  --------  --------  ----  --------
  VECTORS               00000000   00000020  00000020  00000000     X
  FLASH0                00000020   0013ffe0  000093d4  00136c0c  R  X
  STACKS                08000000   00001500  00000000  00001500  RW  
  RAM                   08001500   0002eb00  00000042  0002eabe  RW  


SEGMENT ALLOCATION MAP

run origin  load origin   length   init length attrs members
----------  ----------- ---------- ----------- ----- -------
00000000    00000000    000093f4   000093f4    r-x
  00000000    00000000    00000020   00000020    r-x .intvecs
  00000020    00000020    00008f98   00008f98    r-x .text
  00008fb8    00008fb8    00000400   00000400    r-- .const
  000093b8    000093b8    0000003c   0000003c    r-- .cinit
08001500    08001500    00000042   00000000    rw-
  08001500    08001500    0000002c   00000000    rw- .bss
  0800152c    0800152c    00000016   00000000    rw- .data


SECTION ALLOCATION MAP

 output                                  attributes/
section   page    origin      length       input sections
--------  ----  ----------  ----------   ----------------
.intvecs   0    00000000    00000020     
                  00000000    00000020     sys_intvecs.obj (.intvecs)

.text      0    00000020    00008f98     
                  00000020    000028c0     sys_selftest.obj (.text)
                  000028e0    00001564     pl455.obj (.text)
                  00003e44    00000b2c     system.obj (.text)
                  00004970    00000a54     sys_vim.obj (.text)
                  000053c4    00000a2c     sci.obj (.text)
                  00005df0    000008bc     pinmux.obj (.text)
                  000066ac    00000638     rti.obj (.text)
                  00006ce4    000005e8     esm.obj (.text)
                  000072cc    000005d4     sci.obj (.text:retain)
                  000078a0    00000484     gio.obj (.text)
                  00007d24    0000034c     sys_core.obj (.text)
                  00008070    000002cc     sys_vim.obj (.text:retain)
                  0000833c    00000254     sys_startup.obj (.text:retain)
                  00008590    000001f0     notification.obj (.text)
                  00008780    00000124     rti.obj (.text:retain)
                  000088a4    00000114     esm.obj (.text:retain)
                  000089b8    000000e8     dabort.obj (.text)
                  00008aa0    000000e0     rtsv7R4_T_be_v3D16_eabi.lib : s_floor.obj (.text)
                  00008b80    000000e0     sys_pmu.obj (.text)
                  00008c60    0000009c     rtsv7R4_T_be_v3D16_eabi.lib : memcpy_t2.obj (.text)
                  00008cfc    0000007a                                 : memset_t2.obj (.text)
                  00008d76    00000002                                 : i_div0.obj (.text)
                  00008d78    00000070                                 : autoinit.obj (.text)
                  00008de8    0000006a                                 : copy_decompress_rle.obj (.text)
                  00008e52    00000002                                 : startup.obj (.text)
                  00008e54    00000054                                 : i_div32.obj (.text)
                  00008ea8    00000050                                 : exit.obj (.text)
                  00008ef8    0000004c                                 : cpy_tbl.obj (.text)
                  00008f44    00000048     sys_main.obj (.text)
                  00008f8c    00000014     rtsv7R4_T_be_v3D16_eabi.lib : _lock.obj (.text)
                  00008fa0    0000000e                                 : copy_decompress_none.obj (.text:decompress:none)
                  00008fae    00000006                                 : copy_decompress_rle.obj (.text:decompress:rle24)
                  00008fb4    00000004     sys_phantom.obj (.text:retain)

.const     0    00008fb8    00000400     
                  00008fb8    00000200     pl455.obj (.const:crc16_table)
                  000091b8    00000200     sys_vim.obj (.const:s_vim_init)

.cinit     0    000093b8    0000003c     
                  000093b8    00000014     (.cinit..data.load) [load image, compression = rle]
                  000093cc    00000004     --HOLE-- [fill = 0]
                  000093d0    00000009     (.cinit..bss.load) [load image, compression = rle]
                  000093d9    00000003     --HOLE-- [fill = 0]
                  000093dc    00000008     (__TI_handler_table)
                  000093e4    00000010     (__TI_cinit_table)

.bss       0    08001500    0000002c     UNINITIALIZED
                  08001500    00000028     sci.obj (.bss:g_sciTransfer_t)
                  08001528    00000004     pl455.obj (.bss)

.data      0    0800152c    00000016     UNINITIALIZED
                  0800152c    0000000c     rtsv7R4_T_be_v3D16_eabi.lib : exit.obj (.data:$O1$$)
                  08001538    00000008                                 : _lock.obj (.data:$O1$$)
                  08001540    00000002     sys_main.obj (.data)

MODULE SUMMARY

       Module                     code    ro data   rw data
       ------                     ----    -------   -------
    .\bq_pack\
       pl455.obj                  5476    512       4      
    +--+--------------------------+-------+---------+---------+
       Total:                     5476    512       4      
                                                           
    .\source\
       sys_selftest.obj           10432   0         0      
       sci.obj                    4096    0         40     
       sys_vim.obj                3360    512       0      
       system.obj                 2860    0         0      
       pinmux.obj                 2236    0         0      
       rti.obj                    1884    0         0      
       esm.obj                    1788    0         0      
       gio.obj                    1156    0         0      
       sys_core.obj               844     0         0      
       sys_startup.obj            596     0         0      
       notification.obj           496     0         0      
       dabort.obj                 232     0         0      
       sys_pmu.obj                224     0         0      
       sys_main.obj               72      0         2      
       sys_intvecs.obj            32      0         0      
       sys_phantom.obj            4       0         0      
    +--+--------------------------+-------+---------+---------+
       Total:                     30312   512       42     
                                                           
    C:/ti/ccsv6/tools/compiler/ti-cgt-arm_15.12.7.LTS/lib/rtsv7R4_T_be_v3D16_eabi.lib
       s_floor.obj                224     0         0      
       memcpy_t2.obj              156     0         0      
       memset_t2.obj              122     0         0      
       autoinit.obj               112     0         0      
       copy_decompress_rle.obj    112     0         0      
       exit.obj                   80      0         12     
       i_div32.obj                84      0         0      
       cpy_tbl.obj                76      0         0      
       _lock.obj                  20      0         8      
       copy_decompress_none.obj   14      0         0      
       i_div0.obj                 2       0         0      
       startup.obj                2       0         0      
    +--+--------------------------+-------+---------+---------+
       Total:                     1004    0         20     
                                                           
       Linker Generated:          0       53        0      
    +--+--------------------------+-------+---------+---------+
       Grand Total:               36792   1077      66     


LINKER GENERATED COPY TABLES

__TI_cinit_table @ 000093e4 records: 2, size/record: 8, table size: 16
	.data: load addr=000093b8, load size=00000014 bytes, run addr=0800152c, run size=00000016 bytes, compression=rle
	.bss: load addr=000093d0, load size=00000009 bytes, run addr=08001500, run size=0000002c bytes, compression=rle


LINKER GENERATED HANDLER TABLE

__TI_handler_table @ 000093dc records: 2, size/record: 4, table size: 8
	index: 0, handler: __TI_decompress_rle24
	index: 1, handler: __TI_decompress_none


GLOBAL SYMBOLS: SORTED ALPHABETICALLY BY Name 

address   name                                
-------   ----                                
00003c5c  B2SDWORD                            
00003cb0  B2SINT24                            
00003c24  B2SWORD                             
00008ea9  C$$EXIT                             
00003cf4  CRC16                               
00002f80  CommClear                           
00002fe4  CommReset                           
00003038  GetFaultStat                        
00006a18  IsdwdKeySequenceCorrect             
08001541  RTI_TIMEOUT                         
00003034  ResetPL455                          
UNDEFED   SHT$$INIT_ARRAY$$Base               
UNDEFED   SHT$$INIT_ARRAY$$Limit              
08001540  UART_RX_RDY                         
000093e4  __TI_CINIT_Base                     
000093f4  __TI_CINIT_Limit                    
000093dc  __TI_Handler_Table_Base             
000093e4  __TI_Handler_Table_Limit            
00008068  __TI_PINIT_Base                     
0000806c  __TI_PINIT_Limit                    
00008d79  __TI_auto_init                      
0800152c  __TI_cleanup_ptr                    
00008fa1  __TI_decompress_none                
00008faf  __TI_decompress_rle24               
08001530  __TI_dtors_ptr                      
08001534  __TI_enable_exit_profile_output     
ffffffff  __TI_pprof_out_hndl                 
ffffffff  __TI_prof_data_size                 
ffffffff  __TI_prof_data_start                
00000000  __TI_static_base__                  
00008e54  __aeabi_idiv                        
00008d77  __aeabi_idiv0                       
00008e54  __aeabi_idivmod                     
00008cfd  __aeabi_memclr                      
00008cfd  __aeabi_memclr4                     
00008cfd  __aeabi_memclr8                     
00008c61  __aeabi_memcpy                      
00008c61  __aeabi_memcpy4                     
00008c61  __aeabi_memcpy8                     
00008cff  __aeabi_memset                      
00008cff  __aeabi_memset4                     
00008cff  __aeabi_memset8                     
ffffffff  __binit__                           
ffffffff  __c_args__                          
0000833c  _c_int00                            
00007f80  _coreClearAuxiliaryDataFault_       
00007f94  _coreClearAuxiliaryInstructionFault_
00007f58  _coreClearDataFaultAddress_         
00007f30  _coreClearDataFault_                
00007f6c  _coreClearInstructionFaultAddress_  
00007f44  _coreClearInstructionFault_         
00007ec4  _coreDisableEventBusExport_         
00007f08  _coreDisableFlashEcc_               
00007ee4  _coreDisableRamEcc_                 
00007eb4  _coreEnableEventBusExport_          
00007ef4  _coreEnableFlashEcc_                
00007f18  _coreEnableIrqVicOffset_            
00007ed4  _coreEnableRamEcc_                  
00007e9c  _coreEnableVfp_                     
00007f78  _coreGetAuxiliaryDataFault_         
00007f8c  _coreGetAuxiliaryInstructionFault_  
00007f50  _coreGetDataFaultAddress_           
00007f28  _coreGetDataFault_                  
00007f64  _coreGetInstructionFaultAddress_    
00007f3c  _coreGetInstructionFault_           
00007d24  _coreInitRegisters_                 
00007e30  _coreInitStackPointer_              
000089b8  _dabort                             
00007fa8  _disable_FIQ_interrupt_             
00007fb0  _disable_IRQ_interrupt_             
00007fa0  _disable_interrupt_                 
00007fb8  _enable_interrupt_                  
00008048  _errata_CORTEXR4_57_                
00008058  _errata_CORTEXR4_66_                
00007fc0  _esmCcmErrorsClear_                 
00007e7c  _getCPSRValue_                      
00007e84  _gotoCPUIdle_                       
08001538  _lock                               
00008f9b  _nop                                
00008bdc  _pmuDisableCountersGlobal_          
00008bcc  _pmuEnableCountersGlobal_           
00008c38  _pmuGetCycleCount_                  
00008c40  _pmuGetEventCount_                  
00008c4c  _pmuGetOverflow_                    
00008b80  _pmuInit_                           
00008c0c  _pmuResetCounters_                  
00008bec  _pmuResetCycleCounter_              
00008bfc  _pmuResetEventCounters_             
00008c2c  _pmuSetCountEvent_                  
00008c1c  _pmuStartCounters_                  
00008c24  _pmuStopCounters_                   
00008f93  _register_lock                      
00008f8d  _register_unlock                    
00008e53  _system_post_cinit                  
0800153c  _unlock                             
00008ead  abort                               
0000126c  adc1ParityCheck                     
00001358  adc2ParityCheck                     
00008604  adcNotification                     
ffffffff  binit                               
000028e0  bq_InitialiseStack                  
00003a88  bq_ReadFrameReq                     
00003894  bq_ReadReg                          
00002e30  bq_Sample_ALL                       
00002d54  bq_Sample_SGL                       
00003ad8  bq_WaitRespFrame                    
00002d20  bq_Wakeup                           
0000366c  bq_WriteFrame                       
0000307c  bq_WriteReg                         
00002f04  bq_sample_to_voltage                
00001410  can1ParityCheck                     
00008618  canErrorNotification                
00008640  canMessageNotification              
0000862c  canStatusChangeNotification         
00000030  ccmSelfCheck                        
00002334  ccmr4GetConfigValue                 
00000938  checkB0RAMECC                       
00000b28  checkB1RAMECC                       
00001860  checkClockMonitor                   
00000d18  checkFlashECC                       
00001948  checkFlashEEPROMECC                 
00001ae0  checkPLL1Slip                       
00001bd4  checkPLL2Slip                       
00001c94  checkRAMAddrParity                  
000015fc  checkRAMECC                         
00001da8  checkRAMUERRTest                    
000007bc  checkefcSelfTest                    
00008ef9  copy_in                             
00000234  cpuSelfTest                         
00000dfc  cpuSelfTestFail                     
00008fb8  crc16_table                         
00008704  crcNotification                     
00000df4  custom_dabort                       
00008654  dccNotification                     
00003d84  delayms                             
00003dcc  delayus                             
00002780  disableParity                       
00008764  dmaGroupANotification               
00000eac  dmaParityCheck                      
00006a80  dwdClearFlag                        
000069b4  dwdCounterEnable                    
000069fc  dwdGenerateSysReset                 
00006a4c  dwdGetStatus                        
00006a90  dwdGetViolationStatus               
00006938  dwdInit                             
000069e0  dwdReset                            
000069c4  dwdSetPreload                       
000069a8  dwwdGetCurrentDownCounter           
00006960  dwwdInit                            
00008750  ecapNotification                    
000086dc  edgeNotification                    
00000660  efcCheck                            
0000229c  efcGetConfigValue                   
00000794  efcSelfTest                         
000006e8  efcStuckZeroTest                    
00002710  enableParity                        
0000873c  eqepNotification                    
000023ac  errata_PBIST_4                      
00006e70  esmActivateNormalOperation          
00006f54  esmClearStatus                      
00006fa0  esmClearStatusBuffer                
00006e34  esmDisableError                     
00006eac  esmDisableInterrupt                 
00006e08  esmEnableError                      
00006e80  esmEnableInterrupt                  
000070a0  esmEnterSelfTest                    
00006dec  esmError                            
00007178  esmGetConfigValue                   
00006fdc  esmGetStatus                        
00007068  esmGetStatusBuffer                  
00008590  esmGroup1Notification               
000085a0  esmGroup2Notification               
000088a4  esmHighInterrupt                    
00006ce4  esmInit                             
00007128  esmSelfTestStatus                   
00006fbc  esmSetCounterPreloadValue           
00006ed8  esmSetInterruptLevel                
00006e60  esmTriggerErrorPinReset             
00008718  etpwmNotification                   
00008728  etpwmTripNotification               
00008eb5  exit                                
00008aa1  floor                               
00008aa1  floorl                              
00001f18  fmcBus1ParityCheck                  
0000085c  fmcBus2Check                        
00000898  fmcECCcheck                         
00007b00  gioDisableNotification              
00007a98  gioEnableNotification               
00007a00  gioGetBit                           
00007b68  gioGetConfigValue                   
00007a28  gioGetPort                          
000078a0  gioInit                             
00008668  gioNotification                     
00007990  gioSetBit                           
00007970  gioSetDirection                     
000079e0  gioSetPort                          
00007a40  gioToggleBit                        
00000f58  het1ParityCheck                     
000010c0  het2ParityCheck                     
000086f0  hetNotification                     
00001004  htu1ParityCheck                     
000011bc  htu2ParityCheck                     
0000766c  linHighLevelInterrupt               
00008f44  main                                
00003f80  mapClocks                           
00008c61  memcpy                              
00000174  memoryInit                          
000085b0  memoryPort0TestFailNotification     
000085cc  memoryPort1TestFailNotification     
00008d05  memset                              
000014e8  mibspi1ParityCheck                  
00008690  mibspiGroupNotification             
0000867c  mibspiNotification                  
00005df0  muxInit                             
0000203c  pbistFail                           
000020b8  pbistGetConfigValue                 
000005a8  pbistIsTestCompleted                
000005d4  pbistIsTestPassed                   
00000608  pbistPortTestStatus                 
000004ac  pbistRun                            
000002cc  pbistSelfCheck                      
00000578  pbistStop                           
00003f2c  periphInit                          
00008fb4  phantomInterrupt                    
0000628c  pinmuxGetConfigValue                
000086c4  pwmNotification                     
00000000  resetEntry                          
00008780  rtiCompare0Interrupt                
000087c8  rtiCompare1Interrupt                
00008810  rtiCompare2Interrupt                
00008858  rtiCompare3Interrupt                
00006b40  rtiDisableNotification              
00006b18  rtiEnableNotification               
00006b5c  rtiGetConfigValue                   
000068ac  rtiGetCurrentTick                   
00006884  rtiGetPeriod                        
000066ac  rtiInit                             
000085e8  rtiNotification                     
000067f8  rtiResetCounter                     
0000685c  rtiSetPeriod                        
000067a0  rtiStartCounter                     
000067cc  rtiStopCounter                      
00005974  sciDisableLoopback                  
00005a00  sciDisableNotification              
00005940  sciEnableLoopback                   
00005998  sciEnableNotification               
00005a68  sciEnterResetState                  
00005a88  sciExitResetState                   
00005aa8  sciGetConfigValue                   
000072cc  sciHighLevelInterrupt               
000053c4  sciInit                             
000057f0  sciIsIdleDetected                   
000057d4  sciIsRxReady                        
00005654  sciIsTxReady                        
0000749c  sciLowLevelInterrupt                
000086a4  sciNotification                     
00005868  sciReceive                          
0000583c  sciReceiveByte                      
0000580c  sciRxError                          
000056a0  sciSend                             
00005670  sciSendByte                         
000055b8  sciSetBaudrate                      
00005598  sciSetFunctional                    
00005c00  scilinGetConfigValue                
00000020  selftestFailNotification            
00003eec  setupFlash                          
00003e44  setupPLL                            
00004768  sramGetConfigValue                  
00002200  stcGetConfigValue                   
000001b8  stcSelfCheck                        
00000df8  stcSelfCheckFail                    
000041a8  systemGetConfigValue                
000040a8  systemInit                          
00004178  systemPowerDown                     
000045bc  tcmflashGetConfigValue              
00003ea4  trimLPO                             
00004a44  vimChannelMap                       
00004cb0  vimDisableInterrupt                 
00004ae8  vimEnableInterrupt                  
00004d5c  vimGetConfigValue                   
00004970  vimInit                             
00000e00  vimParityCheck                      
00008070  vimParityErrorHandler               


GLOBAL SYMBOLS: SORTED BY Symbol Address 

address   name                                
-------   ----                                
00000000  __TI_static_base__                  
00000000  resetEntry                          
00000020  selftestFailNotification            
00000030  ccmSelfCheck                        
00000174  memoryInit                          
000001b8  stcSelfCheck                        
00000234  cpuSelfTest                         
000002cc  pbistSelfCheck                      
000004ac  pbistRun                            
00000578  pbistStop                           
000005a8  pbistIsTestCompleted                
000005d4  pbistIsTestPassed                   
00000608  pbistPortTestStatus                 
00000660  efcCheck                            
000006e8  efcStuckZeroTest                    
00000794  efcSelfTest                         
000007bc  checkefcSelfTest                    
0000085c  fmcBus2Check                        
00000898  fmcECCcheck                         
00000938  checkB0RAMECC                       
00000b28  checkB1RAMECC                       
00000d18  checkFlashECC                       
00000df4  custom_dabort                       
00000df8  stcSelfCheckFail                    
00000dfc  cpuSelfTestFail                     
00000e00  vimParityCheck                      
00000eac  dmaParityCheck                      
00000f58  het1ParityCheck                     
00001004  htu1ParityCheck                     
000010c0  het2ParityCheck                     
000011bc  htu2ParityCheck                     
0000126c  adc1ParityCheck                     
00001358  adc2ParityCheck                     
00001410  can1ParityCheck                     
000014e8  mibspi1ParityCheck                  
000015fc  checkRAMECC                         
00001860  checkClockMonitor                   
00001948  checkFlashEEPROMECC                 
00001ae0  checkPLL1Slip                       
00001bd4  checkPLL2Slip                       
00001c94  checkRAMAddrParity                  
00001da8  checkRAMUERRTest                    
00001f18  fmcBus1ParityCheck                  
0000203c  pbistFail                           
000020b8  pbistGetConfigValue                 
00002200  stcGetConfigValue                   
0000229c  efcGetConfigValue                   
00002334  ccmr4GetConfigValue                 
000023ac  errata_PBIST_4                      
00002710  enableParity                        
00002780  disableParity                       
000028e0  bq_InitialiseStack                  
00002d20  bq_Wakeup                           
00002d54  bq_Sample_SGL                       
00002e30  bq_Sample_ALL                       
00002f04  bq_sample_to_voltage                
00002f80  CommClear                           
00002fe4  CommReset                           
00003034  ResetPL455                          
00003038  GetFaultStat                        
0000307c  bq_WriteReg                         
0000366c  bq_WriteFrame                       
00003894  bq_ReadReg                          
00003a88  bq_ReadFrameReq                     
00003ad8  bq_WaitRespFrame                    
00003c24  B2SWORD                             
00003c5c  B2SDWORD                            
00003cb0  B2SINT24                            
00003cf4  CRC16                               
00003d84  delayms                             
00003dcc  delayus                             
00003e44  setupPLL                            
00003ea4  trimLPO                             
00003eec  setupFlash                          
00003f2c  periphInit                          
00003f80  mapClocks                           
000040a8  systemInit                          
00004178  systemPowerDown                     
000041a8  systemGetConfigValue                
000045bc  tcmflashGetConfigValue              
00004768  sramGetConfigValue                  
00004970  vimInit                             
00004a44  vimChannelMap                       
00004ae8  vimEnableInterrupt                  
00004cb0  vimDisableInterrupt                 
00004d5c  vimGetConfigValue                   
000053c4  sciInit                             
00005598  sciSetFunctional                    
000055b8  sciSetBaudrate                      
00005654  sciIsTxReady                        
00005670  sciSendByte                         
000056a0  sciSend                             
000057d4  sciIsRxReady                        
000057f0  sciIsIdleDetected                   
0000580c  sciRxError                          
0000583c  sciReceiveByte                      
00005868  sciReceive                          
00005940  sciEnableLoopback                   
00005974  sciDisableLoopback                  
00005998  sciEnableNotification               
00005a00  sciDisableNotification              
00005a68  sciEnterResetState                  
00005a88  sciExitResetState                   
00005aa8  sciGetConfigValue                   
00005c00  scilinGetConfigValue                
00005df0  muxInit                             
0000628c  pinmuxGetConfigValue                
000066ac  rtiInit                             
000067a0  rtiStartCounter                     
000067cc  rtiStopCounter                      
000067f8  rtiResetCounter                     
0000685c  rtiSetPeriod                        
00006884  rtiGetPeriod                        
000068ac  rtiGetCurrentTick                   
00006938  dwdInit                             
00006960  dwwdInit                            
000069a8  dwwdGetCurrentDownCounter           
000069b4  dwdCounterEnable                    
000069c4  dwdSetPreload                       
000069e0  dwdReset                            
000069fc  dwdGenerateSysReset                 
00006a18  IsdwdKeySequenceCorrect             
00006a4c  dwdGetStatus                        
00006a80  dwdClearFlag                        
00006a90  dwdGetViolationStatus               
00006b18  rtiEnableNotification               
00006b40  rtiDisableNotification              
00006b5c  rtiGetConfigValue                   
00006ce4  esmInit                             
00006dec  esmError                            
00006e08  esmEnableError                      
00006e34  esmDisableError                     
00006e60  esmTriggerErrorPinReset             
00006e70  esmActivateNormalOperation          
00006e80  esmEnableInterrupt                  
00006eac  esmDisableInterrupt                 
00006ed8  esmSetInterruptLevel                
00006f54  esmClearStatus                      
00006fa0  esmClearStatusBuffer                
00006fbc  esmSetCounterPreloadValue           
00006fdc  esmGetStatus                        
00007068  esmGetStatusBuffer                  
000070a0  esmEnterSelfTest                    
00007128  esmSelfTestStatus                   
00007178  esmGetConfigValue                   
000072cc  sciHighLevelInterrupt               
0000749c  sciLowLevelInterrupt                
0000766c  linHighLevelInterrupt               
000078a0  gioInit                             
00007970  gioSetDirection                     
00007990  gioSetBit                           
000079e0  gioSetPort                          
00007a00  gioGetBit                           
00007a28  gioGetPort                          
00007a40  gioToggleBit                        
00007a98  gioEnableNotification               
00007b00  gioDisableNotification              
00007b68  gioGetConfigValue                   
00007d24  _coreInitRegisters_                 
00007e30  _coreInitStackPointer_              
00007e7c  _getCPSRValue_                      
00007e84  _gotoCPUIdle_                       
00007e9c  _coreEnableVfp_                     
00007eb4  _coreEnableEventBusExport_          
00007ec4  _coreDisableEventBusExport_         
00007ed4  _coreEnableRamEcc_                  
00007ee4  _coreDisableRamEcc_                 
00007ef4  _coreEnableFlashEcc_                
00007f08  _coreDisableFlashEcc_               
00007f18  _coreEnableIrqVicOffset_            
00007f28  _coreGetDataFault_                  
00007f30  _coreClearDataFault_                
00007f3c  _coreGetInstructionFault_           
00007f44  _coreClearInstructionFault_         
00007f50  _coreGetDataFaultAddress_           
00007f58  _coreClearDataFaultAddress_         
00007f64  _coreGetInstructionFaultAddress_    
00007f6c  _coreClearInstructionFaultAddress_  
00007f78  _coreGetAuxiliaryDataFault_         
00007f80  _coreClearAuxiliaryDataFault_       
00007f8c  _coreGetAuxiliaryInstructionFault_  
00007f94  _coreClearAuxiliaryInstructionFault_
00007fa0  _disable_interrupt_                 
00007fa8  _disable_FIQ_interrupt_             
00007fb0  _disable_IRQ_interrupt_             
00007fb8  _enable_interrupt_                  
00007fc0  _esmCcmErrorsClear_                 
00008048  _errata_CORTEXR4_57_                
00008058  _errata_CORTEXR4_66_                
00008068  __TI_PINIT_Base                     
0000806c  __TI_PINIT_Limit                    
00008070  vimParityErrorHandler               
0000833c  _c_int00                            
00008590  esmGroup1Notification               
000085a0  esmGroup2Notification               
000085b0  memoryPort0TestFailNotification     
000085cc  memoryPort1TestFailNotification     
000085e8  rtiNotification                     
00008604  adcNotification                     
00008618  canErrorNotification                
0000862c  canStatusChangeNotification         
00008640  canMessageNotification              
00008654  dccNotification                     
00008668  gioNotification                     
0000867c  mibspiNotification                  
00008690  mibspiGroupNotification             
000086a4  sciNotification                     
000086c4  pwmNotification                     
000086dc  edgeNotification                    
000086f0  hetNotification                     
00008704  crcNotification                     
00008718  etpwmNotification                   
00008728  etpwmTripNotification               
0000873c  eqepNotification                    
00008750  ecapNotification                    
00008764  dmaGroupANotification               
00008780  rtiCompare0Interrupt                
000087c8  rtiCompare1Interrupt                
00008810  rtiCompare2Interrupt                
00008858  rtiCompare3Interrupt                
000088a4  esmHighInterrupt                    
000089b8  _dabort                             
00008aa1  floor                               
00008aa1  floorl                              
00008b80  _pmuInit_                           
00008bcc  _pmuEnableCountersGlobal_           
00008bdc  _pmuDisableCountersGlobal_          
00008bec  _pmuResetCycleCounter_              
00008bfc  _pmuResetEventCounters_             
00008c0c  _pmuResetCounters_                  
00008c1c  _pmuStartCounters_                  
00008c24  _pmuStopCounters_                   
00008c2c  _pmuSetCountEvent_                  
00008c38  _pmuGetCycleCount_                  
00008c40  _pmuGetEventCount_                  
00008c4c  _pmuGetOverflow_                    
00008c61  __aeabi_memcpy                      
00008c61  __aeabi_memcpy4                     
00008c61  __aeabi_memcpy8                     
00008c61  memcpy                              
00008cfd  __aeabi_memclr                      
00008cfd  __aeabi_memclr4                     
00008cfd  __aeabi_memclr8                     
00008cff  __aeabi_memset                      
00008cff  __aeabi_memset4                     
00008cff  __aeabi_memset8                     
00008d05  memset                              
00008d77  __aeabi_idiv0                       
00008d79  __TI_auto_init                      
00008e53  _system_post_cinit                  
00008e54  __aeabi_idiv                        
00008e54  __aeabi_idivmod                     
00008ea9  C$$EXIT                             
00008ead  abort                               
00008eb5  exit                                
00008ef9  copy_in                             
00008f44  main                                
00008f8d  _register_unlock                    
00008f93  _register_lock                      
00008f9b  _nop                                
00008fa1  __TI_decompress_none                
00008faf  __TI_decompress_rle24               
00008fb4  phantomInterrupt                    
00008fb8  crc16_table                         
000093dc  __TI_Handler_Table_Base             
000093e4  __TI_CINIT_Base                     
000093e4  __TI_Handler_Table_Limit            
000093f4  __TI_CINIT_Limit                    
0800152c  __TI_cleanup_ptr                    
08001530  __TI_dtors_ptr                      
08001534  __TI_enable_exit_profile_output     
08001538  _lock                               
0800153c  _unlock                             
08001540  UART_RX_RDY                         
08001541  RTI_TIMEOUT                         
ffffffff  __TI_pprof_out_hndl                 
ffffffff  __TI_prof_data_size                 
ffffffff  __TI_prof_data_start                
ffffffff  __binit__                           
ffffffff  __c_args__                          
ffffffff  binit                               
UNDEFED   SHT$$INIT_ARRAY$$Base               
UNDEFED   SHT$$INIT_ARRAY$$Limit              

[283 symbols]
